[0.048s] DEBUG:colcon:Command line arguments: ['/usr/bin/colcon', 'build']
[0.048s] DEBUG:colcon:Parsed command line arguments: Namespace(log_base=None, log_level=None, verb_name='build', build_base='build', install_base='install', merge_install=False, symlink_install=False, test_result_base=None, continue_on_error=False, executor='parallel', parallel_workers=28, event_handlers=None, ignore_user_meta=False, metas=['./colcon.meta'], base_paths=['.'], packages_ignore=None, packages_ignore_regex=None, paths=None, packages_up_to=None, packages_up_to_regex=None, packages_above=None, packages_above_and_dependencies=None, packages_above_depth=None, packages_select_by_dep=None, packages_skip_by_dep=None, packages_skip_up_to=None, packages_select_build_failed=False, packages_skip_build_finished=False, packages_select_test_failures=False, packages_skip_test_passed=False, packages_select=None, packages_skip=None, packages_select_regex=None, packages_skip_regex=None, packages_start=None, packages_end=None, allow_overriding=[], cmake_args=None, cmake_target=None, cmake_target_skip_unavailable=False, cmake_clean_cache=False, cmake_clean_first=False, cmake_force_configure=False, ament_cmake_args=None, catkin_cmake_args=None, catkin_skip_building_tests=False, mixin_files=None, mixin=None, verb_parser=<colcon_mixin.mixin.mixin_argument.MixinArgumentDecorator object at 0x7d770917d610>, verb_extension=<colcon_core.verb.build.BuildVerb object at 0x7d77092ce180>, main=<bound method BuildVerb.main of <colcon_core.verb.build.BuildVerb object at 0x7d77092ce180>>, mixin_verb=('build',))
[0.065s] Level 1:colcon.colcon_core.package_discovery:discover_packages(colcon_meta) check parameters
[0.065s] Level 1:colcon.colcon_core.package_discovery:discover_packages(recursive) check parameters
[0.065s] Level 1:colcon.colcon_core.package_discovery:discover_packages(ignore) check parameters
[0.065s] Level 1:colcon.colcon_core.package_discovery:discover_packages(path) check parameters
[0.065s] Level 1:colcon.colcon_core.package_discovery:discover_packages(colcon_meta) discover
[0.065s] Level 1:colcon.colcon_core.package_discovery:discover_packages(recursive) discover
[0.065s] INFO:colcon.colcon_core.package_discovery:Crawling recursively for packages in '/home/ziad/base/mia-final-competition'
[0.065s] Level 1:colcon.colcon_core.package_identification:_identify(.) by extensions ['ignore', 'ignore_ament_install']
[0.065s] Level 1:colcon.colcon_core.package_identification:_identify(.) by extension 'ignore'
[0.065s] Level 1:colcon.colcon_core.package_identification:_identify(.) by extension 'ignore_ament_install'
[0.065s] Level 1:colcon.colcon_core.package_identification:_identify(.) by extensions ['colcon_pkg']
[0.066s] Level 1:colcon.colcon_core.package_identification:_identify(.) by extension 'colcon_pkg'
[0.066s] Level 1:colcon.colcon_core.package_identification:_identify(.) by extensions ['colcon_meta']
[0.066s] Level 1:colcon.colcon_core.package_identification:_identify(.) by extension 'colcon_meta'
[0.066s] Level 1:colcon.colcon_core.package_identification:_identify(.) by extensions ['ros']
[0.066s] Level 1:colcon.colcon_core.package_identification:_identify(.) by extension 'ros'
[0.078s] Level 1:colcon.colcon_core.package_identification:_identify(.) by extensions ['cmake', 'python']
[0.078s] Level 1:colcon.colcon_core.package_identification:_identify(.) by extension 'cmake'
[0.078s] Level 1:colcon.colcon_core.package_identification:_identify(.) by extension 'python'
[0.078s] Level 1:colcon.colcon_core.package_identification:_identify(.) by extensions ['python_setup_py']
[0.078s] Level 1:colcon.colcon_core.package_identification:_identify(.) by extension 'python_setup_py'
[0.078s] Level 1:colcon.colcon_core.package_identification:_identify(build) by extensions ['ignore', 'ignore_ament_install']
[0.078s] Level 1:colcon.colcon_core.package_identification:_identify(build) by extension 'ignore'
[0.078s] Level 1:colcon.colcon_core.package_identification:_identify(build) ignored
[0.078s] Level 1:colcon.colcon_core.package_identification:_identify(camera_drivers) by extensions ['ignore', 'ignore_ament_install']
[0.078s] Level 1:colcon.colcon_core.package_identification:_identify(camera_drivers) by extension 'ignore'
[0.078s] Level 1:colcon.colcon_core.package_identification:_identify(camera_drivers) by extension 'ignore_ament_install'
[0.078s] Level 1:colcon.colcon_core.package_identification:_identify(camera_drivers) by extensions ['colcon_pkg']
[0.078s] Level 1:colcon.colcon_core.package_identification:_identify(camera_drivers) by extension 'colcon_pkg'
[0.078s] Level 1:colcon.colcon_core.package_identification:_identify(camera_drivers) by extensions ['colcon_meta']
[0.078s] Level 1:colcon.colcon_core.package_identification:_identify(camera_drivers) by extension 'colcon_meta'
[0.078s] Level 1:colcon.colcon_core.package_identification:_identify(camera_drivers) by extensions ['ros']
[0.078s] Level 1:colcon.colcon_core.package_identification:_identify(camera_drivers) by extension 'ros'
[0.079s] DEBUG:colcon.colcon_core.package_identification:Package 'camera_drivers' with type 'ros.ament_python' and name 'camera_drivers'
[0.079s] Level 1:colcon.colcon_core.package_identification:_identify(car_nav2_mecanum) by extensions ['ignore', 'ignore_ament_install']
[0.079s] Level 1:colcon.colcon_core.package_identification:_identify(car_nav2_mecanum) by extension 'ignore'
[0.079s] Level 1:colcon.colcon_core.package_identification:_identify(car_nav2_mecanum) by extension 'ignore_ament_install'
[0.079s] Level 1:colcon.colcon_core.package_identification:_identify(car_nav2_mecanum) by extensions ['colcon_pkg']
[0.079s] Level 1:colcon.colcon_core.package_identification:_identify(car_nav2_mecanum) by extension 'colcon_pkg'
[0.079s] Level 1:colcon.colcon_core.package_identification:_identify(car_nav2_mecanum) by extensions ['colcon_meta']
[0.079s] Level 1:colcon.colcon_core.package_identification:_identify(car_nav2_mecanum) by extension 'colcon_meta'
[0.079s] Level 1:colcon.colcon_core.package_identification:_identify(car_nav2_mecanum) by extensions ['ros']
[0.079s] Level 1:colcon.colcon_core.package_identification:_identify(car_nav2_mecanum) by extension 'ros'
[0.080s] DEBUG:colcon.colcon_core.package_identification:Package 'car_nav2_mecanum' with type 'ros.ament_cmake' and name 'car_nav2_mecanum'
[0.080s] Level 1:colcon.colcon_core.package_identification:_identify(competetion_bringup) by extensions ['ignore', 'ignore_ament_install']
[0.080s] Level 1:colcon.colcon_core.package_identification:_identify(competetion_bringup) by extension 'ignore'
[0.080s] Level 1:colcon.colcon_core.package_identification:_identify(competetion_bringup) by extension 'ignore_ament_install'
[0.080s] Level 1:colcon.colcon_core.package_identification:_identify(competetion_bringup) by extensions ['colcon_pkg']
[0.080s] Level 1:colcon.colcon_core.package_identification:_identify(competetion_bringup) by extension 'colcon_pkg'
[0.080s] Level 1:colcon.colcon_core.package_identification:_identify(competetion_bringup) by extensions ['colcon_meta']
[0.080s] Level 1:colcon.colcon_core.package_identification:_identify(competetion_bringup) by extension 'colcon_meta'
[0.080s] Level 1:colcon.colcon_core.package_identification:_identify(competetion_bringup) by extensions ['ros']
[0.080s] Level 1:colcon.colcon_core.package_identification:_identify(competetion_bringup) by extension 'ros'
[0.080s] DEBUG:colcon.colcon_core.package_identification:Package 'competetion_bringup' with type 'ros.ament_python' and name 'competetion_bringup'
[0.080s] Level 1:colcon.colcon_core.package_identification:_identify(install) by extensions ['ignore', 'ignore_ament_install']
[0.080s] Level 1:colcon.colcon_core.package_identification:_identify(install) by extension 'ignore'
[0.080s] Level 1:colcon.colcon_core.package_identification:_identify(install) ignored
[0.080s] Level 1:colcon.colcon_core.package_identification:_identify(log) by extensions ['ignore', 'ignore_ament_install']
[0.080s] Level 1:colcon.colcon_core.package_identification:_identify(log) by extension 'ignore'
[0.080s] Level 1:colcon.colcon_core.package_identification:_identify(log) ignored
[0.080s] Level 1:colcon.colcon_core.package_identification:_identify(robot_kinematics_pkg) by extensions ['ignore', 'ignore_ament_install']
[0.080s] Level 1:colcon.colcon_core.package_identification:_identify(robot_kinematics_pkg) by extension 'ignore'
[0.080s] Level 1:colcon.colcon_core.package_identification:_identify(robot_kinematics_pkg) by extension 'ignore_ament_install'
[0.080s] Level 1:colcon.colcon_core.package_identification:_identify(robot_kinematics_pkg) by extensions ['colcon_pkg']
[0.080s] Level 1:colcon.colcon_core.package_identification:_identify(robot_kinematics_pkg) by extension 'colcon_pkg'
[0.080s] Level 1:colcon.colcon_core.package_identification:_identify(robot_kinematics_pkg) by extensions ['colcon_meta']
[0.080s] Level 1:colcon.colcon_core.package_identification:_identify(robot_kinematics_pkg) by extension 'colcon_meta'
[0.080s] Level 1:colcon.colcon_core.package_identification:_identify(robot_kinematics_pkg) by extensions ['ros']
[0.080s] Level 1:colcon.colcon_core.package_identification:_identify(robot_kinematics_pkg) by extension 'ros'
[0.080s] DEBUG:colcon.colcon_core.package_identification:Package 'robot_kinematics_pkg' with type 'ros.ament_python' and name 'robot_kinematics_pkg'
[0.080s] Level 1:colcon.colcon_core.package_identification:_identify(robot_navigator) by extensions ['ignore', 'ignore_ament_install']
[0.081s] Level 1:colcon.colcon_core.package_identification:_identify(robot_navigator) by extension 'ignore'
[0.081s] Level 1:colcon.colcon_core.package_identification:_identify(robot_navigator) by extension 'ignore_ament_install'
[0.081s] Level 1:colcon.colcon_core.package_identification:_identify(robot_navigator) by extensions ['colcon_pkg']
[0.081s] Level 1:colcon.colcon_core.package_identification:_identify(robot_navigator) by extension 'colcon_pkg'
[0.081s] Level 1:colcon.colcon_core.package_identification:_identify(robot_navigator) by extensions ['colcon_meta']
[0.081s] Level 1:colcon.colcon_core.package_identification:_identify(robot_navigator) by extension 'colcon_meta'
[0.081s] Level 1:colcon.colcon_core.package_identification:_identify(robot_navigator) by extensions ['ros']
[0.081s] Level 1:colcon.colcon_core.package_identification:_identify(robot_navigator) by extension 'ros'
[0.081s] DEBUG:colcon.colcon_core.package_identification:Package 'robot_navigator' with type 'ros.ament_python' and name 'robot_navigator'
[0.081s] Level 1:colcon.colcon_core.package_identification:_identify(srv_pkg) by extensions ['ignore', 'ignore_ament_install']
[0.081s] Level 1:colcon.colcon_core.package_identification:_identify(srv_pkg) by extension 'ignore'
[0.081s] Level 1:colcon.colcon_core.package_identification:_identify(srv_pkg) by extension 'ignore_ament_install'
[0.081s] Level 1:colcon.colcon_core.package_identification:_identify(srv_pkg) by extensions ['colcon_pkg']
[0.081s] Level 1:colcon.colcon_core.package_identification:_identify(srv_pkg) by extension 'colcon_pkg'
[0.081s] Level 1:colcon.colcon_core.package_identification:_identify(srv_pkg) by extensions ['colcon_meta']
[0.081s] Level 1:colcon.colcon_core.package_identification:_identify(srv_pkg) by extension 'colcon_meta'
[0.081s] Level 1:colcon.colcon_core.package_identification:_identify(srv_pkg) by extensions ['ros']
[0.081s] Level 1:colcon.colcon_core.package_identification:_identify(srv_pkg) by extension 'ros'
[0.081s] DEBUG:colcon.colcon_core.package_identification:Package 'srv_pkg' with type 'ros.ament_cmake' and name 'srv_pkg'
[0.081s] Level 1:colcon.colcon_core.package_discovery:discover_packages(recursive) using defaults
[0.081s] Level 1:colcon.colcon_core.package_discovery:discover_packages(ignore) discover
[0.081s] Level 1:colcon.colcon_core.package_discovery:discover_packages(ignore) using defaults
[0.081s] Level 1:colcon.colcon_core.package_discovery:discover_packages(path) discover
[0.081s] Level 1:colcon.colcon_core.package_discovery:discover_packages(path) using defaults
[0.090s] Level 1:colcon.colcon_core.package_discovery:discover_packages(prefix_path) check parameters
[0.090s] Level 1:colcon.colcon_core.package_discovery:discover_packages(prefix_path) discover
[0.091s] DEBUG:colcon.colcon_installed_package_information.package_discovery:Found 399 installed packages in /opt/ros/jazzy
[0.092s] Level 1:colcon.colcon_core.package_discovery:discover_packages(prefix_path) using defaults
[0.113s] Level 5:colcon.colcon_core.verb:set package 'camera_drivers' build argument 'cmake_args' from command line to 'None'
[0.113s] Level 5:colcon.colcon_core.verb:set package 'camera_drivers' build argument 'cmake_target' from command line to 'None'
[0.113s] Level 5:colcon.colcon_core.verb:set package 'camera_drivers' build argument 'cmake_target_skip_unavailable' from command line to 'False'
[0.113s] Level 5:colcon.colcon_core.verb:set package 'camera_drivers' build argument 'cmake_clean_cache' from command line to 'False'
[0.113s] Level 5:colcon.colcon_core.verb:set package 'camera_drivers' build argument 'cmake_clean_first' from command line to 'False'
[0.113s] Level 5:colcon.colcon_core.verb:set package 'camera_drivers' build argument 'cmake_force_configure' from command line to 'False'
[0.113s] Level 5:colcon.colcon_core.verb:set package 'camera_drivers' build argument 'ament_cmake_args' from command line to 'None'
[0.113s] Level 5:colcon.colcon_core.verb:set package 'camera_drivers' build argument 'catkin_cmake_args' from command line to 'None'
[0.113s] Level 5:colcon.colcon_core.verb:set package 'camera_drivers' build argument 'catkin_skip_building_tests' from command line to 'False'
[0.113s] DEBUG:colcon.colcon_core.verb:Building package 'camera_drivers' with the following arguments: {'ament_cmake_args': None, 'build_base': '/home/ziad/base/mia-final-competition/build/camera_drivers', 'catkin_cmake_args': None, 'catkin_skip_building_tests': False, 'cmake_args': None, 'cmake_clean_cache': False, 'cmake_clean_first': False, 'cmake_force_configure': False, 'cmake_target': None, 'cmake_target_skip_unavailable': False, 'install_base': '/home/ziad/base/mia-final-competition/install/camera_drivers', 'merge_install': False, 'path': '/home/ziad/base/mia-final-competition/camera_drivers', 'symlink_install': False, 'test_result_base': None}
[0.113s] Level 5:colcon.colcon_core.verb:set package 'car_nav2_mecanum' build argument 'cmake_args' from command line to 'None'
[0.113s] Level 5:colcon.colcon_core.verb:set package 'car_nav2_mecanum' build argument 'cmake_target' from command line to 'None'
[0.113s] Level 5:colcon.colcon_core.verb:set package 'car_nav2_mecanum' build argument 'cmake_target_skip_unavailable' from command line to 'False'
[0.113s] Level 5:colcon.colcon_core.verb:set package 'car_nav2_mecanum' build argument 'cmake_clean_cache' from command line to 'False'
[0.113s] Level 5:colcon.colcon_core.verb:set package 'car_nav2_mecanum' build argument 'cmake_clean_first' from command line to 'False'
[0.113s] Level 5:colcon.colcon_core.verb:set package 'car_nav2_mecanum' build argument 'cmake_force_configure' from command line to 'False'
[0.113s] Level 5:colcon.colcon_core.verb:set package 'car_nav2_mecanum' build argument 'ament_cmake_args' from command line to 'None'
[0.113s] Level 5:colcon.colcon_core.verb:set package 'car_nav2_mecanum' build argument 'catkin_cmake_args' from command line to 'None'
[0.113s] Level 5:colcon.colcon_core.verb:set package 'car_nav2_mecanum' build argument 'catkin_skip_building_tests' from command line to 'False'
[0.113s] DEBUG:colcon.colcon_core.verb:Building package 'car_nav2_mecanum' with the following arguments: {'ament_cmake_args': None, 'build_base': '/home/ziad/base/mia-final-competition/build/car_nav2_mecanum', 'catkin_cmake_args': None, 'catkin_skip_building_tests': False, 'cmake_args': None, 'cmake_clean_cache': False, 'cmake_clean_first': False, 'cmake_force_configure': False, 'cmake_target': None, 'cmake_target_skip_unavailable': False, 'install_base': '/home/ziad/base/mia-final-competition/install/car_nav2_mecanum', 'merge_install': False, 'path': '/home/ziad/base/mia-final-competition/car_nav2_mecanum', 'symlink_install': False, 'test_result_base': None}
[0.113s] Level 5:colcon.colcon_core.verb:set package 'competetion_bringup' build argument 'cmake_args' from command line to 'None'
[0.113s] Level 5:colcon.colcon_core.verb:set package 'competetion_bringup' build argument 'cmake_target' from command line to 'None'
[0.113s] Level 5:colcon.colcon_core.verb:set package 'competetion_bringup' build argument 'cmake_target_skip_unavailable' from command line to 'False'
[0.113s] Level 5:colcon.colcon_core.verb:set package 'competetion_bringup' build argument 'cmake_clean_cache' from command line to 'False'
[0.113s] Level 5:colcon.colcon_core.verb:set package 'competetion_bringup' build argument 'cmake_clean_first' from command line to 'False'
[0.113s] Level 5:colcon.colcon_core.verb:set package 'competetion_bringup' build argument 'cmake_force_configure' from command line to 'False'
[0.113s] Level 5:colcon.colcon_core.verb:set package 'competetion_bringup' build argument 'ament_cmake_args' from command line to 'None'
[0.113s] Level 5:colcon.colcon_core.verb:set package 'competetion_bringup' build argument 'catkin_cmake_args' from command line to 'None'
[0.113s] Level 5:colcon.colcon_core.verb:set package 'competetion_bringup' build argument 'catkin_skip_building_tests' from command line to 'False'
[0.113s] DEBUG:colcon.colcon_core.verb:Building package 'competetion_bringup' with the following arguments: {'ament_cmake_args': None, 'build_base': '/home/ziad/base/mia-final-competition/build/competetion_bringup', 'catkin_cmake_args': None, 'catkin_skip_building_tests': False, 'cmake_args': None, 'cmake_clean_cache': False, 'cmake_clean_first': False, 'cmake_force_configure': False, 'cmake_target': None, 'cmake_target_skip_unavailable': False, 'install_base': '/home/ziad/base/mia-final-competition/install/competetion_bringup', 'merge_install': False, 'path': '/home/ziad/base/mia-final-competition/competetion_bringup', 'symlink_install': False, 'test_result_base': None}
[0.114s] Level 5:colcon.colcon_core.verb:set package 'robot_kinematics_pkg' build argument 'cmake_args' from command line to 'None'
[0.114s] Level 5:colcon.colcon_core.verb:set package 'robot_kinematics_pkg' build argument 'cmake_target' from command line to 'None'
[0.114s] Level 5:colcon.colcon_core.verb:set package 'robot_kinematics_pkg' build argument 'cmake_target_skip_unavailable' from command line to 'False'
[0.114s] Level 5:colcon.colcon_core.verb:set package 'robot_kinematics_pkg' build argument 'cmake_clean_cache' from command line to 'False'
[0.114s] Level 5:colcon.colcon_core.verb:set package 'robot_kinematics_pkg' build argument 'cmake_clean_first' from command line to 'False'
[0.114s] Level 5:colcon.colcon_core.verb:set package 'robot_kinematics_pkg' build argument 'cmake_force_configure' from command line to 'False'
[0.114s] Level 5:colcon.colcon_core.verb:set package 'robot_kinematics_pkg' build argument 'ament_cmake_args' from command line to 'None'
[0.114s] Level 5:colcon.colcon_core.verb:set package 'robot_kinematics_pkg' build argument 'catkin_cmake_args' from command line to 'None'
[0.114s] Level 5:colcon.colcon_core.verb:set package 'robot_kinematics_pkg' build argument 'catkin_skip_building_tests' from command line to 'False'
[0.114s] DEBUG:colcon.colcon_core.verb:Building package 'robot_kinematics_pkg' with the following arguments: {'ament_cmake_args': None, 'build_base': '/home/ziad/base/mia-final-competition/build/robot_kinematics_pkg', 'catkin_cmake_args': None, 'catkin_skip_building_tests': False, 'cmake_args': None, 'cmake_clean_cache': False, 'cmake_clean_first': False, 'cmake_force_configure': False, 'cmake_target': None, 'cmake_target_skip_unavailable': False, 'install_base': '/home/ziad/base/mia-final-competition/install/robot_kinematics_pkg', 'merge_install': False, 'path': '/home/ziad/base/mia-final-competition/robot_kinematics_pkg', 'symlink_install': False, 'test_result_base': None}
[0.114s] Level 5:colcon.colcon_core.verb:set package 'robot_navigator' build argument 'cmake_args' from command line to 'None'
[0.114s] Level 5:colcon.colcon_core.verb:set package 'robot_navigator' build argument 'cmake_target' from command line to 'None'
[0.114s] Level 5:colcon.colcon_core.verb:set package 'robot_navigator' build argument 'cmake_target_skip_unavailable' from command line to 'False'
[0.114s] Level 5:colcon.colcon_core.verb:set package 'robot_navigator' build argument 'cmake_clean_cache' from command line to 'False'
[0.114s] Level 5:colcon.colcon_core.verb:set package 'robot_navigator' build argument 'cmake_clean_first' from command line to 'False'
[0.114s] Level 5:colcon.colcon_core.verb:set package 'robot_navigator' build argument 'cmake_force_configure' from command line to 'False'
[0.114s] Level 5:colcon.colcon_core.verb:set package 'robot_navigator' build argument 'ament_cmake_args' from command line to 'None'
[0.114s] Level 5:colcon.colcon_core.verb:set package 'robot_navigator' build argument 'catkin_cmake_args' from command line to 'None'
[0.114s] Level 5:colcon.colcon_core.verb:set package 'robot_navigator' build argument 'catkin_skip_building_tests' from command line to 'False'
[0.114s] DEBUG:colcon.colcon_core.verb:Building package 'robot_navigator' with the following arguments: {'ament_cmake_args': None, 'build_base': '/home/ziad/base/mia-final-competition/build/robot_navigator', 'catkin_cmake_args': None, 'catkin_skip_building_tests': False, 'cmake_args': None, 'cmake_clean_cache': False, 'cmake_clean_first': False, 'cmake_force_configure': False, 'cmake_target': None, 'cmake_target_skip_unavailable': False, 'install_base': '/home/ziad/base/mia-final-competition/install/robot_navigator', 'merge_install': False, 'path': '/home/ziad/base/mia-final-competition/robot_navigator', 'symlink_install': False, 'test_result_base': None}
[0.114s] Level 5:colcon.colcon_core.verb:set package 'srv_pkg' build argument 'cmake_args' from command line to 'None'
[0.114s] Level 5:colcon.colcon_core.verb:set package 'srv_pkg' build argument 'cmake_target' from command line to 'None'
[0.114s] Level 5:colcon.colcon_core.verb:set package 'srv_pkg' build argument 'cmake_target_skip_unavailable' from command line to 'False'
[0.114s] Level 5:colcon.colcon_core.verb:set package 'srv_pkg' build argument 'cmake_clean_cache' from command line to 'False'
[0.114s] Level 5:colcon.colcon_core.verb:set package 'srv_pkg' build argument 'cmake_clean_first' from command line to 'False'
[0.114s] Level 5:colcon.colcon_core.verb:set package 'srv_pkg' build argument 'cmake_force_configure' from command line to 'False'
[0.114s] Level 5:colcon.colcon_core.verb:set package 'srv_pkg' build argument 'ament_cmake_args' from command line to 'None'
[0.114s] Level 5:colcon.colcon_core.verb:set package 'srv_pkg' build argument 'catkin_cmake_args' from command line to 'None'
[0.114s] Level 5:colcon.colcon_core.verb:set package 'srv_pkg' build argument 'catkin_skip_building_tests' from command line to 'False'
[0.114s] DEBUG:colcon.colcon_core.verb:Building package 'srv_pkg' with the following arguments: {'ament_cmake_args': None, 'build_base': '/home/ziad/base/mia-final-competition/build/srv_pkg', 'catkin_cmake_args': None, 'catkin_skip_building_tests': False, 'cmake_args': None, 'cmake_clean_cache': False, 'cmake_clean_first': False, 'cmake_force_configure': False, 'cmake_target': None, 'cmake_target_skip_unavailable': False, 'install_base': '/home/ziad/base/mia-final-competition/install/srv_pkg', 'merge_install': False, 'path': '/home/ziad/base/mia-final-competition/srv_pkg', 'symlink_install': False, 'test_result_base': None}
[0.114s] INFO:colcon.colcon_core.executor:Executing jobs using 'parallel' executor
[0.115s] DEBUG:colcon.colcon_parallel_executor.executor.parallel:run_until_complete
[0.115s] INFO:colcon.colcon_ros.task.ament_python.build:Building ROS package in '/home/ziad/base/mia-final-competition/camera_drivers' with build type 'ament_python'
[0.115s] Level 1:colcon.colcon_core.shell:create_environment_hook('camera_drivers', 'ament_prefix_path')
[0.116s] INFO:colcon.colcon_core.plugin_system:Skipping extension 'colcon_core.shell.bat': Not used on non-Windows systems
[0.116s] INFO:colcon.colcon_core.shell:Creating environment hook '/home/ziad/base/mia-final-competition/install/camera_drivers/share/camera_drivers/hook/ament_prefix_path.ps1'
[0.116s] INFO:colcon.colcon_core.shell:Creating environment descriptor '/home/ziad/base/mia-final-competition/install/camera_drivers/share/camera_drivers/hook/ament_prefix_path.dsv'
[0.116s] INFO:colcon.colcon_core.shell:Creating environment hook '/home/ziad/base/mia-final-competition/install/camera_drivers/share/camera_drivers/hook/ament_prefix_path.sh'
[0.116s] INFO:colcon.colcon_core.shell:Skip shell extension 'powershell' for command environment: Not usable outside of PowerShell
[0.116s] DEBUG:colcon.colcon_core.shell:Skip shell extension 'dsv' for command environment
[0.118s] INFO:colcon.colcon_ros.task.ament_cmake.build:Building ROS package in '/home/ziad/base/mia-final-competition/car_nav2_mecanum' with build type 'ament_cmake'
[0.118s] INFO:colcon.colcon_cmake.task.cmake.build:Building CMake package in '/home/ziad/base/mia-final-competition/car_nav2_mecanum'
[0.118s] INFO:colcon.colcon_core.shell:Skip shell extension 'powershell' for command environment: Not usable outside of PowerShell
[0.118s] DEBUG:colcon.colcon_core.shell:Skip shell extension 'dsv' for command environment
[0.120s] INFO:colcon.colcon_ros.task.ament_python.build:Building ROS package in '/home/ziad/base/mia-final-competition/competetion_bringup' with build type 'ament_python'
[0.120s] Level 1:colcon.colcon_core.shell:create_environment_hook('competetion_bringup', 'ament_prefix_path')
[0.120s] INFO:colcon.colcon_core.shell:Creating environment hook '/home/ziad/base/mia-final-competition/install/competetion_bringup/share/competetion_bringup/hook/ament_prefix_path.ps1'
[0.120s] INFO:colcon.colcon_core.shell:Creating environment descriptor '/home/ziad/base/mia-final-competition/install/competetion_bringup/share/competetion_bringup/hook/ament_prefix_path.dsv'
[0.120s] INFO:colcon.colcon_core.shell:Creating environment hook '/home/ziad/base/mia-final-competition/install/competetion_bringup/share/competetion_bringup/hook/ament_prefix_path.sh'
[0.120s] INFO:colcon.colcon_core.shell:Skip shell extension 'powershell' for command environment: Not usable outside of PowerShell
[0.120s] DEBUG:colcon.colcon_core.shell:Skip shell extension 'dsv' for command environment
[0.122s] INFO:colcon.colcon_ros.task.ament_python.build:Building ROS package in '/home/ziad/base/mia-final-competition/robot_kinematics_pkg' with build type 'ament_python'
[0.122s] Level 1:colcon.colcon_core.shell:create_environment_hook('robot_kinematics_pkg', 'ament_prefix_path')
[0.122s] INFO:colcon.colcon_core.shell:Creating environment hook '/home/ziad/base/mia-final-competition/install/robot_kinematics_pkg/share/robot_kinematics_pkg/hook/ament_prefix_path.ps1'
[0.122s] INFO:colcon.colcon_core.shell:Creating environment descriptor '/home/ziad/base/mia-final-competition/install/robot_kinematics_pkg/share/robot_kinematics_pkg/hook/ament_prefix_path.dsv'
[0.122s] INFO:colcon.colcon_core.shell:Creating environment hook '/home/ziad/base/mia-final-competition/install/robot_kinematics_pkg/share/robot_kinematics_pkg/hook/ament_prefix_path.sh'
[0.122s] INFO:colcon.colcon_core.shell:Skip shell extension 'powershell' for command environment: Not usable outside of PowerShell
[0.122s] DEBUG:colcon.colcon_core.shell:Skip shell extension 'dsv' for command environment
[0.124s] INFO:colcon.colcon_ros.task.ament_python.build:Building ROS package in '/home/ziad/base/mia-final-competition/robot_navigator' with build type 'ament_python'
[0.124s] Level 1:colcon.colcon_core.shell:create_environment_hook('robot_navigator', 'ament_prefix_path')
[0.124s] INFO:colcon.colcon_core.shell:Creating environment hook '/home/ziad/base/mia-final-competition/install/robot_navigator/share/robot_navigator/hook/ament_prefix_path.ps1'
[0.124s] INFO:colcon.colcon_core.shell:Creating environment descriptor '/home/ziad/base/mia-final-competition/install/robot_navigator/share/robot_navigator/hook/ament_prefix_path.dsv'
[0.124s] INFO:colcon.colcon_core.shell:Creating environment hook '/home/ziad/base/mia-final-competition/install/robot_navigator/share/robot_navigator/hook/ament_prefix_path.sh'
[0.124s] INFO:colcon.colcon_core.shell:Skip shell extension 'powershell' for command environment: Not usable outside of PowerShell
[0.124s] DEBUG:colcon.colcon_core.shell:Skip shell extension 'dsv' for command environment
[0.125s] INFO:colcon.colcon_ros.task.ament_cmake.build:Building ROS package in '/home/ziad/base/mia-final-competition/srv_pkg' with build type 'ament_cmake'
[0.126s] INFO:colcon.colcon_cmake.task.cmake.build:Building CMake package in '/home/ziad/base/mia-final-competition/srv_pkg'
[0.126s] INFO:colcon.colcon_core.shell:Skip shell extension 'powershell' for command environment: Not usable outside of PowerShell
[0.126s] DEBUG:colcon.colcon_core.shell:Skip shell extension 'dsv' for command environment
[0.230s] INFO:colcon.colcon_core.task.python.build:Building Python package in '/home/ziad/base/mia-final-competition/camera_drivers'
[0.230s] INFO:colcon.colcon_core.shell:Skip shell extension 'powershell' for command environment: Not usable outside of PowerShell
[0.230s] DEBUG:colcon.colcon_core.shell:Skip shell extension 'dsv' for command environment
[0.233s] DEBUG:colcon.colcon_core.event_handler.log_command:Invoking command in '/home/ziad/base/mia-final-competition/build/car_nav2_mecanum': CMAKE_PREFIX_PATH=${CMAKE_PREFIX_PATH}:/opt/ros/jazzy DEBUGINFOD_URLS=https://debuginfod.ubuntu.com /usr/bin/cmake /home/ziad/base/mia-final-competition/car_nav2_mecanum -DCMAKE_INSTALL_PREFIX=/home/ziad/base/mia-final-competition/install/car_nav2_mecanum
[0.338s] INFO:colcon.colcon_core.task.python.build:Building Python package in '/home/ziad/base/mia-final-competition/competetion_bringup'
[0.338s] INFO:colcon.colcon_core.shell:Skip shell extension 'powershell' for command environment: Not usable outside of PowerShell
[0.338s] DEBUG:colcon.colcon_core.shell:Skip shell extension 'dsv' for command environment
[0.437s] INFO:colcon.colcon_core.task.python.build:Building Python package in '/home/ziad/base/mia-final-competition/robot_kinematics_pkg'
[0.437s] INFO:colcon.colcon_core.shell:Skip shell extension 'powershell' for command environment: Not usable outside of PowerShell
[0.437s] DEBUG:colcon.colcon_core.shell:Skip shell extension 'dsv' for command environment
[0.537s] INFO:colcon.colcon_core.task.python.build:Building Python package in '/home/ziad/base/mia-final-competition/robot_navigator'
[0.537s] INFO:colcon.colcon_core.shell:Skip shell extension 'powershell' for command environment: Not usable outside of PowerShell
[0.537s] DEBUG:colcon.colcon_core.shell:Skip shell extension 'dsv' for command environment
[0.542s] DEBUG:colcon.colcon_core.event_handler.log_command:Invoking command in '/home/ziad/base/mia-final-competition/build/srv_pkg': CMAKE_PREFIX_PATH=${CMAKE_PREFIX_PATH}:/opt/ros/jazzy DEBUGINFOD_URLS=https://debuginfod.ubuntu.com /usr/bin/cmake /home/ziad/base/mia-final-competition/srv_pkg -DCMAKE_INSTALL_PREFIX=/home/ziad/base/mia-final-competition/install/srv_pkg
[0.779s] DEBUG:colcon.colcon_core.event_handler.log_command:Invoked command in '/home/ziad/base/mia-final-competition/build/car_nav2_mecanum' returned '0': CMAKE_PREFIX_PATH=${CMAKE_PREFIX_PATH}:/opt/ros/jazzy DEBUGINFOD_URLS=https://debuginfod.ubuntu.com /usr/bin/cmake /home/ziad/base/mia-final-competition/car_nav2_mecanum -DCMAKE_INSTALL_PREFIX=/home/ziad/base/mia-final-competition/install/car_nav2_mecanum
[0.779s] DEBUG:colcon.colcon_core.event_handler.log_command:Invoking command in '/home/ziad/base/mia-final-competition/build/car_nav2_mecanum': CMAKE_PREFIX_PATH=${CMAKE_PREFIX_PATH}:/opt/ros/jazzy DEBUGINFOD_URLS=https://debuginfod.ubuntu.com /usr/bin/cmake --build /home/ziad/base/mia-final-competition/build/car_nav2_mecanum -- -j28 -l28
[0.810s] DEBUG:colcon.colcon_core.event_handler.log_command:Invoked command in '/home/ziad/base/mia-final-competition/build/car_nav2_mecanum' returned '0': CMAKE_PREFIX_PATH=${CMAKE_PREFIX_PATH}:/opt/ros/jazzy DEBUGINFOD_URLS=https://debuginfod.ubuntu.com /usr/bin/cmake --build /home/ziad/base/mia-final-competition/build/car_nav2_mecanum -- -j28 -l28
[0.819s] DEBUG:colcon.colcon_core.event_handler.log_command:Invoking command in '/home/ziad/base/mia-final-competition/build/car_nav2_mecanum': CMAKE_PREFIX_PATH=${CMAKE_PREFIX_PATH}:/opt/ros/jazzy DEBUGINFOD_URLS=https://debuginfod.ubuntu.com /usr/bin/cmake --install /home/ziad/base/mia-final-competition/build/car_nav2_mecanum
[0.830s] DEBUG:colcon.colcon_core.task.python.build:Available setuptools commands: install_headers, install_egg_info, build, init_catalog, rotate, bdist_dumb, develop, bdist_egg, upload, egg_info, bdist, check, build_clib, extract_messages, setopt, dist_info, build_scripts, build_ext, install_scripts, editable_wheel, compile_catalog, update_catalog, register, install_lib, saveopts, upload_docs, symlink_data, clean, sdist, easy_install, test, install, bdist_rpm, install_data, alias, build_py
[0.832s] DEBUG:colcon.colcon_core.event_handler.log_command:Invoking command in '/home/ziad/base/mia-final-competition/competetion_bringup': DEBUGINFOD_URLS=https://debuginfod.ubuntu.com PYTHONPATH=/home/ziad/base/mia-final-competition/build/competetion_bringup/prefix_override:/usr/lib/python3/dist-packages/colcon_core/task/python/colcon_distutils_commands:/home/ziad/base/mia-final-competition/install/competetion_bringup/lib/python3.12/site-packages:${PYTHONPATH} /usr/bin/python3 -W ignore:setup.py install is deprecated -W ignore:easy_install command is deprecated setup.py egg_info --egg-base ../build/competetion_bringup build --build-base /home/ziad/base/mia-final-competition/build/competetion_bringup/build install --record /home/ziad/base/mia-final-competition/build/competetion_bringup/install.log --install-scripts $base/lib/competetion_bringup --single-version-externally-managed install_data
[0.834s] Level 1:colcon.colcon_core.environment:create_environment_scripts_only(car_nav2_mecanum)
[0.835s] DEBUG:colcon.colcon_core.event_handler.log_command:Invoked command in '/home/ziad/base/mia-final-competition/build/car_nav2_mecanum' returned '0': CMAKE_PREFIX_PATH=${CMAKE_PREFIX_PATH}:/opt/ros/jazzy DEBUGINFOD_URLS=https://debuginfod.ubuntu.com /usr/bin/cmake --install /home/ziad/base/mia-final-competition/build/car_nav2_mecanum
[0.836s] Level 1:colcon.colcon_core.environment:checking '/home/ziad/base/mia-final-competition/install/car_nav2_mecanum' for CMake module files
[0.836s] Level 1:colcon.colcon_core.environment:checking '/home/ziad/base/mia-final-competition/install/car_nav2_mecanum' for CMake config files
[0.836s] Level 1:colcon.colcon_core.shell:create_environment_hook('car_nav2_mecanum', 'cmake_prefix_path')
[0.836s] INFO:colcon.colcon_core.shell:Creating environment hook '/home/ziad/base/mia-final-competition/install/car_nav2_mecanum/share/car_nav2_mecanum/hook/cmake_prefix_path.ps1'
[0.837s] INFO:colcon.colcon_core.shell:Creating environment descriptor '/home/ziad/base/mia-final-competition/install/car_nav2_mecanum/share/car_nav2_mecanum/hook/cmake_prefix_path.dsv'
[0.837s] INFO:colcon.colcon_core.shell:Creating environment hook '/home/ziad/base/mia-final-competition/install/car_nav2_mecanum/share/car_nav2_mecanum/hook/cmake_prefix_path.sh'
[0.837s] Level 1:colcon.colcon_core.environment:checking '/home/ziad/base/mia-final-competition/install/car_nav2_mecanum/bin'
[0.837s] Level 1:colcon.colcon_core.environment:checking '/home/ziad/base/mia-final-competition/install/car_nav2_mecanum/lib/pkgconfig/car_nav2_mecanum.pc'
[0.837s] Level 1:colcon.colcon_core.environment:checking '/home/ziad/base/mia-final-competition/install/car_nav2_mecanum/lib/python3.12/site-packages'
[0.838s] Level 1:colcon.colcon_core.environment:checking '/home/ziad/base/mia-final-competition/install/car_nav2_mecanum/bin'
[0.838s] INFO:colcon.colcon_core.shell:Creating package script '/home/ziad/base/mia-final-competition/install/car_nav2_mecanum/share/car_nav2_mecanum/package.ps1'
[0.839s] INFO:colcon.colcon_core.shell:Creating package descriptor '/home/ziad/base/mia-final-competition/install/car_nav2_mecanum/share/car_nav2_mecanum/package.dsv'
[0.839s] INFO:colcon.colcon_core.shell:Creating package script '/home/ziad/base/mia-final-competition/install/car_nav2_mecanum/share/car_nav2_mecanum/package.sh'
[0.839s] INFO:colcon.colcon_core.shell:Creating package script '/home/ziad/base/mia-final-competition/install/car_nav2_mecanum/share/car_nav2_mecanum/package.bash'
[0.839s] INFO:colcon.colcon_core.shell:Creating package script '/home/ziad/base/mia-final-competition/install/car_nav2_mecanum/share/car_nav2_mecanum/package.zsh'
[0.840s] Level 1:colcon.colcon_core.environment:create_file_with_runtime_dependencies(/home/ziad/base/mia-final-competition/install/car_nav2_mecanum/share/colcon-core/packages/car_nav2_mecanum)
[0.840s] Level 1:colcon.colcon_core.environment:create_environment_scripts_only(car_nav2_mecanum)
[0.840s] Level 1:colcon.colcon_core.environment:checking '/home/ziad/base/mia-final-competition/install/car_nav2_mecanum' for CMake module files
[0.840s] Level 1:colcon.colcon_core.environment:checking '/home/ziad/base/mia-final-competition/install/car_nav2_mecanum' for CMake config files
[0.840s] Level 1:colcon.colcon_core.shell:create_environment_hook('car_nav2_mecanum', 'cmake_prefix_path')
[0.841s] INFO:colcon.colcon_core.shell:Creating environment hook '/home/ziad/base/mia-final-competition/install/car_nav2_mecanum/share/car_nav2_mecanum/hook/cmake_prefix_path.ps1'
[0.841s] INFO:colcon.colcon_core.shell:Creating environment descriptor '/home/ziad/base/mia-final-competition/install/car_nav2_mecanum/share/car_nav2_mecanum/hook/cmake_prefix_path.dsv'
[0.841s] INFO:colcon.colcon_core.shell:Creating environment hook '/home/ziad/base/mia-final-competition/install/car_nav2_mecanum/share/car_nav2_mecanum/hook/cmake_prefix_path.sh'
[0.841s] Level 1:colcon.colcon_core.environment:checking '/home/ziad/base/mia-final-competition/install/car_nav2_mecanum/bin'
[0.841s] Level 1:colcon.colcon_core.environment:checking '/home/ziad/base/mia-final-competition/install/car_nav2_mecanum/lib/pkgconfig/car_nav2_mecanum.pc'
[0.841s] Level 1:colcon.colcon_core.environment:checking '/home/ziad/base/mia-final-competition/install/car_nav2_mecanum/lib/python3.12/site-packages'
[0.841s] Level 1:colcon.colcon_core.environment:checking '/home/ziad/base/mia-final-competition/install/car_nav2_mecanum/bin'
[0.842s] INFO:colcon.colcon_core.shell:Creating package script '/home/ziad/base/mia-final-competition/install/car_nav2_mecanum/share/car_nav2_mecanum/package.ps1'
[0.842s] INFO:colcon.colcon_core.shell:Creating package descriptor '/home/ziad/base/mia-final-competition/install/car_nav2_mecanum/share/car_nav2_mecanum/package.dsv'
[0.857s] INFO:colcon.colcon_core.shell:Creating package script '/home/ziad/base/mia-final-competition/install/car_nav2_mecanum/share/car_nav2_mecanum/package.sh'
[0.857s] INFO:colcon.colcon_core.shell:Creating package script '/home/ziad/base/mia-final-competition/install/car_nav2_mecanum/share/car_nav2_mecanum/package.bash'
[0.857s] INFO:colcon.colcon_core.shell:Creating package script '/home/ziad/base/mia-final-competition/install/car_nav2_mecanum/share/car_nav2_mecanum/package.zsh'
[0.858s] Level 1:colcon.colcon_core.environment:create_file_with_runtime_dependencies(/home/ziad/base/mia-final-competition/install/car_nav2_mecanum/share/colcon-core/packages/car_nav2_mecanum)
[0.858s] DEBUG:colcon.colcon_core.task.python.build:Available setuptools commands: install_headers, install_egg_info, build, init_catalog, rotate, bdist_dumb, develop, bdist_egg, upload, egg_info, bdist, check, build_clib, extract_messages, setopt, dist_info, build_scripts, build_ext, install_scripts, editable_wheel, compile_catalog, update_catalog, register, install_lib, saveopts, upload_docs, symlink_data, clean, sdist, easy_install, test, install, bdist_rpm, install_data, alias, build_py
[0.859s] DEBUG:colcon.colcon_core.event_handler.log_command:Invoking command in '/home/ziad/base/mia-final-competition/robot_kinematics_pkg': DEBUGINFOD_URLS=https://debuginfod.ubuntu.com PYTHONPATH=/home/ziad/base/mia-final-competition/build/robot_kinematics_pkg/prefix_override:/usr/lib/python3/dist-packages/colcon_core/task/python/colcon_distutils_commands:/home/ziad/base/mia-final-competition/install/robot_kinematics_pkg/lib/python3.12/site-packages:${PYTHONPATH} /usr/bin/python3 -W ignore:setup.py install is deprecated -W ignore:easy_install command is deprecated setup.py egg_info --egg-base ../build/robot_kinematics_pkg build --build-base /home/ziad/base/mia-final-competition/build/robot_kinematics_pkg/build install --record /home/ziad/base/mia-final-competition/build/robot_kinematics_pkg/install.log --install-scripts $base/lib/robot_kinematics_pkg --single-version-externally-managed install_data
[0.859s] DEBUG:colcon.colcon_core.task.python.build:Available setuptools commands: install_headers, install_egg_info, build, init_catalog, rotate, bdist_dumb, develop, bdist_egg, upload, egg_info, bdist, check, build_clib, extract_messages, setopt, dist_info, build_scripts, build_ext, install_scripts, editable_wheel, compile_catalog, update_catalog, register, install_lib, saveopts, upload_docs, symlink_data, clean, sdist, easy_install, test, install, bdist_rpm, install_data, alias, build_py
[0.860s] DEBUG:colcon.colcon_core.event_handler.log_command:Invoking command in '/home/ziad/base/mia-final-competition/camera_drivers': DEBUGINFOD_URLS=https://debuginfod.ubuntu.com PYTHONPATH=/home/ziad/base/mia-final-competition/build/camera_drivers/prefix_override:/usr/lib/python3/dist-packages/colcon_core/task/python/colcon_distutils_commands:/home/ziad/base/mia-final-competition/install/camera_drivers/lib/python3.12/site-packages:${PYTHONPATH} /usr/bin/python3 -W ignore:setup.py install is deprecated -W ignore:easy_install command is deprecated setup.py egg_info --egg-base ../build/camera_drivers build --build-base /home/ziad/base/mia-final-competition/build/camera_drivers/build install --record /home/ziad/base/mia-final-competition/build/camera_drivers/install.log --install-scripts $base/lib/camera_drivers --single-version-externally-managed install_data
[0.872s] DEBUG:colcon.colcon_core.task.python.build:Available setuptools commands: install_headers, install_egg_info, build, init_catalog, rotate, bdist_dumb, develop, bdist_egg, upload, egg_info, bdist, check, build_clib, extract_messages, setopt, dist_info, build_scripts, build_ext, install_scripts, editable_wheel, compile_catalog, update_catalog, register, install_lib, saveopts, upload_docs, symlink_data, clean, sdist, easy_install, test, install, bdist_rpm, install_data, alias, build_py
[0.873s] DEBUG:colcon.colcon_core.event_handler.log_command:Invoking command in '/home/ziad/base/mia-final-competition/robot_navigator': DEBUGINFOD_URLS=https://debuginfod.ubuntu.com PYTHONPATH=/home/ziad/base/mia-final-competition/build/robot_navigator/prefix_override:/usr/lib/python3/dist-packages/colcon_core/task/python/colcon_distutils_commands:/home/ziad/base/mia-final-competition/install/robot_navigator/lib/python3.12/site-packages:${PYTHONPATH} /usr/bin/python3 -W ignore:setup.py install is deprecated -W ignore:easy_install command is deprecated setup.py egg_info --egg-base ../build/robot_navigator build --build-base /home/ziad/base/mia-final-competition/build/robot_navigator/build install --record /home/ziad/base/mia-final-competition/build/robot_navigator/install.log --install-scripts $base/lib/robot_navigator --single-version-externally-managed install_data
[1.097s] Level 1:colcon.colcon_core.environment:checking '/home/ziad/base/mia-final-competition/install/competetion_bringup' for CMake module files
[1.097s] DEBUG:colcon.colcon_core.event_handler.log_command:Invoked command in '/home/ziad/base/mia-final-competition/competetion_bringup' returned '0': DEBUGINFOD_URLS=https://debuginfod.ubuntu.com PYTHONPATH=/home/ziad/base/mia-final-competition/build/competetion_bringup/prefix_override:/usr/lib/python3/dist-packages/colcon_core/task/python/colcon_distutils_commands:/home/ziad/base/mia-final-competition/install/competetion_bringup/lib/python3.12/site-packages:${PYTHONPATH} /usr/bin/python3 -W ignore:setup.py install is deprecated -W ignore:easy_install command is deprecated setup.py egg_info --egg-base ../build/competetion_bringup build --build-base /home/ziad/base/mia-final-competition/build/competetion_bringup/build install --record /home/ziad/base/mia-final-competition/build/competetion_bringup/install.log --install-scripts $base/lib/competetion_bringup --single-version-externally-managed install_data
[1.098s] Level 1:colcon.colcon_core.environment:checking '/home/ziad/base/mia-final-competition/install/competetion_bringup' for CMake config files
[1.098s] Level 1:colcon.colcon_core.environment:checking '/home/ziad/base/mia-final-competition/install/competetion_bringup/lib'
[1.098s] Level 1:colcon.colcon_core.environment:checking '/home/ziad/base/mia-final-competition/install/competetion_bringup/bin'
[1.098s] Level 1:colcon.colcon_core.environment:checking '/home/ziad/base/mia-final-competition/install/competetion_bringup/lib/pkgconfig/competetion_bringup.pc'
[1.098s] Level 1:colcon.colcon_core.environment:checking '/home/ziad/base/mia-final-competition/install/competetion_bringup/lib/python3.12/site-packages'
[1.098s] Level 1:colcon.colcon_core.shell:create_environment_hook('competetion_bringup', 'pythonpath')
[1.098s] INFO:colcon.colcon_core.shell:Creating environment hook '/home/ziad/base/mia-final-competition/install/competetion_bringup/share/competetion_bringup/hook/pythonpath.ps1'
[1.099s] INFO:colcon.colcon_core.shell:Creating environment descriptor '/home/ziad/base/mia-final-competition/install/competetion_bringup/share/competetion_bringup/hook/pythonpath.dsv'
[1.099s] INFO:colcon.colcon_core.shell:Creating environment hook '/home/ziad/base/mia-final-competition/install/competetion_bringup/share/competetion_bringup/hook/pythonpath.sh'
[1.099s] Level 1:colcon.colcon_core.environment:checking '/home/ziad/base/mia-final-competition/install/competetion_bringup/bin'
[1.099s] Level 1:colcon.colcon_core.environment:create_environment_scripts_only(competetion_bringup)
[1.099s] INFO:colcon.colcon_core.shell:Creating package script '/home/ziad/base/mia-final-competition/install/competetion_bringup/share/competetion_bringup/package.ps1'
[1.100s] INFO:colcon.colcon_core.shell:Creating package descriptor '/home/ziad/base/mia-final-competition/install/competetion_bringup/share/competetion_bringup/package.dsv'
[1.100s] INFO:colcon.colcon_core.shell:Creating package script '/home/ziad/base/mia-final-competition/install/competetion_bringup/share/competetion_bringup/package.sh'
[1.100s] INFO:colcon.colcon_core.shell:Creating package script '/home/ziad/base/mia-final-competition/install/competetion_bringup/share/competetion_bringup/package.bash'
[1.100s] INFO:colcon.colcon_core.shell:Creating package script '/home/ziad/base/mia-final-competition/install/competetion_bringup/share/competetion_bringup/package.zsh'
[1.100s] Level 1:colcon.colcon_core.environment:create_file_with_runtime_dependencies(/home/ziad/base/mia-final-competition/install/competetion_bringup/share/colcon-core/packages/competetion_bringup)
[1.136s] Level 1:colcon.colcon_core.environment:checking '/home/ziad/base/mia-final-competition/install/camera_drivers' for CMake module files
[1.136s] DEBUG:colcon.colcon_core.event_handler.log_command:Invoked command in '/home/ziad/base/mia-final-competition/camera_drivers' returned '0': DEBUGINFOD_URLS=https://debuginfod.ubuntu.com PYTHONPATH=/home/ziad/base/mia-final-competition/build/camera_drivers/prefix_override:/usr/lib/python3/dist-packages/colcon_core/task/python/colcon_distutils_commands:/home/ziad/base/mia-final-competition/install/camera_drivers/lib/python3.12/site-packages:${PYTHONPATH} /usr/bin/python3 -W ignore:setup.py install is deprecated -W ignore:easy_install command is deprecated setup.py egg_info --egg-base ../build/camera_drivers build --build-base /home/ziad/base/mia-final-competition/build/camera_drivers/build install --record /home/ziad/base/mia-final-competition/build/camera_drivers/install.log --install-scripts $base/lib/camera_drivers --single-version-externally-managed install_data
[1.136s] Level 1:colcon.colcon_core.environment:checking '/home/ziad/base/mia-final-competition/install/camera_drivers' for CMake config files
[1.136s] Level 1:colcon.colcon_core.environment:checking '/home/ziad/base/mia-final-competition/install/camera_drivers/lib'
[1.137s] Level 1:colcon.colcon_core.environment:checking '/home/ziad/base/mia-final-competition/install/camera_drivers/bin'
[1.137s] Level 1:colcon.colcon_core.environment:checking '/home/ziad/base/mia-final-competition/install/camera_drivers/lib/pkgconfig/camera_drivers.pc'
[1.137s] Level 1:colcon.colcon_core.environment:checking '/home/ziad/base/mia-final-competition/install/camera_drivers/lib/python3.12/site-packages'
[1.137s] Level 1:colcon.colcon_core.shell:create_environment_hook('camera_drivers', 'pythonpath')
[1.137s] INFO:colcon.colcon_core.shell:Creating environment hook '/home/ziad/base/mia-final-competition/install/camera_drivers/share/camera_drivers/hook/pythonpath.ps1'
[1.137s] INFO:colcon.colcon_core.shell:Creating environment descriptor '/home/ziad/base/mia-final-competition/install/camera_drivers/share/camera_drivers/hook/pythonpath.dsv'
[1.137s] INFO:colcon.colcon_core.shell:Creating environment hook '/home/ziad/base/mia-final-competition/install/camera_drivers/share/camera_drivers/hook/pythonpath.sh'
[1.138s] Level 1:colcon.colcon_core.environment:checking '/home/ziad/base/mia-final-competition/install/camera_drivers/bin'
[1.138s] Level 1:colcon.colcon_core.environment:create_environment_scripts_only(camera_drivers)
[1.138s] INFO:colcon.colcon_core.shell:Creating package script '/home/ziad/base/mia-final-competition/install/camera_drivers/share/camera_drivers/package.ps1'
[1.138s] INFO:colcon.colcon_core.shell:Creating package descriptor '/home/ziad/base/mia-final-competition/install/camera_drivers/share/camera_drivers/package.dsv'
[1.138s] INFO:colcon.colcon_core.shell:Creating package script '/home/ziad/base/mia-final-competition/install/camera_drivers/share/camera_drivers/package.sh'
[1.139s] INFO:colcon.colcon_core.shell:Creating package script '/home/ziad/base/mia-final-competition/install/camera_drivers/share/camera_drivers/package.bash'
[1.139s] INFO:colcon.colcon_core.shell:Creating package script '/home/ziad/base/mia-final-competition/install/camera_drivers/share/camera_drivers/package.zsh'
[1.139s] Level 1:colcon.colcon_core.environment:create_file_with_runtime_dependencies(/home/ziad/base/mia-final-competition/install/camera_drivers/share/colcon-core/packages/camera_drivers)
[1.147s] Level 1:colcon.colcon_core.environment:checking '/home/ziad/base/mia-final-competition/install/robot_kinematics_pkg' for CMake module files
[1.148s] DEBUG:colcon.colcon_core.event_handler.log_command:Invoked command in '/home/ziad/base/mia-final-competition/robot_kinematics_pkg' returned '0': DEBUGINFOD_URLS=https://debuginfod.ubuntu.com PYTHONPATH=/home/ziad/base/mia-final-competition/build/robot_kinematics_pkg/prefix_override:/usr/lib/python3/dist-packages/colcon_core/task/python/colcon_distutils_commands:/home/ziad/base/mia-final-competition/install/robot_kinematics_pkg/lib/python3.12/site-packages:${PYTHONPATH} /usr/bin/python3 -W ignore:setup.py install is deprecated -W ignore:easy_install command is deprecated setup.py egg_info --egg-base ../build/robot_kinematics_pkg build --build-base /home/ziad/base/mia-final-competition/build/robot_kinematics_pkg/build install --record /home/ziad/base/mia-final-competition/build/robot_kinematics_pkg/install.log --install-scripts $base/lib/robot_kinematics_pkg --single-version-externally-managed install_data
[1.148s] Level 1:colcon.colcon_core.environment:checking '/home/ziad/base/mia-final-competition/install/robot_kinematics_pkg' for CMake config files
[1.148s] Level 1:colcon.colcon_core.environment:checking '/home/ziad/base/mia-final-competition/install/robot_kinematics_pkg/lib'
[1.148s] Level 1:colcon.colcon_core.environment:checking '/home/ziad/base/mia-final-competition/install/robot_kinematics_pkg/bin'
[1.148s] Level 1:colcon.colcon_core.environment:checking '/home/ziad/base/mia-final-competition/install/robot_kinematics_pkg/lib/pkgconfig/robot_kinematics_pkg.pc'
[1.148s] Level 1:colcon.colcon_core.environment:checking '/home/ziad/base/mia-final-competition/install/robot_kinematics_pkg/lib/python3.12/site-packages'
[1.148s] Level 1:colcon.colcon_core.shell:create_environment_hook('robot_kinematics_pkg', 'pythonpath')
[1.149s] INFO:colcon.colcon_core.shell:Creating environment hook '/home/ziad/base/mia-final-competition/install/robot_kinematics_pkg/share/robot_kinematics_pkg/hook/pythonpath.ps1'
[1.149s] INFO:colcon.colcon_core.shell:Creating environment descriptor '/home/ziad/base/mia-final-competition/install/robot_kinematics_pkg/share/robot_kinematics_pkg/hook/pythonpath.dsv'
[1.149s] INFO:colcon.colcon_core.shell:Creating environment hook '/home/ziad/base/mia-final-competition/install/robot_kinematics_pkg/share/robot_kinematics_pkg/hook/pythonpath.sh'
[1.149s] Level 1:colcon.colcon_core.environment:checking '/home/ziad/base/mia-final-competition/install/robot_kinematics_pkg/bin'
[1.149s] Level 1:colcon.colcon_core.environment:create_environment_scripts_only(robot_kinematics_pkg)
[1.149s] INFO:colcon.colcon_core.shell:Creating package script '/home/ziad/base/mia-final-competition/install/robot_kinematics_pkg/share/robot_kinematics_pkg/package.ps1'
[1.149s] INFO:colcon.colcon_core.shell:Creating package descriptor '/home/ziad/base/mia-final-competition/install/robot_kinematics_pkg/share/robot_kinematics_pkg/package.dsv'
[1.150s] INFO:colcon.colcon_core.shell:Creating package script '/home/ziad/base/mia-final-competition/install/robot_kinematics_pkg/share/robot_kinematics_pkg/package.sh'
[1.150s] INFO:colcon.colcon_core.shell:Creating package script '/home/ziad/base/mia-final-competition/install/robot_kinematics_pkg/share/robot_kinematics_pkg/package.bash'
[1.150s] INFO:colcon.colcon_core.shell:Creating package script '/home/ziad/base/mia-final-competition/install/robot_kinematics_pkg/share/robot_kinematics_pkg/package.zsh'
[1.150s] Level 1:colcon.colcon_core.environment:create_file_with_runtime_dependencies(/home/ziad/base/mia-final-competition/install/robot_kinematics_pkg/share/colcon-core/packages/robot_kinematics_pkg)
[1.152s] Level 1:colcon.colcon_core.environment:checking '/home/ziad/base/mia-final-competition/install/robot_navigator' for CMake module files
[1.152s] DEBUG:colcon.colcon_core.event_handler.log_command:Invoked command in '/home/ziad/base/mia-final-competition/robot_navigator' returned '0': DEBUGINFOD_URLS=https://debuginfod.ubuntu.com PYTHONPATH=/home/ziad/base/mia-final-competition/build/robot_navigator/prefix_override:/usr/lib/python3/dist-packages/colcon_core/task/python/colcon_distutils_commands:/home/ziad/base/mia-final-competition/install/robot_navigator/lib/python3.12/site-packages:${PYTHONPATH} /usr/bin/python3 -W ignore:setup.py install is deprecated -W ignore:easy_install command is deprecated setup.py egg_info --egg-base ../build/robot_navigator build --build-base /home/ziad/base/mia-final-competition/build/robot_navigator/build install --record /home/ziad/base/mia-final-competition/build/robot_navigator/install.log --install-scripts $base/lib/robot_navigator --single-version-externally-managed install_data
[1.152s] Level 1:colcon.colcon_core.environment:checking '/home/ziad/base/mia-final-competition/install/robot_navigator' for CMake config files
[1.153s] Level 1:colcon.colcon_core.environment:checking '/home/ziad/base/mia-final-competition/install/robot_navigator/lib'
[1.153s] Level 1:colcon.colcon_core.environment:checking '/home/ziad/base/mia-final-competition/install/robot_navigator/bin'
[1.153s] Level 1:colcon.colcon_core.environment:checking '/home/ziad/base/mia-final-competition/install/robot_navigator/lib/pkgconfig/robot_navigator.pc'
[1.153s] Level 1:colcon.colcon_core.environment:checking '/home/ziad/base/mia-final-competition/install/robot_navigator/lib/python3.12/site-packages'
[1.153s] Level 1:colcon.colcon_core.shell:create_environment_hook('robot_navigator', 'pythonpath')
[1.153s] INFO:colcon.colcon_core.shell:Creating environment hook '/home/ziad/base/mia-final-competition/install/robot_navigator/share/robot_navigator/hook/pythonpath.ps1'
[1.154s] INFO:colcon.colcon_core.shell:Creating environment descriptor '/home/ziad/base/mia-final-competition/install/robot_navigator/share/robot_navigator/hook/pythonpath.dsv'
[1.154s] INFO:colcon.colcon_core.shell:Creating environment hook '/home/ziad/base/mia-final-competition/install/robot_navigator/share/robot_navigator/hook/pythonpath.sh'
[1.154s] Level 1:colcon.colcon_core.environment:checking '/home/ziad/base/mia-final-competition/install/robot_navigator/bin'
[1.154s] Level 1:colcon.colcon_core.environment:create_environment_scripts_only(robot_navigator)
[1.154s] INFO:colcon.colcon_core.shell:Creating package script '/home/ziad/base/mia-final-competition/install/robot_navigator/share/robot_navigator/package.ps1'
[1.155s] INFO:colcon.colcon_core.shell:Creating package descriptor '/home/ziad/base/mia-final-competition/install/robot_navigator/share/robot_navigator/package.dsv'
[1.155s] INFO:colcon.colcon_core.shell:Creating package script '/home/ziad/base/mia-final-competition/install/robot_navigator/share/robot_navigator/package.sh'
[1.155s] INFO:colcon.colcon_core.shell:Creating package script '/home/ziad/base/mia-final-competition/install/robot_navigator/share/robot_navigator/package.bash'
[1.155s] INFO:colcon.colcon_core.shell:Creating package script '/home/ziad/base/mia-final-competition/install/robot_navigator/share/robot_navigator/package.zsh'
[1.155s] Level 1:colcon.colcon_core.environment:create_file_with_runtime_dependencies(/home/ziad/base/mia-final-competition/install/robot_navigator/share/colcon-core/packages/robot_navigator)
[3.462s] DEBUG:colcon.colcon_core.event_handler.log_command:Invoked command in '/home/ziad/base/mia-final-competition/build/srv_pkg' returned '0': CMAKE_PREFIX_PATH=${CMAKE_PREFIX_PATH}:/opt/ros/jazzy DEBUGINFOD_URLS=https://debuginfod.ubuntu.com /usr/bin/cmake /home/ziad/base/mia-final-competition/srv_pkg -DCMAKE_INSTALL_PREFIX=/home/ziad/base/mia-final-competition/install/srv_pkg
[3.462s] DEBUG:colcon.colcon_core.event_handler.log_command:Invoking command in '/home/ziad/base/mia-final-competition/build/srv_pkg': CMAKE_PREFIX_PATH=${CMAKE_PREFIX_PATH}:/opt/ros/jazzy DEBUGINFOD_URLS=https://debuginfod.ubuntu.com /usr/bin/cmake --build /home/ziad/base/mia-final-competition/build/srv_pkg -- -j28 -l28
[5.086s] DEBUG:colcon.colcon_core.event_handler.log_command:Invoked command in '/home/ziad/base/mia-final-competition/build/srv_pkg' returned '0': CMAKE_PREFIX_PATH=${CMAKE_PREFIX_PATH}:/opt/ros/jazzy DEBUGINFOD_URLS=https://debuginfod.ubuntu.com /usr/bin/cmake --build /home/ziad/base/mia-final-competition/build/srv_pkg -- -j28 -l28
[5.087s] DEBUG:colcon.colcon_core.event_handler.log_command:Invoking command in '/home/ziad/base/mia-final-competition/build/srv_pkg': CMAKE_PREFIX_PATH=${CMAKE_PREFIX_PATH}:/opt/ros/jazzy DEBUGINFOD_URLS=https://debuginfod.ubuntu.com /usr/bin/cmake --install /home/ziad/base/mia-final-competition/build/srv_pkg
[5.151s] Level 1:colcon.colcon_core.environment:create_environment_scripts_only(srv_pkg)
[5.151s] DEBUG:colcon.colcon_core.event_handler.log_command:Invoked command in '/home/ziad/base/mia-final-competition/build/srv_pkg' returned '0': CMAKE_PREFIX_PATH=${CMAKE_PREFIX_PATH}:/opt/ros/jazzy DEBUGINFOD_URLS=https://debuginfod.ubuntu.com /usr/bin/cmake --install /home/ziad/base/mia-final-competition/build/srv_pkg
[5.151s] Level 1:colcon.colcon_core.environment:checking '/home/ziad/base/mia-final-competition/install/srv_pkg' for CMake module files
[5.151s] Level 1:colcon.colcon_core.environment:checking '/home/ziad/base/mia-final-competition/install/srv_pkg' for CMake config files
[5.151s] Level 1:colcon.colcon_core.shell:create_environment_hook('srv_pkg', 'cmake_prefix_path')
[5.151s] INFO:colcon.colcon_core.shell:Creating environment hook '/home/ziad/base/mia-final-competition/install/srv_pkg/share/srv_pkg/hook/cmake_prefix_path.ps1'
[5.152s] INFO:colcon.colcon_core.shell:Creating environment descriptor '/home/ziad/base/mia-final-competition/install/srv_pkg/share/srv_pkg/hook/cmake_prefix_path.dsv'
[5.152s] INFO:colcon.colcon_core.shell:Creating environment hook '/home/ziad/base/mia-final-competition/install/srv_pkg/share/srv_pkg/hook/cmake_prefix_path.sh'
[5.152s] Level 1:colcon.colcon_core.environment:checking '/home/ziad/base/mia-final-competition/install/srv_pkg/lib'
[5.152s] Level 1:colcon.colcon_core.shell:create_environment_hook('srv_pkg', 'ld_library_path_lib')
[5.152s] INFO:colcon.colcon_core.shell:Creating environment hook '/home/ziad/base/mia-final-competition/install/srv_pkg/share/srv_pkg/hook/ld_library_path_lib.ps1'
[5.152s] INFO:colcon.colcon_core.shell:Creating environment descriptor '/home/ziad/base/mia-final-competition/install/srv_pkg/share/srv_pkg/hook/ld_library_path_lib.dsv'
[5.152s] INFO:colcon.colcon_core.shell:Creating environment hook '/home/ziad/base/mia-final-competition/install/srv_pkg/share/srv_pkg/hook/ld_library_path_lib.sh'
[5.152s] Level 1:colcon.colcon_core.environment:checking '/home/ziad/base/mia-final-competition/install/srv_pkg/bin'
[5.153s] Level 1:colcon.colcon_core.environment:checking '/home/ziad/base/mia-final-competition/install/srv_pkg/lib/pkgconfig/srv_pkg.pc'
[5.153s] Level 1:colcon.colcon_core.environment:checking '/home/ziad/base/mia-final-competition/install/srv_pkg/lib/python3.12/site-packages'
[5.153s] Level 1:colcon.colcon_core.shell:create_environment_hook('srv_pkg', 'pythonpath')
[5.153s] INFO:colcon.colcon_core.shell:Creating environment hook '/home/ziad/base/mia-final-competition/install/srv_pkg/share/srv_pkg/hook/pythonpath.ps1'
[5.153s] INFO:colcon.colcon_core.shell:Creating environment descriptor '/home/ziad/base/mia-final-competition/install/srv_pkg/share/srv_pkg/hook/pythonpath.dsv'
[5.153s] INFO:colcon.colcon_core.shell:Creating environment hook '/home/ziad/base/mia-final-competition/install/srv_pkg/share/srv_pkg/hook/pythonpath.sh'
[5.153s] Level 1:colcon.colcon_core.environment:checking '/home/ziad/base/mia-final-competition/install/srv_pkg/bin'
[5.153s] INFO:colcon.colcon_core.shell:Creating package script '/home/ziad/base/mia-final-competition/install/srv_pkg/share/srv_pkg/package.ps1'
[5.154s] INFO:colcon.colcon_core.shell:Creating package descriptor '/home/ziad/base/mia-final-competition/install/srv_pkg/share/srv_pkg/package.dsv'
[5.154s] INFO:colcon.colcon_core.shell:Creating package script '/home/ziad/base/mia-final-competition/install/srv_pkg/share/srv_pkg/package.sh'
[5.154s] INFO:colcon.colcon_core.shell:Creating package script '/home/ziad/base/mia-final-competition/install/srv_pkg/share/srv_pkg/package.bash'
[5.154s] INFO:colcon.colcon_core.shell:Creating package script '/home/ziad/base/mia-final-competition/install/srv_pkg/share/srv_pkg/package.zsh'
[5.154s] Level 1:colcon.colcon_core.environment:create_file_with_runtime_dependencies(/home/ziad/base/mia-final-competition/install/srv_pkg/share/colcon-core/packages/srv_pkg)
[5.154s] Level 1:colcon.colcon_core.environment:create_environment_scripts_only(srv_pkg)
[5.155s] Level 1:colcon.colcon_core.environment:checking '/home/ziad/base/mia-final-competition/install/srv_pkg' for CMake module files
[5.155s] Level 1:colcon.colcon_core.environment:checking '/home/ziad/base/mia-final-competition/install/srv_pkg' for CMake config files
[5.155s] Level 1:colcon.colcon_core.shell:create_environment_hook('srv_pkg', 'cmake_prefix_path')
[5.155s] INFO:colcon.colcon_core.shell:Creating environment hook '/home/ziad/base/mia-final-competition/install/srv_pkg/share/srv_pkg/hook/cmake_prefix_path.ps1'
[5.155s] INFO:colcon.colcon_core.shell:Creating environment descriptor '/home/ziad/base/mia-final-competition/install/srv_pkg/share/srv_pkg/hook/cmake_prefix_path.dsv'
[5.155s] INFO:colcon.colcon_core.shell:Creating environment hook '/home/ziad/base/mia-final-competition/install/srv_pkg/share/srv_pkg/hook/cmake_prefix_path.sh'
[5.156s] Level 1:colcon.colcon_core.environment:checking '/home/ziad/base/mia-final-competition/install/srv_pkg/lib'
[5.156s] Level 1:colcon.colcon_core.shell:create_environment_hook('srv_pkg', 'ld_library_path_lib')
[5.156s] INFO:colcon.colcon_core.shell:Creating environment hook '/home/ziad/base/mia-final-competition/install/srv_pkg/share/srv_pkg/hook/ld_library_path_lib.ps1'
[5.156s] INFO:colcon.colcon_core.shell:Creating environment descriptor '/home/ziad/base/mia-final-competition/install/srv_pkg/share/srv_pkg/hook/ld_library_path_lib.dsv'
[5.156s] INFO:colcon.colcon_core.shell:Creating environment hook '/home/ziad/base/mia-final-competition/install/srv_pkg/share/srv_pkg/hook/ld_library_path_lib.sh'
[5.156s] Level 1:colcon.colcon_core.environment:checking '/home/ziad/base/mia-final-competition/install/srv_pkg/bin'
[5.156s] Level 1:colcon.colcon_core.environment:checking '/home/ziad/base/mia-final-competition/install/srv_pkg/lib/pkgconfig/srv_pkg.pc'
[5.156s] Level 1:colcon.colcon_core.environment:checking '/home/ziad/base/mia-final-competition/install/srv_pkg/lib/python3.12/site-packages'
[5.156s] Level 1:colcon.colcon_core.shell:create_environment_hook('srv_pkg', 'pythonpath')
[5.156s] INFO:colcon.colcon_core.shell:Creating environment hook '/home/ziad/base/mia-final-competition/install/srv_pkg/share/srv_pkg/hook/pythonpath.ps1'
[5.156s] INFO:colcon.colcon_core.shell:Creating environment descriptor '/home/ziad/base/mia-final-competition/install/srv_pkg/share/srv_pkg/hook/pythonpath.dsv'
[5.156s] INFO:colcon.colcon_core.shell:Creating environment hook '/home/ziad/base/mia-final-competition/install/srv_pkg/share/srv_pkg/hook/pythonpath.sh'
[5.157s] Level 1:colcon.colcon_core.environment:checking '/home/ziad/base/mia-final-competition/install/srv_pkg/bin'
[5.157s] INFO:colcon.colcon_core.shell:Creating package script '/home/ziad/base/mia-final-competition/install/srv_pkg/share/srv_pkg/package.ps1'
[5.157s] INFO:colcon.colcon_core.shell:Creating package descriptor '/home/ziad/base/mia-final-competition/install/srv_pkg/share/srv_pkg/package.dsv'
[5.157s] INFO:colcon.colcon_core.shell:Creating package script '/home/ziad/base/mia-final-competition/install/srv_pkg/share/srv_pkg/package.sh'
[5.158s] INFO:colcon.colcon_core.shell:Creating package script '/home/ziad/base/mia-final-competition/install/srv_pkg/share/srv_pkg/package.bash'
[5.158s] INFO:colcon.colcon_core.shell:Creating package script '/home/ziad/base/mia-final-competition/install/srv_pkg/share/srv_pkg/package.zsh'
[5.158s] Level 1:colcon.colcon_core.environment:create_file_with_runtime_dependencies(/home/ziad/base/mia-final-competition/install/srv_pkg/share/colcon-core/packages/srv_pkg)
[5.158s] DEBUG:colcon.colcon_parallel_executor.executor.parallel:closing loop
[5.158s] DEBUG:colcon.colcon_parallel_executor.executor.parallel:loop closed
[5.158s] DEBUG:colcon.colcon_parallel_executor.executor.parallel:run_until_complete finished with '0'
[5.158s] DEBUG:colcon.colcon_core.event_reactor:joining thread
[5.161s] INFO:colcon.colcon_core.plugin_system:Skipping extension 'colcon_notification.desktop_notification.terminal_notifier': Not used on non-Darwin systems
[5.161s] INFO:colcon.colcon_core.plugin_system:Skipping extension 'colcon_notification.desktop_notification.win32': Not used on non-Windows systems
[5.162s] INFO:colcon.colcon_notification.desktop_notification:Sending desktop notification using 'notify2'
[5.172s] DEBUG:colcon.colcon_core.event_reactor:joined thread
[5.172s] INFO:colcon.colcon_core.shell:Creating prefix script '/home/ziad/base/mia-final-competition/install/local_setup.ps1'
[5.173s] INFO:colcon.colcon_core.shell:Creating prefix util module '/home/ziad/base/mia-final-competition/install/_local_setup_util_ps1.py'
[5.173s] INFO:colcon.colcon_core.shell:Creating prefix chain script '/home/ziad/base/mia-final-competition/install/setup.ps1'
[5.174s] INFO:colcon.colcon_core.shell:Creating prefix script '/home/ziad/base/mia-final-competition/install/local_setup.sh'
[5.174s] INFO:colcon.colcon_core.shell:Creating prefix util module '/home/ziad/base/mia-final-competition/install/_local_setup_util_sh.py'
[5.174s] INFO:colcon.colcon_core.shell:Creating prefix chain script '/home/ziad/base/mia-final-competition/install/setup.sh'
[5.174s] INFO:colcon.colcon_core.shell:Creating prefix script '/home/ziad/base/mia-final-competition/install/local_setup.bash'
[5.175s] INFO:colcon.colcon_core.shell:Creating prefix chain script '/home/ziad/base/mia-final-competition/install/setup.bash'
[5.175s] INFO:colcon.colcon_core.shell:Creating prefix script '/home/ziad/base/mia-final-competition/install/local_setup.zsh'
[5.176s] INFO:colcon.colcon_core.shell:Creating prefix chain script '/home/ziad/base/mia-final-competition/install/setup.zsh'
