/home/ziad/base/mia-final-competition/install/robot_kinematics_pkg/lib/python3.12/site-packages/robot_kinematics_pkg/__init__.py
/home/ziad/base/mia-final-competition/install/robot_kinematics_pkg/lib/python3.12/site-packages/robot_kinematics_pkg/kinematics1/__init__.py
/home/ziad/base/mia-final-competition/install/robot_kinematics_pkg/lib/python3.12/site-packages/robot_kinematics_pkg/kinematics1/omni3_kin.py
/home/ziad/base/mia-final-competition/install/robot_kinematics_pkg/lib/python3.12/site-packages/robot_kinematics_pkg/kinematics1/kinematics.py
/home/ziad/base/mia-final-competition/install/robot_kinematics_pkg/lib/python3.12/site-packages/robot_kinematics_pkg/kinematics1/omni4_kin.py
/home/ziad/base/mia-final-competition/install/robot_kinematics_pkg/lib/python3.12/site-packages/robot_kinematics_pkg/kinematics1/omni6_kin.py
/home/ziad/base/mia-final-competition/install/robot_kinematics_pkg/lib/python3.12/site-packages/robot_kinematics_pkg/scripts/__init__.py
/home/ziad/base/mia-final-competition/install/robot_kinematics_pkg/lib/python3.12/site-packages/robot_kinematics_pkg/scripts/Ros_node.py
/home/ziad/base/mia-final-competition/install/robot_kinematics_pkg/lib/python3.12/site-packages/robot_kinematics_pkg/kinematics2/kinematics2.py
/home/ziad/base/mia-final-competition/install/robot_kinematics_pkg/lib/python3.12/site-packages/robot_kinematics_pkg/kinematics2/diff_kin.py
/home/ziad/base/mia-final-competition/install/robot_kinematics_pkg/lib/python3.12/site-packages/robot_kinematics_pkg/kinematics2/__init__.py
/home/ziad/base/mia-final-competition/install/robot_kinematics_pkg/lib/python3.12/site-packages/robot_kinematics_pkg/kinematics2/mecanum_kin.py
/home/ziad/base/mia-final-competition/install/robot_kinematics_pkg/lib/python3.12/site-packages/robot_kinematics_pkg/kinematics2/diff_kin_2wheels.py
/home/ziad/base/mia-final-competition/install/robot_kinematics_pkg/lib/python3.12/site-packages/robot_kinematics_pkg/scripts/diff_2wheels/__init__.py
/home/ziad/base/mia-final-competition/install/robot_kinematics_pkg/lib/python3.12/site-packages/robot_kinematics_pkg/scripts/diff_2wheels/diff_2wheels_invers.py
/home/ziad/base/mia-final-competition/install/robot_kinematics_pkg/lib/python3.12/site-packages/robot_kinematics_pkg/scripts/diff_2wheels/diff_2wheels_forward.py
/home/ziad/base/mia-final-competition/install/robot_kinematics_pkg/lib/python3.12/site-packages/robot_kinematics_pkg/scripts/mecanum/mecanum_invers.py
/home/ziad/base/mia-final-competition/install/robot_kinematics_pkg/lib/python3.12/site-packages/robot_kinematics_pkg/scripts/mecanum/__init__.py
/home/ziad/base/mia-final-competition/install/robot_kinematics_pkg/lib/python3.12/site-packages/robot_kinematics_pkg/scripts/mecanum/mecanum_invers_r2.py
/home/ziad/base/mia-final-competition/install/robot_kinematics_pkg/lib/python3.12/site-packages/robot_kinematics_pkg/scripts/mecanum/mecanum_forward.py
/home/ziad/base/mia-final-competition/install/robot_kinematics_pkg/lib/python3.12/site-packages/robot_kinematics_pkg/scripts/omni/omni3_forward.py
/home/ziad/base/mia-final-competition/install/robot_kinematics_pkg/lib/python3.12/site-packages/robot_kinematics_pkg/scripts/omni/__init__.py
/home/ziad/base/mia-final-competition/install/robot_kinematics_pkg/lib/python3.12/site-packages/robot_kinematics_pkg/scripts/omni/omni6_inverse.py
/home/ziad/base/mia-final-competition/install/robot_kinematics_pkg/lib/python3.12/site-packages/robot_kinematics_pkg/scripts/omni/diff_invers_r1.py
/home/ziad/base/mia-final-competition/install/robot_kinematics_pkg/lib/python3.12/site-packages/robot_kinematics_pkg/scripts/omni/omni3_invers.py
/home/ziad/base/mia-final-competition/install/robot_kinematics_pkg/lib/python3.12/site-packages/robot_kinematics_pkg/scripts/omni/omni4_invers.py
/home/ziad/base/mia-final-competition/install/robot_kinematics_pkg/lib/python3.12/site-packages/robot_kinematics_pkg/scripts/omni/omni4_forward.py
/home/ziad/base/mia-final-competition/install/robot_kinematics_pkg/lib/python3.12/site-packages/robot_kinematics_pkg/scripts/diff/diff_invers.py
/home/ziad/base/mia-final-competition/install/robot_kinematics_pkg/lib/python3.12/site-packages/robot_kinematics_pkg/scripts/diff/diff_forward_r1.py
/home/ziad/base/mia-final-competition/install/robot_kinematics_pkg/lib/python3.12/site-packages/robot_kinematics_pkg/scripts/diff/diff_forward.py
/home/ziad/base/mia-final-competition/install/robot_kinematics_pkg/lib/python3.12/site-packages/robot_kinematics_pkg/scripts/diff/__init__.py
/home/ziad/base/mia-final-competition/install/robot_kinematics_pkg/lib/python3.12/site-packages/robot_kinematics_pkg/scripts/diff/diff_invers_new_r1.py
/home/ziad/base/mia-final-competition/install/robot_kinematics_pkg/lib/python3.12/site-packages/robot_kinematics_pkg/scripts/diff/diff_invers_r1.py
/home/ziad/base/mia-final-competition/install/robot_kinematics_pkg/lib/python3.12/site-packages/robot_kinematics_pkg/__pycache__/__init__.cpython-312.pyc
/home/ziad/base/mia-final-competition/install/robot_kinematics_pkg/lib/python3.12/site-packages/robot_kinematics_pkg/kinematics1/__pycache__/__init__.cpython-312.pyc
/home/ziad/base/mia-final-competition/install/robot_kinematics_pkg/lib/python3.12/site-packages/robot_kinematics_pkg/kinematics1/__pycache__/omni3_kin.cpython-312.pyc
/home/ziad/base/mia-final-competition/install/robot_kinematics_pkg/lib/python3.12/site-packages/robot_kinematics_pkg/kinematics1/__pycache__/kinematics.cpython-312.pyc
/home/ziad/base/mia-final-competition/install/robot_kinematics_pkg/lib/python3.12/site-packages/robot_kinematics_pkg/kinematics1/__pycache__/omni4_kin.cpython-312.pyc
/home/ziad/base/mia-final-competition/install/robot_kinematics_pkg/lib/python3.12/site-packages/robot_kinematics_pkg/kinematics1/__pycache__/omni6_kin.cpython-312.pyc
/home/ziad/base/mia-final-competition/install/robot_kinematics_pkg/lib/python3.12/site-packages/robot_kinematics_pkg/scripts/__pycache__/__init__.cpython-312.pyc
/home/ziad/base/mia-final-competition/install/robot_kinematics_pkg/lib/python3.12/site-packages/robot_kinematics_pkg/scripts/__pycache__/Ros_node.cpython-312.pyc
/home/ziad/base/mia-final-competition/install/robot_kinematics_pkg/lib/python3.12/site-packages/robot_kinematics_pkg/kinematics2/__pycache__/kinematics2.cpython-312.pyc
/home/ziad/base/mia-final-competition/install/robot_kinematics_pkg/lib/python3.12/site-packages/robot_kinematics_pkg/kinematics2/__pycache__/diff_kin.cpython-312.pyc
/home/ziad/base/mia-final-competition/install/robot_kinematics_pkg/lib/python3.12/site-packages/robot_kinematics_pkg/kinematics2/__pycache__/__init__.cpython-312.pyc
/home/ziad/base/mia-final-competition/install/robot_kinematics_pkg/lib/python3.12/site-packages/robot_kinematics_pkg/kinematics2/__pycache__/mecanum_kin.cpython-312.pyc
/home/ziad/base/mia-final-competition/install/robot_kinematics_pkg/lib/python3.12/site-packages/robot_kinematics_pkg/kinematics2/__pycache__/diff_kin_2wheels.cpython-312.pyc
/home/ziad/base/mia-final-competition/install/robot_kinematics_pkg/lib/python3.12/site-packages/robot_kinematics_pkg/scripts/diff_2wheels/__pycache__/__init__.cpython-312.pyc
/home/ziad/base/mia-final-competition/install/robot_kinematics_pkg/lib/python3.12/site-packages/robot_kinematics_pkg/scripts/diff_2wheels/__pycache__/diff_2wheels_invers.cpython-312.pyc
/home/ziad/base/mia-final-competition/install/robot_kinematics_pkg/lib/python3.12/site-packages/robot_kinematics_pkg/scripts/diff_2wheels/__pycache__/diff_2wheels_forward.cpython-312.pyc
/home/ziad/base/mia-final-competition/install/robot_kinematics_pkg/lib/python3.12/site-packages/robot_kinematics_pkg/scripts/mecanum/__pycache__/mecanum_invers.cpython-312.pyc
/home/ziad/base/mia-final-competition/install/robot_kinematics_pkg/lib/python3.12/site-packages/robot_kinematics_pkg/scripts/mecanum/__pycache__/__init__.cpython-312.pyc
/home/ziad/base/mia-final-competition/install/robot_kinematics_pkg/lib/python3.12/site-packages/robot_kinematics_pkg/scripts/mecanum/__pycache__/mecanum_invers_r2.cpython-312.pyc
/home/ziad/base/mia-final-competition/install/robot_kinematics_pkg/lib/python3.12/site-packages/robot_kinematics_pkg/scripts/mecanum/__pycache__/mecanum_forward.cpython-312.pyc
/home/ziad/base/mia-final-competition/install/robot_kinematics_pkg/lib/python3.12/site-packages/robot_kinematics_pkg/scripts/omni/__pycache__/omni3_forward.cpython-312.pyc
/home/ziad/base/mia-final-competition/install/robot_kinematics_pkg/lib/python3.12/site-packages/robot_kinematics_pkg/scripts/omni/__pycache__/__init__.cpython-312.pyc
/home/ziad/base/mia-final-competition/install/robot_kinematics_pkg/lib/python3.12/site-packages/robot_kinematics_pkg/scripts/omni/__pycache__/omni6_inverse.cpython-312.pyc
/home/ziad/base/mia-final-competition/install/robot_kinematics_pkg/lib/python3.12/site-packages/robot_kinematics_pkg/scripts/omni/__pycache__/diff_invers_r1.cpython-312.pyc
/home/ziad/base/mia-final-competition/install/robot_kinematics_pkg/lib/python3.12/site-packages/robot_kinematics_pkg/scripts/omni/__pycache__/omni3_invers.cpython-312.pyc
/home/ziad/base/mia-final-competition/install/robot_kinematics_pkg/lib/python3.12/site-packages/robot_kinematics_pkg/scripts/omni/__pycache__/omni4_invers.cpython-312.pyc
/home/ziad/base/mia-final-competition/install/robot_kinematics_pkg/lib/python3.12/site-packages/robot_kinematics_pkg/scripts/omni/__pycache__/omni4_forward.cpython-312.pyc
/home/ziad/base/mia-final-competition/install/robot_kinematics_pkg/lib/python3.12/site-packages/robot_kinematics_pkg/scripts/diff/__pycache__/diff_invers.cpython-312.pyc
/home/ziad/base/mia-final-competition/install/robot_kinematics_pkg/lib/python3.12/site-packages/robot_kinematics_pkg/scripts/diff/__pycache__/diff_forward_r1.cpython-312.pyc
/home/ziad/base/mia-final-competition/install/robot_kinematics_pkg/lib/python3.12/site-packages/robot_kinematics_pkg/scripts/diff/__pycache__/diff_forward.cpython-312.pyc
/home/ziad/base/mia-final-competition/install/robot_kinematics_pkg/lib/python3.12/site-packages/robot_kinematics_pkg/scripts/diff/__pycache__/__init__.cpython-312.pyc
/home/ziad/base/mia-final-competition/install/robot_kinematics_pkg/lib/python3.12/site-packages/robot_kinematics_pkg/scripts/diff/__pycache__/diff_invers_new_r1.cpython-312.pyc
/home/ziad/base/mia-final-competition/install/robot_kinematics_pkg/lib/python3.12/site-packages/robot_kinematics_pkg/scripts/diff/__pycache__/diff_invers_r1.cpython-312.pyc
/home/ziad/base/mia-final-competition/install/robot_kinematics_pkg/share/ament_index/resource_index/packages/robot_kinematics_pkg
/home/ziad/base/mia-final-competition/install/robot_kinematics_pkg/share/robot_kinematics_pkg/package.xml
/home/ziad/base/mia-final-competition/install/robot_kinematics_pkg/lib/python3.12/site-packages/robot_kinematics_pkg-0.0.0-py3.12.egg-info/zip-safe
/home/ziad/base/mia-final-competition/install/robot_kinematics_pkg/lib/python3.12/site-packages/robot_kinematics_pkg-0.0.0-py3.12.egg-info/dependency_links.txt
/home/ziad/base/mia-final-competition/install/robot_kinematics_pkg/lib/python3.12/site-packages/robot_kinematics_pkg-0.0.0-py3.12.egg-info/entry_points.txt
/home/ziad/base/mia-final-competition/install/robot_kinematics_pkg/lib/python3.12/site-packages/robot_kinematics_pkg-0.0.0-py3.12.egg-info/SOURCES.txt
/home/ziad/base/mia-final-competition/install/robot_kinematics_pkg/lib/python3.12/site-packages/robot_kinematics_pkg-0.0.0-py3.12.egg-info/requires.txt
/home/ziad/base/mia-final-competition/install/robot_kinematics_pkg/lib/python3.12/site-packages/robot_kinematics_pkg-0.0.0-py3.12.egg-info/top_level.txt
/home/ziad/base/mia-final-competition/install/robot_kinematics_pkg/lib/python3.12/site-packages/robot_kinematics_pkg-0.0.0-py3.12.egg-info/PKG-INFO
/home/ziad/base/mia-final-competition/install/robot_kinematics_pkg/lib/robot_kinematics_pkg/diff_2wheels_forward
/home/ziad/base/mia-final-competition/install/robot_kinematics_pkg/lib/robot_kinematics_pkg/diff_2wheels_invers
/home/ziad/base/mia-final-competition/install/robot_kinematics_pkg/lib/robot_kinematics_pkg/diff_forward
/home/ziad/base/mia-final-competition/install/robot_kinematics_pkg/lib/robot_kinematics_pkg/diff_forward_r1
/home/ziad/base/mia-final-competition/install/robot_kinematics_pkg/lib/robot_kinematics_pkg/diff_invers
/home/ziad/base/mia-final-competition/install/robot_kinematics_pkg/lib/robot_kinematics_pkg/diff_invers_new_r1
/home/ziad/base/mia-final-competition/install/robot_kinematics_pkg/lib/robot_kinematics_pkg/diff_invers_r1
/home/ziad/base/mia-final-competition/install/robot_kinematics_pkg/lib/robot_kinematics_pkg/kinematics
/home/ziad/base/mia-final-competition/install/robot_kinematics_pkg/lib/robot_kinematics_pkg/mecanum_forward
/home/ziad/base/mia-final-competition/install/robot_kinematics_pkg/lib/robot_kinematics_pkg/mecanum_invers
/home/ziad/base/mia-final-competition/install/robot_kinematics_pkg/lib/robot_kinematics_pkg/mecanum_invers_r2
/home/ziad/base/mia-final-competition/install/robot_kinematics_pkg/lib/robot_kinematics_pkg/omni3_forward
/home/ziad/base/mia-final-competition/install/robot_kinematics_pkg/lib/robot_kinematics_pkg/omni3_invers
/home/ziad/base/mia-final-competition/install/robot_kinematics_pkg/lib/robot_kinematics_pkg/omni4_forward
/home/ziad/base/mia-final-competition/install/robot_kinematics_pkg/lib/robot_kinematics_pkg/omni4_invers
/home/ziad/base/mia-final-competition/install/robot_kinematics_pkg/lib/robot_kinematics_pkg/omni6_invers
