[0.737s] Invoking command in '/home/ziad/base/mia-final-competition/robot_kinematics_pkg': DEBUGINFOD_URLS=https://debuginfod.ubuntu.com PYTHONPATH=/home/ziad/base/mia-final-competition/build/robot_kinematics_pkg/prefix_override:/usr/lib/python3/dist-packages/colcon_core/task/python/colcon_distutils_commands:/home/ziad/base/mia-final-competition/install/robot_kinematics_pkg/lib/python3.12/site-packages:${PYTHONPATH} /usr/bin/python3 -W ignore:setup.py install is deprecated -W ignore:easy_install command is deprecated setup.py egg_info --egg-base ../build/robot_kinematics_pkg build --build-base /home/ziad/base/mia-final-competition/build/robot_kinematics_pkg/build install --record /home/ziad/base/mia-final-competition/build/robot_kinematics_pkg/install.log --install-scripts $base/lib/robot_kinematics_pkg --single-version-externally-managed install_data
[0.883s] running egg_info
[0.883s] creating ../build/robot_kinematics_pkg/robot_kinematics_pkg.egg-info
[0.892s] writing ../build/robot_kinematics_pkg/robot_kinematics_pkg.egg-info/PKG-INFO
[0.892s] writing dependency_links to ../build/robot_kinematics_pkg/robot_kinematics_pkg.egg-info/dependency_links.txt
[0.892s] writing entry points to ../build/robot_kinematics_pkg/robot_kinematics_pkg.egg-info/entry_points.txt
[0.892s] writing requirements to ../build/robot_kinematics_pkg/robot_kinematics_pkg.egg-info/requires.txt
[0.892s] writing top-level names to ../build/robot_kinematics_pkg/robot_kinematics_pkg.egg-info/top_level.txt
[0.893s] writing manifest file '../build/robot_kinematics_pkg/robot_kinematics_pkg.egg-info/SOURCES.txt'
[0.912s] reading manifest file '../build/robot_kinematics_pkg/robot_kinematics_pkg.egg-info/SOURCES.txt'
[0.912s] writing manifest file '../build/robot_kinematics_pkg/robot_kinematics_pkg.egg-info/SOURCES.txt'
[0.912s] running build
[0.912s] running build_py
[0.912s] creating /home/ziad/base/mia-final-competition/build/robot_kinematics_pkg/build
[0.912s] creating /home/ziad/base/mia-final-competition/build/robot_kinematics_pkg/build/lib
[0.912s] creating /home/ziad/base/mia-final-competition/build/robot_kinematics_pkg/build/lib/robot_kinematics_pkg
[0.912s] copying robot_kinematics_pkg/__init__.py -> /home/ziad/base/mia-final-competition/build/robot_kinematics_pkg/build/lib/robot_kinematics_pkg
[0.912s] creating /home/ziad/base/mia-final-competition/build/robot_kinematics_pkg/build/lib/robot_kinematics_pkg/kinematics1
[0.913s] copying robot_kinematics_pkg/kinematics1/__init__.py -> /home/ziad/base/mia-final-competition/build/robot_kinematics_pkg/build/lib/robot_kinematics_pkg/kinematics1
[0.913s] copying robot_kinematics_pkg/kinematics1/omni3_kin.py -> /home/ziad/base/mia-final-competition/build/robot_kinematics_pkg/build/lib/robot_kinematics_pkg/kinematics1
[0.913s] copying robot_kinematics_pkg/kinematics1/kinematics.py -> /home/ziad/base/mia-final-competition/build/robot_kinematics_pkg/build/lib/robot_kinematics_pkg/kinematics1
[0.913s] copying robot_kinematics_pkg/kinematics1/omni4_kin.py -> /home/ziad/base/mia-final-competition/build/robot_kinematics_pkg/build/lib/robot_kinematics_pkg/kinematics1
[0.913s] copying robot_kinematics_pkg/kinematics1/omni6_kin.py -> /home/ziad/base/mia-final-competition/build/robot_kinematics_pkg/build/lib/robot_kinematics_pkg/kinematics1
[0.913s] creating /home/ziad/base/mia-final-competition/build/robot_kinematics_pkg/build/lib/robot_kinematics_pkg/scripts
[0.913s] copying robot_kinematics_pkg/scripts/__init__.py -> /home/ziad/base/mia-final-competition/build/robot_kinematics_pkg/build/lib/robot_kinematics_pkg/scripts
[0.913s] copying robot_kinematics_pkg/scripts/Ros_node.py -> /home/ziad/base/mia-final-competition/build/robot_kinematics_pkg/build/lib/robot_kinematics_pkg/scripts
[0.913s] creating /home/ziad/base/mia-final-competition/build/robot_kinematics_pkg/build/lib/robot_kinematics_pkg/kinematics2
[0.913s] copying robot_kinematics_pkg/kinematics2/kinematics2.py -> /home/ziad/base/mia-final-competition/build/robot_kinematics_pkg/build/lib/robot_kinematics_pkg/kinematics2
[0.913s] copying robot_kinematics_pkg/kinematics2/diff_kin.py -> /home/ziad/base/mia-final-competition/build/robot_kinematics_pkg/build/lib/robot_kinematics_pkg/kinematics2
[0.913s] copying robot_kinematics_pkg/kinematics2/__init__.py -> /home/ziad/base/mia-final-competition/build/robot_kinematics_pkg/build/lib/robot_kinematics_pkg/kinematics2
[0.913s] copying robot_kinematics_pkg/kinematics2/mecanum_kin.py -> /home/ziad/base/mia-final-competition/build/robot_kinematics_pkg/build/lib/robot_kinematics_pkg/kinematics2
[0.913s] copying robot_kinematics_pkg/kinematics2/diff_kin_2wheels.py -> /home/ziad/base/mia-final-competition/build/robot_kinematics_pkg/build/lib/robot_kinematics_pkg/kinematics2
[0.913s] creating /home/ziad/base/mia-final-competition/build/robot_kinematics_pkg/build/lib/robot_kinematics_pkg/scripts/diff_2wheels
[0.914s] copying robot_kinematics_pkg/scripts/diff_2wheels/__init__.py -> /home/ziad/base/mia-final-competition/build/robot_kinematics_pkg/build/lib/robot_kinematics_pkg/scripts/diff_2wheels
[0.914s] copying robot_kinematics_pkg/scripts/diff_2wheels/diff_2wheels_invers.py -> /home/ziad/base/mia-final-competition/build/robot_kinematics_pkg/build/lib/robot_kinematics_pkg/scripts/diff_2wheels
[0.914s] copying robot_kinematics_pkg/scripts/diff_2wheels/diff_2wheels_forward.py -> /home/ziad/base/mia-final-competition/build/robot_kinematics_pkg/build/lib/robot_kinematics_pkg/scripts/diff_2wheels
[0.914s] creating /home/ziad/base/mia-final-competition/build/robot_kinematics_pkg/build/lib/robot_kinematics_pkg/scripts/mecanum
[0.914s] copying robot_kinematics_pkg/scripts/mecanum/mecanum_invers.py -> /home/ziad/base/mia-final-competition/build/robot_kinematics_pkg/build/lib/robot_kinematics_pkg/scripts/mecanum
[0.914s] copying robot_kinematics_pkg/scripts/mecanum/__init__.py -> /home/ziad/base/mia-final-competition/build/robot_kinematics_pkg/build/lib/robot_kinematics_pkg/scripts/mecanum
[0.914s] copying robot_kinematics_pkg/scripts/mecanum/mecanum_invers_r2.py -> /home/ziad/base/mia-final-competition/build/robot_kinematics_pkg/build/lib/robot_kinematics_pkg/scripts/mecanum
[0.914s] copying robot_kinematics_pkg/scripts/mecanum/mecanum_forward.py -> /home/ziad/base/mia-final-competition/build/robot_kinematics_pkg/build/lib/robot_kinematics_pkg/scripts/mecanum
[0.914s] creating /home/ziad/base/mia-final-competition/build/robot_kinematics_pkg/build/lib/robot_kinematics_pkg/scripts/omni
[0.915s] copying robot_kinematics_pkg/scripts/omni/omni3_forward.py -> /home/ziad/base/mia-final-competition/build/robot_kinematics_pkg/build/lib/robot_kinematics_pkg/scripts/omni
[0.915s] copying robot_kinematics_pkg/scripts/omni/__init__.py -> /home/ziad/base/mia-final-competition/build/robot_kinematics_pkg/build/lib/robot_kinematics_pkg/scripts/omni
[0.915s] copying robot_kinematics_pkg/scripts/omni/omni6_inverse.py -> /home/ziad/base/mia-final-competition/build/robot_kinematics_pkg/build/lib/robot_kinematics_pkg/scripts/omni
[0.915s] copying robot_kinematics_pkg/scripts/omni/diff_invers_r1.py -> /home/ziad/base/mia-final-competition/build/robot_kinematics_pkg/build/lib/robot_kinematics_pkg/scripts/omni
[0.915s] copying robot_kinematics_pkg/scripts/omni/omni3_invers.py -> /home/ziad/base/mia-final-competition/build/robot_kinematics_pkg/build/lib/robot_kinematics_pkg/scripts/omni
[0.915s] copying robot_kinematics_pkg/scripts/omni/omni4_invers.py -> /home/ziad/base/mia-final-competition/build/robot_kinematics_pkg/build/lib/robot_kinematics_pkg/scripts/omni
[0.915s] copying robot_kinematics_pkg/scripts/omni/omni4_forward.py -> /home/ziad/base/mia-final-competition/build/robot_kinematics_pkg/build/lib/robot_kinematics_pkg/scripts/omni
[0.915s] creating /home/ziad/base/mia-final-competition/build/robot_kinematics_pkg/build/lib/robot_kinematics_pkg/scripts/diff
[0.915s] copying robot_kinematics_pkg/scripts/diff/diff_invers.py -> /home/ziad/base/mia-final-competition/build/robot_kinematics_pkg/build/lib/robot_kinematics_pkg/scripts/diff
[0.915s] copying robot_kinematics_pkg/scripts/diff/diff_forward_r1.py -> /home/ziad/base/mia-final-competition/build/robot_kinematics_pkg/build/lib/robot_kinematics_pkg/scripts/diff
[0.915s] copying robot_kinematics_pkg/scripts/diff/diff_forward.py -> /home/ziad/base/mia-final-competition/build/robot_kinematics_pkg/build/lib/robot_kinematics_pkg/scripts/diff
[0.915s] copying robot_kinematics_pkg/scripts/diff/__init__.py -> /home/ziad/base/mia-final-competition/build/robot_kinematics_pkg/build/lib/robot_kinematics_pkg/scripts/diff
[0.915s] copying robot_kinematics_pkg/scripts/diff/diff_invers_new_r1.py -> /home/ziad/base/mia-final-competition/build/robot_kinematics_pkg/build/lib/robot_kinematics_pkg/scripts/diff
[0.915s] copying robot_kinematics_pkg/scripts/diff/diff_invers_r1.py -> /home/ziad/base/mia-final-competition/build/robot_kinematics_pkg/build/lib/robot_kinematics_pkg/scripts/diff
[0.915s] running install
[0.917s] running install_lib
[0.927s] creating /home/ziad/base/mia-final-competition/install/robot_kinematics_pkg/lib/python3.12/site-packages/robot_kinematics_pkg
[0.927s] copying /home/ziad/base/mia-final-competition/build/robot_kinematics_pkg/build/lib/robot_kinematics_pkg/__init__.py -> /home/ziad/base/mia-final-competition/install/robot_kinematics_pkg/lib/python3.12/site-packages/robot_kinematics_pkg
[0.927s] creating /home/ziad/base/mia-final-competition/install/robot_kinematics_pkg/lib/python3.12/site-packages/robot_kinematics_pkg/kinematics1
[0.927s] copying /home/ziad/base/mia-final-competition/build/robot_kinematics_pkg/build/lib/robot_kinematics_pkg/kinematics1/__init__.py -> /home/ziad/base/mia-final-competition/install/robot_kinematics_pkg/lib/python3.12/site-packages/robot_kinematics_pkg/kinematics1
[0.927s] copying /home/ziad/base/mia-final-competition/build/robot_kinematics_pkg/build/lib/robot_kinematics_pkg/kinematics1/omni3_kin.py -> /home/ziad/base/mia-final-competition/install/robot_kinematics_pkg/lib/python3.12/site-packages/robot_kinematics_pkg/kinematics1
[0.927s] copying /home/ziad/base/mia-final-competition/build/robot_kinematics_pkg/build/lib/robot_kinematics_pkg/kinematics1/kinematics.py -> /home/ziad/base/mia-final-competition/install/robot_kinematics_pkg/lib/python3.12/site-packages/robot_kinematics_pkg/kinematics1
[0.927s] copying /home/ziad/base/mia-final-competition/build/robot_kinematics_pkg/build/lib/robot_kinematics_pkg/kinematics1/omni4_kin.py -> /home/ziad/base/mia-final-competition/install/robot_kinematics_pkg/lib/python3.12/site-packages/robot_kinematics_pkg/kinematics1
[0.927s] copying /home/ziad/base/mia-final-competition/build/robot_kinematics_pkg/build/lib/robot_kinematics_pkg/kinematics1/omni6_kin.py -> /home/ziad/base/mia-final-competition/install/robot_kinematics_pkg/lib/python3.12/site-packages/robot_kinematics_pkg/kinematics1
[0.928s] creating /home/ziad/base/mia-final-competition/install/robot_kinematics_pkg/lib/python3.12/site-packages/robot_kinematics_pkg/scripts
[0.928s] creating /home/ziad/base/mia-final-competition/install/robot_kinematics_pkg/lib/python3.12/site-packages/robot_kinematics_pkg/scripts/diff_2wheels
[0.928s] copying /home/ziad/base/mia-final-competition/build/robot_kinematics_pkg/build/lib/robot_kinematics_pkg/scripts/diff_2wheels/__init__.py -> /home/ziad/base/mia-final-competition/install/robot_kinematics_pkg/lib/python3.12/site-packages/robot_kinematics_pkg/scripts/diff_2wheels
[0.928s] copying /home/ziad/base/mia-final-competition/build/robot_kinematics_pkg/build/lib/robot_kinematics_pkg/scripts/diff_2wheels/diff_2wheels_invers.py -> /home/ziad/base/mia-final-competition/install/robot_kinematics_pkg/lib/python3.12/site-packages/robot_kinematics_pkg/scripts/diff_2wheels
[0.928s] copying /home/ziad/base/mia-final-competition/build/robot_kinematics_pkg/build/lib/robot_kinematics_pkg/scripts/diff_2wheels/diff_2wheels_forward.py -> /home/ziad/base/mia-final-competition/install/robot_kinematics_pkg/lib/python3.12/site-packages/robot_kinematics_pkg/scripts/diff_2wheels
[0.928s] creating /home/ziad/base/mia-final-competition/install/robot_kinematics_pkg/lib/python3.12/site-packages/robot_kinematics_pkg/scripts/mecanum
[0.928s] copying /home/ziad/base/mia-final-competition/build/robot_kinematics_pkg/build/lib/robot_kinematics_pkg/scripts/mecanum/mecanum_invers.py -> /home/ziad/base/mia-final-competition/install/robot_kinematics_pkg/lib/python3.12/site-packages/robot_kinematics_pkg/scripts/mecanum
[0.928s] copying /home/ziad/base/mia-final-competition/build/robot_kinematics_pkg/build/lib/robot_kinematics_pkg/scripts/mecanum/__init__.py -> /home/ziad/base/mia-final-competition/install/robot_kinematics_pkg/lib/python3.12/site-packages/robot_kinematics_pkg/scripts/mecanum
[0.928s] copying /home/ziad/base/mia-final-competition/build/robot_kinematics_pkg/build/lib/robot_kinematics_pkg/scripts/mecanum/mecanum_invers_r2.py -> /home/ziad/base/mia-final-competition/install/robot_kinematics_pkg/lib/python3.12/site-packages/robot_kinematics_pkg/scripts/mecanum
[0.928s] copying /home/ziad/base/mia-final-competition/build/robot_kinematics_pkg/build/lib/robot_kinematics_pkg/scripts/mecanum/mecanum_forward.py -> /home/ziad/base/mia-final-competition/install/robot_kinematics_pkg/lib/python3.12/site-packages/robot_kinematics_pkg/scripts/mecanum
[0.928s] copying /home/ziad/base/mia-final-competition/build/robot_kinematics_pkg/build/lib/robot_kinematics_pkg/scripts/__init__.py -> /home/ziad/base/mia-final-competition/install/robot_kinematics_pkg/lib/python3.12/site-packages/robot_kinematics_pkg/scripts
[0.928s] creating /home/ziad/base/mia-final-competition/install/robot_kinematics_pkg/lib/python3.12/site-packages/robot_kinematics_pkg/scripts/omni
[0.928s] copying /home/ziad/base/mia-final-competition/build/robot_kinematics_pkg/build/lib/robot_kinematics_pkg/scripts/omni/omni3_forward.py -> /home/ziad/base/mia-final-competition/install/robot_kinematics_pkg/lib/python3.12/site-packages/robot_kinematics_pkg/scripts/omni
[0.928s] copying /home/ziad/base/mia-final-competition/build/robot_kinematics_pkg/build/lib/robot_kinematics_pkg/scripts/omni/__init__.py -> /home/ziad/base/mia-final-competition/install/robot_kinematics_pkg/lib/python3.12/site-packages/robot_kinematics_pkg/scripts/omni
[0.928s] copying /home/ziad/base/mia-final-competition/build/robot_kinematics_pkg/build/lib/robot_kinematics_pkg/scripts/omni/omni6_inverse.py -> /home/ziad/base/mia-final-competition/install/robot_kinematics_pkg/lib/python3.12/site-packages/robot_kinematics_pkg/scripts/omni
[0.928s] copying /home/ziad/base/mia-final-competition/build/robot_kinematics_pkg/build/lib/robot_kinematics_pkg/scripts/omni/diff_invers_r1.py -> /home/ziad/base/mia-final-competition/install/robot_kinematics_pkg/lib/python3.12/site-packages/robot_kinematics_pkg/scripts/omni
[0.928s] copying /home/ziad/base/mia-final-competition/build/robot_kinematics_pkg/build/lib/robot_kinematics_pkg/scripts/omni/omni3_invers.py -> /home/ziad/base/mia-final-competition/install/robot_kinematics_pkg/lib/python3.12/site-packages/robot_kinematics_pkg/scripts/omni
[0.928s] copying /home/ziad/base/mia-final-competition/build/robot_kinematics_pkg/build/lib/robot_kinematics_pkg/scripts/omni/omni4_invers.py -> /home/ziad/base/mia-final-competition/install/robot_kinematics_pkg/lib/python3.12/site-packages/robot_kinematics_pkg/scripts/omni
[0.928s] copying /home/ziad/base/mia-final-competition/build/robot_kinematics_pkg/build/lib/robot_kinematics_pkg/scripts/omni/omni4_forward.py -> /home/ziad/base/mia-final-competition/install/robot_kinematics_pkg/lib/python3.12/site-packages/robot_kinematics_pkg/scripts/omni
[0.928s] copying /home/ziad/base/mia-final-competition/build/robot_kinematics_pkg/build/lib/robot_kinematics_pkg/scripts/Ros_node.py -> /home/ziad/base/mia-final-competition/install/robot_kinematics_pkg/lib/python3.12/site-packages/robot_kinematics_pkg/scripts
[0.928s] creating /home/ziad/base/mia-final-competition/install/robot_kinematics_pkg/lib/python3.12/site-packages/robot_kinematics_pkg/scripts/diff
[0.929s] copying /home/ziad/base/mia-final-competition/build/robot_kinematics_pkg/build/lib/robot_kinematics_pkg/scripts/diff/diff_invers.py -> /home/ziad/base/mia-final-competition/install/robot_kinematics_pkg/lib/python3.12/site-packages/robot_kinematics_pkg/scripts/diff
[0.929s] copying /home/ziad/base/mia-final-competition/build/robot_kinematics_pkg/build/lib/robot_kinematics_pkg/scripts/diff/diff_forward_r1.py -> /home/ziad/base/mia-final-competition/install/robot_kinematics_pkg/lib/python3.12/site-packages/robot_kinematics_pkg/scripts/diff
[0.929s] copying /home/ziad/base/mia-final-competition/build/robot_kinematics_pkg/build/lib/robot_kinematics_pkg/scripts/diff/diff_forward.py -> /home/ziad/base/mia-final-competition/install/robot_kinematics_pkg/lib/python3.12/site-packages/robot_kinematics_pkg/scripts/diff
[0.929s] copying /home/ziad/base/mia-final-competition/build/robot_kinematics_pkg/build/lib/robot_kinematics_pkg/scripts/diff/__init__.py -> /home/ziad/base/mia-final-competition/install/robot_kinematics_pkg/lib/python3.12/site-packages/robot_kinematics_pkg/scripts/diff
[0.929s] copying /home/ziad/base/mia-final-competition/build/robot_kinematics_pkg/build/lib/robot_kinematics_pkg/scripts/diff/diff_invers_new_r1.py -> /home/ziad/base/mia-final-competition/install/robot_kinematics_pkg/lib/python3.12/site-packages/robot_kinematics_pkg/scripts/diff
[0.929s] copying /home/ziad/base/mia-final-competition/build/robot_kinematics_pkg/build/lib/robot_kinematics_pkg/scripts/diff/diff_invers_r1.py -> /home/ziad/base/mia-final-competition/install/robot_kinematics_pkg/lib/python3.12/site-packages/robot_kinematics_pkg/scripts/diff
[0.929s] creating /home/ziad/base/mia-final-competition/install/robot_kinematics_pkg/lib/python3.12/site-packages/robot_kinematics_pkg/kinematics2
[0.929s] copying /home/ziad/base/mia-final-competition/build/robot_kinematics_pkg/build/lib/robot_kinematics_pkg/kinematics2/kinematics2.py -> /home/ziad/base/mia-final-competition/install/robot_kinematics_pkg/lib/python3.12/site-packages/robot_kinematics_pkg/kinematics2
[0.929s] copying /home/ziad/base/mia-final-competition/build/robot_kinematics_pkg/build/lib/robot_kinematics_pkg/kinematics2/diff_kin.py -> /home/ziad/base/mia-final-competition/install/robot_kinematics_pkg/lib/python3.12/site-packages/robot_kinematics_pkg/kinematics2
[0.929s] copying /home/ziad/base/mia-final-competition/build/robot_kinematics_pkg/build/lib/robot_kinematics_pkg/kinematics2/__init__.py -> /home/ziad/base/mia-final-competition/install/robot_kinematics_pkg/lib/python3.12/site-packages/robot_kinematics_pkg/kinematics2
[0.929s] copying /home/ziad/base/mia-final-competition/build/robot_kinematics_pkg/build/lib/robot_kinematics_pkg/kinematics2/mecanum_kin.py -> /home/ziad/base/mia-final-competition/install/robot_kinematics_pkg/lib/python3.12/site-packages/robot_kinematics_pkg/kinematics2
[0.929s] copying /home/ziad/base/mia-final-competition/build/robot_kinematics_pkg/build/lib/robot_kinematics_pkg/kinematics2/diff_kin_2wheels.py -> /home/ziad/base/mia-final-competition/install/robot_kinematics_pkg/lib/python3.12/site-packages/robot_kinematics_pkg/kinematics2
[0.929s] byte-compiling /home/ziad/base/mia-final-competition/install/robot_kinematics_pkg/lib/python3.12/site-packages/robot_kinematics_pkg/__init__.py to __init__.cpython-312.pyc
[0.929s] byte-compiling /home/ziad/base/mia-final-competition/install/robot_kinematics_pkg/lib/python3.12/site-packages/robot_kinematics_pkg/kinematics1/__init__.py to __init__.cpython-312.pyc
[0.929s] byte-compiling /home/ziad/base/mia-final-competition/install/robot_kinematics_pkg/lib/python3.12/site-packages/robot_kinematics_pkg/kinematics1/omni3_kin.py to omni3_kin.cpython-312.pyc
[0.929s] byte-compiling /home/ziad/base/mia-final-competition/install/robot_kinematics_pkg/lib/python3.12/site-packages/robot_kinematics_pkg/kinematics1/kinematics.py to kinematics.cpython-312.pyc
[0.930s] byte-compiling /home/ziad/base/mia-final-competition/install/robot_kinematics_pkg/lib/python3.12/site-packages/robot_kinematics_pkg/kinematics1/omni4_kin.py to omni4_kin.cpython-312.pyc
[0.930s] byte-compiling /home/ziad/base/mia-final-competition/install/robot_kinematics_pkg/lib/python3.12/site-packages/robot_kinematics_pkg/kinematics1/omni6_kin.py to omni6_kin.cpython-312.pyc
[0.931s] byte-compiling /home/ziad/base/mia-final-competition/install/robot_kinematics_pkg/lib/python3.12/site-packages/robot_kinematics_pkg/scripts/diff_2wheels/__init__.py to __init__.cpython-312.pyc
[0.931s] byte-compiling /home/ziad/base/mia-final-competition/install/robot_kinematics_pkg/lib/python3.12/site-packages/robot_kinematics_pkg/scripts/diff_2wheels/diff_2wheels_invers.py to diff_2wheels_invers.cpython-312.pyc
[0.931s] byte-compiling /home/ziad/base/mia-final-competition/install/robot_kinematics_pkg/lib/python3.12/site-packages/robot_kinematics_pkg/scripts/diff_2wheels/diff_2wheels_forward.py to diff_2wheels_forward.cpython-312.pyc
[0.931s] byte-compiling /home/ziad/base/mia-final-competition/install/robot_kinematics_pkg/lib/python3.12/site-packages/robot_kinematics_pkg/scripts/mecanum/mecanum_invers.py to mecanum_invers.cpython-312.pyc
[0.931s] byte-compiling /home/ziad/base/mia-final-competition/install/robot_kinematics_pkg/lib/python3.12/site-packages/robot_kinematics_pkg/scripts/mecanum/__init__.py to __init__.cpython-312.pyc
[0.931s] byte-compiling /home/ziad/base/mia-final-competition/install/robot_kinematics_pkg/lib/python3.12/site-packages/robot_kinematics_pkg/scripts/mecanum/mecanum_invers_r2.py to mecanum_invers_r2.cpython-312.pyc
[0.931s] byte-compiling /home/ziad/base/mia-final-competition/install/robot_kinematics_pkg/lib/python3.12/site-packages/robot_kinematics_pkg/scripts/mecanum/mecanum_forward.py to mecanum_forward.cpython-312.pyc
[0.932s] byte-compiling /home/ziad/base/mia-final-competition/install/robot_kinematics_pkg/lib/python3.12/site-packages/robot_kinematics_pkg/scripts/__init__.py to __init__.cpython-312.pyc
[0.932s] byte-compiling /home/ziad/base/mia-final-competition/install/robot_kinematics_pkg/lib/python3.12/site-packages/robot_kinematics_pkg/scripts/omni/omni3_forward.py to omni3_forward.cpython-312.pyc
[0.932s] byte-compiling /home/ziad/base/mia-final-competition/install/robot_kinematics_pkg/lib/python3.12/site-packages/robot_kinematics_pkg/scripts/omni/__init__.py to __init__.cpython-312.pyc
[0.932s] byte-compiling /home/ziad/base/mia-final-competition/install/robot_kinematics_pkg/lib/python3.12/site-packages/robot_kinematics_pkg/scripts/omni/omni6_inverse.py to omni6_inverse.cpython-312.pyc
[0.932s] byte-compiling /home/ziad/base/mia-final-competition/install/robot_kinematics_pkg/lib/python3.12/site-packages/robot_kinematics_pkg/scripts/omni/diff_invers_r1.py to diff_invers_r1.cpython-312.pyc
[0.932s] byte-compiling /home/ziad/base/mia-final-competition/install/robot_kinematics_pkg/lib/python3.12/site-packages/robot_kinematics_pkg/scripts/omni/omni3_invers.py to omni3_invers.cpython-312.pyc
[0.932s] byte-compiling /home/ziad/base/mia-final-competition/install/robot_kinematics_pkg/lib/python3.12/site-packages/robot_kinematics_pkg/scripts/omni/omni4_invers.py to omni4_invers.cpython-312.pyc
[0.932s] byte-compiling /home/ziad/base/mia-final-competition/install/robot_kinematics_pkg/lib/python3.12/site-packages/robot_kinematics_pkg/scripts/omni/omni4_forward.py to omni4_forward.cpython-312.pyc
[0.932s] byte-compiling /home/ziad/base/mia-final-competition/install/robot_kinematics_pkg/lib/python3.12/site-packages/robot_kinematics_pkg/scripts/Ros_node.py to Ros_node.cpython-312.pyc
[0.933s] byte-compiling /home/ziad/base/mia-final-competition/install/robot_kinematics_pkg/lib/python3.12/site-packages/robot_kinematics_pkg/scripts/diff/diff_invers.py to diff_invers.cpython-312.pyc
[0.933s] byte-compiling /home/ziad/base/mia-final-competition/install/robot_kinematics_pkg/lib/python3.12/site-packages/robot_kinematics_pkg/scripts/diff/diff_forward_r1.py to diff_forward_r1.cpython-312.pyc
[0.933s] byte-compiling /home/ziad/base/mia-final-competition/install/robot_kinematics_pkg/lib/python3.12/site-packages/robot_kinematics_pkg/scripts/diff/diff_forward.py to diff_forward.cpython-312.pyc
[0.933s] byte-compiling /home/ziad/base/mia-final-competition/install/robot_kinematics_pkg/lib/python3.12/site-packages/robot_kinematics_pkg/scripts/diff/__init__.py to __init__.cpython-312.pyc
[0.933s] byte-compiling /home/ziad/base/mia-final-competition/install/robot_kinematics_pkg/lib/python3.12/site-packages/robot_kinematics_pkg/scripts/diff/diff_invers_new_r1.py to diff_invers_new_r1.cpython-312.pyc
[0.934s] byte-compiling /home/ziad/base/mia-final-competition/install/robot_kinematics_pkg/lib/python3.12/site-packages/robot_kinematics_pkg/scripts/diff/diff_invers_r1.py to diff_invers_r1.cpython-312.pyc
[0.934s] byte-compiling /home/ziad/base/mia-final-competition/install/robot_kinematics_pkg/lib/python3.12/site-packages/robot_kinematics_pkg/kinematics2/kinematics2.py to kinematics2.cpython-312.pyc
[0.934s] byte-compiling /home/ziad/base/mia-final-competition/install/robot_kinematics_pkg/lib/python3.12/site-packages/robot_kinematics_pkg/kinematics2/diff_kin.py to diff_kin.cpython-312.pyc
[0.934s] byte-compiling /home/ziad/base/mia-final-competition/install/robot_kinematics_pkg/lib/python3.12/site-packages/robot_kinematics_pkg/kinematics2/__init__.py to __init__.cpython-312.pyc
[0.934s] byte-compiling /home/ziad/base/mia-final-competition/install/robot_kinematics_pkg/lib/python3.12/site-packages/robot_kinematics_pkg/kinematics2/mecanum_kin.py to mecanum_kin.cpython-312.pyc
[0.934s] byte-compiling /home/ziad/base/mia-final-competition/install/robot_kinematics_pkg/lib/python3.12/site-packages/robot_kinematics_pkg/kinematics2/diff_kin_2wheels.py to diff_kin_2wheels.cpython-312.pyc
[0.935s] running install_data
[0.935s] creating /home/ziad/base/mia-final-competition/install/robot_kinematics_pkg/share/ament_index
[0.935s] creating /home/ziad/base/mia-final-competition/install/robot_kinematics_pkg/share/ament_index/resource_index
[0.935s] creating /home/ziad/base/mia-final-competition/install/robot_kinematics_pkg/share/ament_index/resource_index/packages
[0.935s] copying resource/robot_kinematics_pkg -> /home/ziad/base/mia-final-competition/install/robot_kinematics_pkg/share/ament_index/resource_index/packages
[0.935s] copying package.xml -> /home/ziad/base/mia-final-competition/install/robot_kinematics_pkg/share/robot_kinematics_pkg
[0.935s] running install_egg_info
[0.945s] Copying ../build/robot_kinematics_pkg/robot_kinematics_pkg.egg-info to /home/ziad/base/mia-final-competition/install/robot_kinematics_pkg/lib/python3.12/site-packages/robot_kinematics_pkg-0.0.0-py3.12.egg-info
[0.945s] running install_scripts
[1.010s] Installing diff_2wheels_forward script to /home/ziad/base/mia-final-competition/install/robot_kinematics_pkg/lib/robot_kinematics_pkg
[1.010s] Installing diff_2wheels_invers script to /home/ziad/base/mia-final-competition/install/robot_kinematics_pkg/lib/robot_kinematics_pkg
[1.010s] Installing diff_forward script to /home/ziad/base/mia-final-competition/install/robot_kinematics_pkg/lib/robot_kinematics_pkg
[1.010s] Installing diff_forward_r1 script to /home/ziad/base/mia-final-competition/install/robot_kinematics_pkg/lib/robot_kinematics_pkg
[1.010s] Installing diff_invers script to /home/ziad/base/mia-final-competition/install/robot_kinematics_pkg/lib/robot_kinematics_pkg
[1.010s] Installing diff_invers_new_r1 script to /home/ziad/base/mia-final-competition/install/robot_kinematics_pkg/lib/robot_kinematics_pkg
[1.011s] Installing diff_invers_r1 script to /home/ziad/base/mia-final-competition/install/robot_kinematics_pkg/lib/robot_kinematics_pkg
[1.011s] Installing kinematics script to /home/ziad/base/mia-final-competition/install/robot_kinematics_pkg/lib/robot_kinematics_pkg
[1.011s] Installing mecanum_forward script to /home/ziad/base/mia-final-competition/install/robot_kinematics_pkg/lib/robot_kinematics_pkg
[1.011s] Installing mecanum_invers script to /home/ziad/base/mia-final-competition/install/robot_kinematics_pkg/lib/robot_kinematics_pkg
[1.011s] Installing mecanum_invers_r2 script to /home/ziad/base/mia-final-competition/install/robot_kinematics_pkg/lib/robot_kinematics_pkg
[1.011s] Installing omni3_forward script to /home/ziad/base/mia-final-competition/install/robot_kinematics_pkg/lib/robot_kinematics_pkg
[1.011s] Installing omni3_invers script to /home/ziad/base/mia-final-competition/install/robot_kinematics_pkg/lib/robot_kinematics_pkg
[1.011s] Installing omni4_forward script to /home/ziad/base/mia-final-competition/install/robot_kinematics_pkg/lib/robot_kinematics_pkg
[1.011s] Installing omni4_invers script to /home/ziad/base/mia-final-competition/install/robot_kinematics_pkg/lib/robot_kinematics_pkg
[1.011s] Installing omni6_invers script to /home/ziad/base/mia-final-competition/install/robot_kinematics_pkg/lib/robot_kinematics_pkg
[1.011s] writing list of installed files to '/home/ziad/base/mia-final-competition/build/robot_kinematics_pkg/install.log'
[1.026s] Invoked command in '/home/ziad/base/mia-final-competition/robot_kinematics_pkg' returned '0': DEBUGINFOD_URLS=https://debuginfod.ubuntu.com PYTHONPATH=/home/ziad/base/mia-final-competition/build/robot_kinematics_pkg/prefix_override:/usr/lib/python3/dist-packages/colcon_core/task/python/colcon_distutils_commands:/home/ziad/base/mia-final-competition/install/robot_kinematics_pkg/lib/python3.12/site-packages:${PYTHONPATH} /usr/bin/python3 -W ignore:setup.py install is deprecated -W ignore:easy_install command is deprecated setup.py egg_info --egg-base ../build/robot_kinematics_pkg build --build-base /home/ziad/base/mia-final-competition/build/robot_kinematics_pkg/build install --record /home/ziad/base/mia-final-competition/build/robot_kinematics_pkg/install.log --install-scripts $base/lib/robot_kinematics_pkg --single-version-externally-managed install_data
