[0.114s] Invoking command in '/home/ziad/base/mia-final-competition/build/car_nav2_mecanum': CMAKE_PREFIX_PATH=${CMAKE_PREFIX_PATH}:/opt/ros/jazzy DEBUGINFOD_URLS=https://debuginfod.ubuntu.com /usr/bin/cmake /home/ziad/base/mia-final-competition/car_nav2_mecanum -DCMAKE_INSTALL_PREFIX=/home/ziad/base/mia-final-competition/install/car_nav2_mecanum
[0.422s] -- The C compiler identification is GNU 13.3.0
[0.422s] -- The CXX compiler identification is GNU 13.3.0
[0.422s] -- Detecting C compiler ABI info
[0.422s] -- Detecting C compiler ABI info - done
[0.422s] -- Check for working C compiler: /usr/bin/cc - skipped
[0.422s] -- Detecting C compile features
[0.423s] -- Detecting C compile features - done
[0.423s] -- Detecting CXX compiler ABI info
[0.423s] -- Detecting CXX compiler ABI info - done
[0.423s] -- Check for working CXX compiler: /usr/bin/c++ - skipped
[0.423s] -- Detecting CXX compile features
[0.423s] -- Detecting CXX compile features - done
[0.423s] -- Found ament_cmake: 2.5.6 (/opt/ros/jazzy/share/ament_cmake/cmake)
[0.513s] -- Found Python3: /usr/bin/python3 (found version "3.12.3") found components: Interpreter 
[0.582s] -- Found ament_lint_auto: 0.17.5 (/opt/ros/jazzy/share/ament_lint_auto/cmake)
[0.651s] -- Added test 'flake8' to check Python code syntax and style conventions
[0.651s] -- Configured 'flake8' exclude dirs and/or files: 
[0.652s] -- Added test 'lint_cmake' to check CMake code style
[0.652s] -- Added test 'pep257' to check Python code against some of the docstring style conventions in PEP 257
[0.654s] -- Added test 'xmllint' to check XML markup files
[0.654s] -- Configuring done (0.5s)
[0.656s] -- Generating done (0.0s)
[0.657s] -- Build files have been written to: /home/ziad/base/mia-final-competition/build/car_nav2_mecanum
[0.661s] Invoked command in '/home/ziad/base/mia-final-competition/build/car_nav2_mecanum' returned '0': CMAKE_PREFIX_PATH=${CMAKE_PREFIX_PATH}:/opt/ros/jazzy DEBUGINFOD_URLS=https://debuginfod.ubuntu.com /usr/bin/cmake /home/ziad/base/mia-final-competition/car_nav2_mecanum -DCMAKE_INSTALL_PREFIX=/home/ziad/base/mia-final-competition/install/car_nav2_mecanum
[0.661s] Invoking command in '/home/ziad/base/mia-final-competition/build/car_nav2_mecanum': CMAKE_PREFIX_PATH=${CMAKE_PREFIX_PATH}:/opt/ros/jazzy DEBUGINFOD_URLS=https://debuginfod.ubuntu.com /usr/bin/cmake --build /home/ziad/base/mia-final-competition/build/car_nav2_mecanum -- -j28 -l28
[0.691s] Invoked command in '/home/ziad/base/mia-final-competition/build/car_nav2_mecanum' returned '0': CMAKE_PREFIX_PATH=${CMAKE_PREFIX_PATH}:/opt/ros/jazzy DEBUGINFOD_URLS=https://debuginfod.ubuntu.com /usr/bin/cmake --build /home/ziad/base/mia-final-competition/build/car_nav2_mecanum -- -j28 -l28
[0.701s] Invoking command in '/home/ziad/base/mia-final-competition/build/car_nav2_mecanum': CMAKE_PREFIX_PATH=${CMAKE_PREFIX_PATH}:/opt/ros/jazzy DEBUGINFOD_URLS=https://debuginfod.ubuntu.com /usr/bin/cmake --install /home/ziad/base/mia-final-competition/build/car_nav2_mecanum
[0.710s] -- Install configuration: ""
[0.710s] -- Installing: /home/ziad/base/mia-final-competition/install/car_nav2_mecanum/share/car_nav2_mecanum/launch
[0.710s] -- Installing: /home/ziad/base/mia-final-competition/install/car_nav2_mecanum/share/car_nav2_mecanum/launch/spawn_robot.launch.py
[0.710s] -- Installing: /home/ziad/base/mia-final-competition/install/car_nav2_mecanum/share/car_nav2_mecanum/urdf
[0.710s] -- Installing: /home/ziad/base/mia-final-competition/install/car_nav2_mecanum/share/car_nav2_mecanum/urdf/materials.xacro
[0.710s] -- Installing: /home/ziad/base/mia-final-competition/install/car_nav2_mecanum/share/car_nav2_mecanum/urdf/mycar.urdf
[0.710s] -- Installing: /home/ziad/base/mia-final-competition/install/car_nav2_mecanum/share/car_nav2_mecanum/urdf/mycar.gazebo
[0.710s] -- Installing: /home/ziad/base/mia-final-competition/install/car_nav2_mecanum/share/car_nav2_mecanum/config
[0.710s] -- Installing: /home/ziad/base/mia-final-competition/install/car_nav2_mecanum/share/car_nav2_mecanum/config/slam_toolbox_mapping.yaml
[0.710s] -- Installing: /home/ziad/base/mia-final-competition/install/car_nav2_mecanum/share/car_nav2_mecanum/config/ekf.yaml
[0.710s] -- Installing: /home/ziad/base/mia-final-competition/install/car_nav2_mecanum/share/car_nav2_mecanum/config/gz_bridge.yaml
[0.710s] -- Installing: /home/ziad/base/mia-final-competition/install/car_nav2_mecanum/share/car_nav2_mecanum/config/navigation.yaml
[0.710s] -- Installing: /home/ziad/base/mia-final-competition/install/car_nav2_mecanum/share/car_nav2_mecanum/worlds
[0.710s] -- Installing: /home/ziad/base/mia-final-competition/install/car_nav2_mecanum/share/car_nav2_mecanum/worlds/contest_map.sdf
[0.710s] -- Installing: /home/ziad/base/mia-final-competition/install/car_nav2_mecanum/share/car_nav2_mecanum/models
[0.710s] -- Installing: /home/ziad/base/mia-final-competition/install/car_nav2_mecanum/share/car_nav2_mecanum/models/obj2
[0.711s] -- Installing: /home/ziad/base/mia-final-competition/install/car_nav2_mecanum/share/car_nav2_mecanum/models/obj2/meshes
[0.711s] -- Installing: /home/ziad/base/mia-final-competition/install/car_nav2_mecanum/share/car_nav2_mecanum/models/obj2/meshes/obj2.glb
[0.711s] -- Installing: /home/ziad/base/mia-final-competition/install/car_nav2_mecanum/share/car_nav2_mecanum/models/obj2/model.sdf
[0.711s] -- Installing: /home/ziad/base/mia-final-competition/install/car_nav2_mecanum/share/car_nav2_mecanum/models/obj2/model.config
[0.711s] -- Installing: /home/ziad/base/mia-final-competition/install/car_nav2_mecanum/share/car_nav2_mecanum/models/obj4
[0.711s] -- Installing: /home/ziad/base/mia-final-competition/install/car_nav2_mecanum/share/car_nav2_mecanum/models/obj4/meshes
[0.711s] -- Installing: /home/ziad/base/mia-final-competition/install/car_nav2_mecanum/share/car_nav2_mecanum/models/obj4/meshes/obj4.glb
[0.711s] -- Installing: /home/ziad/base/mia-final-competition/install/car_nav2_mecanum/share/car_nav2_mecanum/models/obj4/model.sdf
[0.711s] -- Installing: /home/ziad/base/mia-final-competition/install/car_nav2_mecanum/share/car_nav2_mecanum/models/obj4/model.config
[0.711s] -- Installing: /home/ziad/base/mia-final-competition/install/car_nav2_mecanum/share/car_nav2_mecanum/models/map
[0.711s] -- Installing: /home/ziad/base/mia-final-competition/install/car_nav2_mecanum/share/car_nav2_mecanum/models/map/meshes
[0.711s] -- Installing: /home/ziad/base/mia-final-competition/install/car_nav2_mecanum/share/car_nav2_mecanum/models/map/meshes/map.glb
[0.711s] -- Installing: /home/ziad/base/mia-final-competition/install/car_nav2_mecanum/share/car_nav2_mecanum/models/map/model.sdf
[0.711s] -- Installing: /home/ziad/base/mia-final-competition/install/car_nav2_mecanum/share/car_nav2_mecanum/models/map/model.config
[0.711s] -- Installing: /home/ziad/base/mia-final-competition/install/car_nav2_mecanum/share/car_nav2_mecanum/models/obj3
[0.711s] -- Installing: /home/ziad/base/mia-final-competition/install/car_nav2_mecanum/share/car_nav2_mecanum/models/obj3/meshes
[0.711s] -- Installing: /home/ziad/base/mia-final-competition/install/car_nav2_mecanum/share/car_nav2_mecanum/models/obj3/meshes/obj3.glb
[0.711s] -- Installing: /home/ziad/base/mia-final-competition/install/car_nav2_mecanum/share/car_nav2_mecanum/models/obj3/model.sdf
[0.711s] -- Installing: /home/ziad/base/mia-final-competition/install/car_nav2_mecanum/share/car_nav2_mecanum/models/obj3/model.config
[0.711s] -- Installing: /home/ziad/base/mia-final-competition/install/car_nav2_mecanum/share/car_nav2_mecanum/models/obj1
[0.711s] -- Installing: /home/ziad/base/mia-final-competition/install/car_nav2_mecanum/share/car_nav2_mecanum/models/obj1/meshes
[0.711s] -- Installing: /home/ziad/base/mia-final-competition/install/car_nav2_mecanum/share/car_nav2_mecanum/models/obj1/meshes/obj1.glb
[0.712s] -- Installing: /home/ziad/base/mia-final-competition/install/car_nav2_mecanum/share/car_nav2_mecanum/models/obj1/model.sdf
[0.712s] -- Installing: /home/ziad/base/mia-final-competition/install/car_nav2_mecanum/share/car_nav2_mecanum/models/obj1/model.config
[0.712s] -- Installing: /home/ziad/base/mia-final-competition/install/car_nav2_mecanum/share/car_nav2_mecanum/models/car
[0.712s] -- Installing: /home/ziad/base/mia-final-competition/install/car_nav2_mecanum/share/car_nav2_mecanum/models/car/meshes
[0.712s] -- Installing: /home/ziad/base/mia-final-competition/install/car_nav2_mecanum/share/car_nav2_mecanum/models/car/meshes/lidar.dae
[0.712s] -- Installing: /home/ziad/base/mia-final-competition/install/car_nav2_mecanum/share/car_nav2_mecanum/models/car/meshes/wheel.dae
[0.712s] -- Installing: /home/ziad/base/mia-final-competition/install/car_nav2_mecanum/share/car_nav2_mecanum/models/car/meshes/mycar.dae
[0.713s] -- Installing: /home/ziad/base/mia-final-competition/install/car_nav2_mecanum/share/car_nav2_mecanum/models/car/meshes/mecanum_wheel_left.STL
[0.714s] -- Installing: /home/ziad/base/mia-final-competition/install/car_nav2_mecanum/share/car_nav2_mecanum/models/car/meshes/mecanum_wheel_right.STL
[0.714s] -- Installing: /home/ziad/base/mia-final-competition/install/car_nav2_mecanum/share/ament_index/resource_index/package_run_dependencies/car_nav2_mecanum
[0.714s] -- Installing: /home/ziad/base/mia-final-competition/install/car_nav2_mecanum/share/ament_index/resource_index/parent_prefix_path/car_nav2_mecanum
[0.714s] -- Installing: /home/ziad/base/mia-final-competition/install/car_nav2_mecanum/share/car_nav2_mecanum/environment/ament_prefix_path.sh
[0.714s] -- Installing: /home/ziad/base/mia-final-competition/install/car_nav2_mecanum/share/car_nav2_mecanum/environment/ament_prefix_path.dsv
[0.716s] -- Installing: /home/ziad/base/mia-final-competition/install/car_nav2_mecanum/share/car_nav2_mecanum/environment/path.sh
[0.716s] -- Installing: /home/ziad/base/mia-final-competition/install/car_nav2_mecanum/share/car_nav2_mecanum/environment/path.dsv
[0.716s] -- Installing: /home/ziad/base/mia-final-competition/install/car_nav2_mecanum/share/car_nav2_mecanum/local_setup.bash
[0.716s] -- Installing: /home/ziad/base/mia-final-competition/install/car_nav2_mecanum/share/car_nav2_mecanum/local_setup.sh
[0.716s] -- Installing: /home/ziad/base/mia-final-competition/install/car_nav2_mecanum/share/car_nav2_mecanum/local_setup.zsh
[0.716s] -- Installing: /home/ziad/base/mia-final-competition/install/car_nav2_mecanum/share/car_nav2_mecanum/local_setup.dsv
[0.716s] -- Installing: /home/ziad/base/mia-final-competition/install/car_nav2_mecanum/share/car_nav2_mecanum/package.dsv
[0.716s] -- Installing: /home/ziad/base/mia-final-competition/install/car_nav2_mecanum/share/ament_index/resource_index/packages/car_nav2_mecanum
[0.716s] -- Installing: /home/ziad/base/mia-final-competition/install/car_nav2_mecanum/share/car_nav2_mecanum/cmake/car_nav2_mecanumConfig.cmake
[0.717s] -- Installing: /home/ziad/base/mia-final-competition/install/car_nav2_mecanum/share/car_nav2_mecanum/cmake/car_nav2_mecanumConfig-version.cmake
[0.717s] -- Installing: /home/ziad/base/mia-final-competition/install/car_nav2_mecanum/share/car_nav2_mecanum/package.xml
[0.717s] Invoked command in '/home/ziad/base/mia-final-competition/build/car_nav2_mecanum' returned '0': CMAKE_PREFIX_PATH=${CMAKE_PREFIX_PATH}:/opt/ros/jazzy DEBUGINFOD_URLS=https://debuginfod.ubuntu.com /usr/bin/cmake --install /home/ziad/base/mia-final-competition/build/car_nav2_mecanum
