[0.416s] Invoking command in '/home/ziad/base/mia-final-competition/build/srv_pkg': CMAKE_PREFIX_PATH=${CMAKE_PREFIX_PATH}:/opt/ros/jazzy DEBUGINFOD_URLS=https://debuginfod.ubuntu.com /usr/bin/cmake /home/ziad/base/mia-final-competition/srv_pkg -DCMAKE_INSTALL_PREFIX=/home/ziad/base/mia-final-competition/install/srv_pkg
[0.481s] -- The C compiler identification is GNU 13.3.0
[0.523s] -- The CXX compiler identification is GNU 13.3.0
[0.536s] -- Detecting C compiler ABI info
[0.612s] -- Detecting C compiler ABI info - done
[0.621s] -- Check for working C compiler: /usr/bin/cc - skipped
[0.621s] -- Detecting C compile features
[0.621s] -- Detecting C compile features - done
[0.630s] -- Detecting CXX compiler ABI info
[0.706s] -- Detecting CXX compiler ABI info - done
[0.712s] -- Check for working CXX compiler: /usr/bin/c++ - skipped
[0.713s] -- Detecting CXX compile features
[0.713s] -- Detecting CXX compile features - done
[0.714s] -- Found ament_cmake: 2.5.6 (/opt/ros/jazzy/share/ament_cmake/cmake)
[0.814s] -- Found Python3: /usr/bin/python3 (found version "3.12.3") found components: Interpreter 
[0.880s] -- Found rosidl_default_generators: 1.6.1 (/opt/ros/jazzy/share/rosidl_default_generators/cmake)
[0.888s] -- Using all available rosidl_typesupport_c: rosidl_typesupport_fastrtps_c;rosidl_typesupport_introspection_c
[0.932s] -- Using all available rosidl_typesupport_cpp: rosidl_typesupport_fastrtps_cpp;rosidl_typesupport_introspection_cpp
[0.969s] -- Found rosidl_adapter: 4.6.9 (/opt/ros/jazzy/share/rosidl_adapter/cmake)
[0.974s] -- Found sensor_msgs: 5.3.8 (/opt/ros/jazzy/share/sensor_msgs/cmake)
[1.548s] -- Found ament_cmake_ros: 0.12.1 (/opt/ros/jazzy/share/ament_cmake_ros/cmake)
[1.985s] -- Using all available rosidl_typesupport_c: rosidl_typesupport_fastrtps_c;rosidl_typesupport_introspection_c
[2.594s] -- Using all available rosidl_typesupport_cpp: rosidl_typesupport_fastrtps_cpp;rosidl_typesupport_introspection_cpp
[2.603s] -- Found python_cmake_module: 0.11.1 (/opt/ros/jazzy/share/python_cmake_module/cmake)
[2.783s] -- Found PythonExtra: /usr/bin/python3  
[3.186s] -- Found Python3: /usr/bin/python3 (found version "3.12.3") found components: Interpreter Development NumPy Development.Module Development.Embed 
[3.265s] -- Found Python3: /usr/bin/python3 (found version "3.12.3") found components: Interpreter 
[3.269s] -- Found ament_lint_auto: 0.17.5 (/opt/ros/jazzy/share/ament_lint_auto/cmake)
[3.302s] -- Added test 'copyright' to check source files copyright and LICENSE
[3.303s] -- Added test 'flake8' to check Python code syntax and style conventions
[3.303s] -- Configured 'flake8' exclude dirs and/or files: 
[3.303s] -- Added test 'lint_cmake' to check CMake code style
[3.303s] -- Added test 'pep257' to check Python code against some of the docstring style conventions in PEP 257
[3.304s] -- Added test 'xmllint' to check XML markup files
[3.305s] -- Configuring done (2.9s)
[3.324s] -- Generating done (0.0s)
[3.330s] -- Build files have been written to: /home/ziad/base/mia-final-competition/build/srv_pkg
[3.337s] Invoked command in '/home/ziad/base/mia-final-competition/build/srv_pkg' returned '0': CMAKE_PREFIX_PATH=${CMAKE_PREFIX_PATH}:/opt/ros/jazzy DEBUGINFOD_URLS=https://debuginfod.ubuntu.com /usr/bin/cmake /home/ziad/base/mia-final-competition/srv_pkg -DCMAKE_INSTALL_PREFIX=/home/ziad/base/mia-final-competition/install/srv_pkg
[3.337s] Invoking command in '/home/ziad/base/mia-final-competition/build/srv_pkg': CMAKE_PREFIX_PATH=${CMAKE_PREFIX_PATH}:/opt/ros/jazzy DEBUGINFOD_URLS=https://debuginfod.ubuntu.com /usr/bin/cmake --build /home/ziad/base/mia-final-competition/build/srv_pkg -- -j28 -l28
[3.379s] [  2%] [34m[1mGenerating type hashes for ROS interfaces[0m
[3.380s] [  5%] [34m[1mGenerating Rust code for ROS interfaces[0m
[3.387s] [  5%] Built target ament_cmake_python_copy_srv_pkg
[3.487s] [  5%] Built target srv_pkg__rosidl_generator_type_description
[3.495s] [  8%] [34m[1mGenerating C code for ROS interfaces[0m
[3.498s] running egg_info
[3.499s] creating srv_pkg.egg-info
[3.502s] [  8%] Built target srv_pkg__rs
[3.503s] [ 11%] [34m[1mGenerating C++ code for ROS interfaces[0m
[3.507s] writing srv_pkg.egg-info/PKG-INFO
[3.507s] writing dependency_links to srv_pkg.egg-info/dependency_links.txt
[3.507s] writing top-level names to srv_pkg.egg-info/top_level.txt
[3.507s] writing manifest file 'srv_pkg.egg-info/SOURCES.txt'
[3.534s] reading manifest file 'srv_pkg.egg-info/SOURCES.txt'
[3.534s] writing manifest file 'srv_pkg.egg-info/SOURCES.txt'
[3.551s] [ 11%] Built target ament_cmake_python_build_srv_pkg_egg
[3.638s] [ 11%] Built target srv_pkg__cpp
[3.653s] [ 14%] [32mBuilding C object CMakeFiles/srv_pkg__rosidl_generator_c.dir/rosidl_generator_c/srv_pkg/srv/detail/send_img__description.c.o[0m
[3.653s] [ 17%] [32mBuilding C object CMakeFiles/srv_pkg__rosidl_generator_c.dir/rosidl_generator_c/srv_pkg/srv/detail/send_img__functions.c.o[0m
[3.654s] [ 20%] [32mBuilding C object CMakeFiles/srv_pkg__rosidl_generator_c.dir/rosidl_generator_c/srv_pkg/srv/detail/send_img__type_support.c.o[0m
[3.731s] [ 22%] [32m[1mLinking C shared library libsrv_pkg__rosidl_generator_c.so[0m
[3.790s] [ 22%] Built target srv_pkg__rosidl_generator_c
[3.806s] [ 25%] [34m[1mGenerating C type support for eProsima Fast-RTPS[0m
[3.806s] [ 34%] [34m[1mGenerating C type support dispatch for ROS interfaces[0m
[3.806s] [ 34%] [34m[1mGenerating C introspection for ROS interfaces[0m
[3.806s] [ 34%] [34m[1mGenerating C++ type support for eProsima Fast-RTPS[0m
[3.807s] [ 40%] [34m[1mGenerating C++ introspection for ROS interfaces[0m
[3.807s] [ 40%] [34m[1mGenerating C++ type support dispatch for ROS interfaces[0m
[3.937s] [ 42%] [32mBuilding CXX object CMakeFiles/srv_pkg__rosidl_typesupport_cpp.dir/rosidl_typesupport_cpp/srv_pkg/srv/send_img__type_support.cpp.o[0m
[3.938s] [ 45%] [32mBuilding CXX object CMakeFiles/srv_pkg__rosidl_typesupport_c.dir/rosidl_typesupport_c/srv_pkg/srv/send_img__type_support.cpp.o[0m
[3.953s] [ 48%] [32mBuilding CXX object CMakeFiles/srv_pkg__rosidl_typesupport_introspection_cpp.dir/rosidl_typesupport_introspection_cpp/srv_pkg/srv/detail/send_img__type_support.cpp.o[0m
[3.953s] [ 51%] [32mBuilding C object CMakeFiles/srv_pkg__rosidl_typesupport_introspection_c.dir/rosidl_typesupport_introspection_c/srv_pkg/srv/detail/send_img__type_support.c.o[0m
[3.973s] [ 54%] [32mBuilding CXX object CMakeFiles/srv_pkg__rosidl_typesupport_fastrtps_c.dir/rosidl_typesupport_fastrtps_c/srv_pkg/srv/detail/send_img__type_support_c.cpp.o[0m
[3.976s] [ 57%] [32m[1mLinking CXX shared library libsrv_pkg__rosidl_typesupport_c.so[0m
[3.983s] [ 60%] [32mBuilding CXX object CMakeFiles/srv_pkg__rosidl_typesupport_fastrtps_cpp.dir/rosidl_typesupport_fastrtps_cpp/srv_pkg/srv/detail/dds_fastrtps/send_img__type_support.cpp.o[0m
[3.986s] [ 62%] [32m[1mLinking C shared library libsrv_pkg__rosidl_typesupport_introspection_c.so[0m
[4.007s] [ 62%] Built target srv_pkg__rosidl_typesupport_c
[4.014s] [ 62%] Built target srv_pkg__rosidl_typesupport_introspection_c
[4.179s] [ 65%] [32m[1mLinking CXX shared library libsrv_pkg__rosidl_typesupport_cpp.so[0m
[4.196s] [ 68%] [32m[1mLinking CXX shared library libsrv_pkg__rosidl_typesupport_introspection_cpp.so[0m
[4.215s] [ 71%] [32m[1mLinking CXX shared library libsrv_pkg__rosidl_typesupport_fastrtps_c.so[0m
[4.228s] [ 71%] Built target srv_pkg__rosidl_typesupport_cpp
[4.246s] [ 71%] Built target srv_pkg__rosidl_typesupport_introspection_cpp
[4.253s] [ 71%] Built target srv_pkg__rosidl_typesupport_fastrtps_c
[4.282s] [ 74%] [32m[1mLinking CXX shared library libsrv_pkg__rosidl_typesupport_fastrtps_cpp.so[0m
[4.360s] [ 74%] Built target srv_pkg__rosidl_typesupport_fastrtps_cpp
[4.386s] [ 74%] Built target srv_pkg
[4.428s] [ 77%] [34m[1mGenerating Python code for ROS interfaces[0m
[4.609s] [ 77%] Built target srv_pkg__py
[4.627s] [ 80%] [32mBuilding C object CMakeFiles/srv_pkg__rosidl_generator_py.dir/rosidl_generator_py/srv_pkg/srv/_send_img_s.c.o[0m
[4.763s] [ 82%] [32m[1mLinking C shared library libsrv_pkg__rosidl_generator_py.so[0m
[4.832s] [ 82%] Built target srv_pkg__rosidl_generator_py
[4.853s] [ 85%] [32mBuilding C object CMakeFiles/srv_pkg_s__rosidl_typesupport_fastrtps_c.dir/rosidl_generator_py/srv_pkg/_srv_pkg_s.ep.rosidl_typesupport_fastrtps_c.c.o[0m
[4.855s] [ 88%] [32mBuilding C object CMakeFiles/srv_pkg_s__rosidl_typesupport_introspection_c.dir/rosidl_generator_py/srv_pkg/_srv_pkg_s.ep.rosidl_typesupport_introspection_c.c.o[0m
[4.855s] [ 91%] [32mBuilding C object CMakeFiles/srv_pkg_s__rosidl_typesupport_c.dir/rosidl_generator_py/srv_pkg/_srv_pkg_s.ep.rosidl_typesupport_c.c.o[0m
[4.909s] [ 94%] [32m[1mLinking C shared module rosidl_generator_py/srv_pkg/srv_pkg_s__rosidl_typesupport_fastrtps_c.so[0m
[4.916s] [ 97%] [32m[1mLinking C shared module rosidl_generator_py/srv_pkg/srv_pkg_s__rosidl_typesupport_c.so[0m
[4.916s] [100%] [32m[1mLinking C shared module rosidl_generator_py/srv_pkg/srv_pkg_s__rosidl_typesupport_introspection_c.so[0m
[4.937s] [100%] Built target srv_pkg_s__rosidl_typesupport_fastrtps_c
[4.947s] [100%] Built target srv_pkg_s__rosidl_typesupport_c
[4.948s] [100%] Built target srv_pkg_s__rosidl_typesupport_introspection_c
[4.960s] Invoked command in '/home/ziad/base/mia-final-competition/build/srv_pkg' returned '0': CMAKE_PREFIX_PATH=${CMAKE_PREFIX_PATH}:/opt/ros/jazzy DEBUGINFOD_URLS=https://debuginfod.ubuntu.com /usr/bin/cmake --build /home/ziad/base/mia-final-competition/build/srv_pkg -- -j28 -l28
[4.961s] Invoking command in '/home/ziad/base/mia-final-competition/build/srv_pkg': CMAKE_PREFIX_PATH=${CMAKE_PREFIX_PATH}:/opt/ros/jazzy DEBUGINFOD_URLS=https://debuginfod.ubuntu.com /usr/bin/cmake --install /home/ziad/base/mia-final-competition/build/srv_pkg
[4.972s] -- Install configuration: ""
[4.972s] -- Installing: /home/ziad/base/mia-final-competition/install/srv_pkg/share/ament_index/resource_index/rosidl_interfaces/srv_pkg
[4.972s] -- Installing: /home/ziad/base/mia-final-competition/install/srv_pkg/share/srv_pkg/srv/SendImg.json
[4.972s] -- Installing: /home/ziad/base/mia-final-competition/install/srv_pkg/include/srv_pkg/srv_pkg
[4.972s] -- Installing: /home/ziad/base/mia-final-competition/install/srv_pkg/include/srv_pkg/srv_pkg/msg
[4.972s] -- Installing: /home/ziad/base/mia-final-competition/install/srv_pkg/include/srv_pkg/srv_pkg/msg/rosidl_generator_c__visibility_control.h
[4.972s] -- Installing: /home/ziad/base/mia-final-competition/install/srv_pkg/include/srv_pkg/srv_pkg/srv
[4.972s] -- Installing: /home/ziad/base/mia-final-competition/install/srv_pkg/include/srv_pkg/srv_pkg/srv/send_img.h
[4.972s] -- Installing: /home/ziad/base/mia-final-competition/install/srv_pkg/include/srv_pkg/srv_pkg/srv/detail
[4.972s] -- Installing: /home/ziad/base/mia-final-competition/install/srv_pkg/include/srv_pkg/srv_pkg/srv/detail/send_img__functions.h
[4.972s] -- Installing: /home/ziad/base/mia-final-competition/install/srv_pkg/include/srv_pkg/srv_pkg/srv/detail/send_img__type_support.h
[4.972s] -- Installing: /home/ziad/base/mia-final-competition/install/srv_pkg/include/srv_pkg/srv_pkg/srv/detail/send_img__description.c
[4.972s] -- Installing: /home/ziad/base/mia-final-competition/install/srv_pkg/include/srv_pkg/srv_pkg/srv/detail/send_img__struct.h
[4.972s] -- Installing: /home/ziad/base/mia-final-competition/install/srv_pkg/include/srv_pkg/srv_pkg/srv/detail/send_img__functions.c
[4.972s] -- Installing: /home/ziad/base/mia-final-competition/install/srv_pkg/include/srv_pkg/srv_pkg/srv/detail/send_img__type_support.c
[4.973s] -- Installing: /home/ziad/base/mia-final-competition/install/srv_pkg/share/srv_pkg/environment/library_path.sh
[4.973s] -- Installing: /home/ziad/base/mia-final-competition/install/srv_pkg/share/srv_pkg/environment/library_path.dsv
[4.973s] -- Installing: /home/ziad/base/mia-final-competition/install/srv_pkg/lib/libsrv_pkg__rosidl_generator_c.so
[4.973s] -- Set non-toolchain portion of runtime path of "/home/ziad/base/mia-final-competition/install/srv_pkg/lib/libsrv_pkg__rosidl_generator_c.so" to ""
[4.973s] -- Up-to-date: /home/ziad/base/mia-final-competition/install/srv_pkg/include/srv_pkg/srv_pkg
[4.973s] -- Up-to-date: /home/ziad/base/mia-final-competition/install/srv_pkg/include/srv_pkg/srv_pkg/msg
[4.973s] -- Installing: /home/ziad/base/mia-final-competition/install/srv_pkg/include/srv_pkg/srv_pkg/msg/rosidl_typesupport_fastrtps_c__visibility_control.h
[4.973s] -- Up-to-date: /home/ziad/base/mia-final-competition/install/srv_pkg/include/srv_pkg/srv_pkg/srv
[4.973s] -- Up-to-date: /home/ziad/base/mia-final-competition/install/srv_pkg/include/srv_pkg/srv_pkg/srv/detail
[4.973s] -- Installing: /home/ziad/base/mia-final-competition/install/srv_pkg/include/srv_pkg/srv_pkg/srv/detail/send_img__rosidl_typesupport_fastrtps_c.h
[4.973s] -- Installing: /home/ziad/base/mia-final-competition/install/srv_pkg/lib/libsrv_pkg__rosidl_typesupport_fastrtps_c.so
[4.973s] -- Set non-toolchain portion of runtime path of "/home/ziad/base/mia-final-competition/install/srv_pkg/lib/libsrv_pkg__rosidl_typesupport_fastrtps_c.so" to ""
[4.973s] -- Up-to-date: /home/ziad/base/mia-final-competition/install/srv_pkg/include/srv_pkg/srv_pkg
[4.973s] -- Up-to-date: /home/ziad/base/mia-final-competition/install/srv_pkg/include/srv_pkg/srv_pkg/msg
[4.973s] -- Installing: /home/ziad/base/mia-final-competition/install/srv_pkg/include/srv_pkg/srv_pkg/msg/rosidl_typesupport_introspection_c__visibility_control.h
[4.973s] -- Up-to-date: /home/ziad/base/mia-final-competition/install/srv_pkg/include/srv_pkg/srv_pkg/srv
[4.973s] -- Up-to-date: /home/ziad/base/mia-final-competition/install/srv_pkg/include/srv_pkg/srv_pkg/srv/detail
[4.973s] -- Installing: /home/ziad/base/mia-final-competition/install/srv_pkg/include/srv_pkg/srv_pkg/srv/detail/send_img__rosidl_typesupport_introspection_c.h
[4.973s] -- Up-to-date: /home/ziad/base/mia-final-competition/install/srv_pkg/include/srv_pkg/srv_pkg/srv/detail/send_img__type_support.c
[4.973s] -- Installing: /home/ziad/base/mia-final-competition/install/srv_pkg/lib/libsrv_pkg__rosidl_typesupport_introspection_c.so
[4.973s] -- Set non-toolchain portion of runtime path of "/home/ziad/base/mia-final-competition/install/srv_pkg/lib/libsrv_pkg__rosidl_typesupport_introspection_c.so" to ""
[4.973s] -- Installing: /home/ziad/base/mia-final-competition/install/srv_pkg/lib/libsrv_pkg__rosidl_typesupport_c.so
[4.973s] -- Set non-toolchain portion of runtime path of "/home/ziad/base/mia-final-competition/install/srv_pkg/lib/libsrv_pkg__rosidl_typesupport_c.so" to ""
[4.973s] -- Up-to-date: /home/ziad/base/mia-final-competition/install/srv_pkg/include/srv_pkg/srv_pkg
[4.973s] -- Up-to-date: /home/ziad/base/mia-final-competition/install/srv_pkg/include/srv_pkg/srv_pkg/msg
[4.974s] -- Installing: /home/ziad/base/mia-final-competition/install/srv_pkg/include/srv_pkg/srv_pkg/msg/rosidl_generator_cpp__visibility_control.hpp
[4.974s] -- Up-to-date: /home/ziad/base/mia-final-competition/install/srv_pkg/include/srv_pkg/srv_pkg/srv
[4.974s] -- Installing: /home/ziad/base/mia-final-competition/install/srv_pkg/include/srv_pkg/srv_pkg/srv/send_img.hpp
[4.974s] -- Up-to-date: /home/ziad/base/mia-final-competition/install/srv_pkg/include/srv_pkg/srv_pkg/srv/detail
[4.974s] -- Installing: /home/ziad/base/mia-final-competition/install/srv_pkg/include/srv_pkg/srv_pkg/srv/detail/send_img__struct.hpp
[4.974s] -- Installing: /home/ziad/base/mia-final-competition/install/srv_pkg/include/srv_pkg/srv_pkg/srv/detail/send_img__type_support.hpp
[4.974s] -- Installing: /home/ziad/base/mia-final-competition/install/srv_pkg/include/srv_pkg/srv_pkg/srv/detail/send_img__traits.hpp
[4.974s] -- Installing: /home/ziad/base/mia-final-competition/install/srv_pkg/include/srv_pkg/srv_pkg/srv/detail/send_img__builder.hpp
[4.974s] -- Up-to-date: /home/ziad/base/mia-final-competition/install/srv_pkg/include/srv_pkg/srv_pkg
[4.974s] -- Up-to-date: /home/ziad/base/mia-final-competition/install/srv_pkg/include/srv_pkg/srv_pkg/msg
[4.974s] -- Installing: /home/ziad/base/mia-final-competition/install/srv_pkg/include/srv_pkg/srv_pkg/msg/rosidl_typesupport_fastrtps_cpp__visibility_control.h
[4.974s] -- Up-to-date: /home/ziad/base/mia-final-competition/install/srv_pkg/include/srv_pkg/srv_pkg/srv
[4.974s] -- Up-to-date: /home/ziad/base/mia-final-competition/install/srv_pkg/include/srv_pkg/srv_pkg/srv/detail
[4.974s] -- Installing: /home/ziad/base/mia-final-competition/install/srv_pkg/include/srv_pkg/srv_pkg/srv/detail/dds_fastrtps
[4.974s] -- Installing: /home/ziad/base/mia-final-competition/install/srv_pkg/include/srv_pkg/srv_pkg/srv/detail/send_img__rosidl_typesupport_fastrtps_cpp.hpp
[4.974s] -- Installing: /home/ziad/base/mia-final-competition/install/srv_pkg/lib/libsrv_pkg__rosidl_typesupport_fastrtps_cpp.so
[4.974s] -- Set non-toolchain portion of runtime path of "/home/ziad/base/mia-final-competition/install/srv_pkg/lib/libsrv_pkg__rosidl_typesupport_fastrtps_cpp.so" to ""
[4.974s] -- Up-to-date: /home/ziad/base/mia-final-competition/install/srv_pkg/include/srv_pkg/srv_pkg
[4.974s] -- Up-to-date: /home/ziad/base/mia-final-competition/install/srv_pkg/include/srv_pkg/srv_pkg/srv
[4.974s] -- Up-to-date: /home/ziad/base/mia-final-competition/install/srv_pkg/include/srv_pkg/srv_pkg/srv/detail
[4.974s] -- Installing: /home/ziad/base/mia-final-competition/install/srv_pkg/include/srv_pkg/srv_pkg/srv/detail/send_img__rosidl_typesupport_introspection_cpp.hpp
[4.974s] -- Installing: /home/ziad/base/mia-final-competition/install/srv_pkg/include/srv_pkg/srv_pkg/srv/detail/send_img__type_support.cpp
[4.974s] -- Installing: /home/ziad/base/mia-final-competition/install/srv_pkg/lib/libsrv_pkg__rosidl_typesupport_introspection_cpp.so
[4.974s] -- Set non-toolchain portion of runtime path of "/home/ziad/base/mia-final-competition/install/srv_pkg/lib/libsrv_pkg__rosidl_typesupport_introspection_cpp.so" to ""
[4.974s] -- Installing: /home/ziad/base/mia-final-competition/install/srv_pkg/lib/libsrv_pkg__rosidl_typesupport_cpp.so
[4.974s] -- Set non-toolchain portion of runtime path of "/home/ziad/base/mia-final-competition/install/srv_pkg/lib/libsrv_pkg__rosidl_typesupport_cpp.so" to ""
[4.974s] -- Installing: /home/ziad/base/mia-final-competition/install/srv_pkg/share/srv_pkg/environment/pythonpath.sh
[4.974s] -- Installing: /home/ziad/base/mia-final-competition/install/srv_pkg/share/srv_pkg/environment/pythonpath.dsv
[4.974s] -- Installing: /home/ziad/base/mia-final-competition/install/srv_pkg/lib/python3.12/site-packages/srv_pkg-0.0.0-py3.12.egg-info
[4.974s] -- Installing: /home/ziad/base/mia-final-competition/install/srv_pkg/lib/python3.12/site-packages/srv_pkg-0.0.0-py3.12.egg-info/dependency_links.txt
[4.974s] -- Installing: /home/ziad/base/mia-final-competition/install/srv_pkg/lib/python3.12/site-packages/srv_pkg-0.0.0-py3.12.egg-info/SOURCES.txt
[4.974s] -- Installing: /home/ziad/base/mia-final-competition/install/srv_pkg/lib/python3.12/site-packages/srv_pkg-0.0.0-py3.12.egg-info/top_level.txt
[4.974s] -- Installing: /home/ziad/base/mia-final-competition/install/srv_pkg/lib/python3.12/site-packages/srv_pkg-0.0.0-py3.12.egg-info/PKG-INFO
[4.974s] -- Installing: /home/ziad/base/mia-final-competition/install/srv_pkg/lib/python3.12/site-packages/srv_pkg
[4.974s] -- Installing: /home/ziad/base/mia-final-competition/install/srv_pkg/lib/python3.12/site-packages/srv_pkg/_srv_pkg_s.ep.rosidl_typesupport_fastrtps_c.c
[4.975s] -- Installing: /home/ziad/base/mia-final-competition/install/srv_pkg/lib/python3.12/site-packages/srv_pkg/__init__.py
[4.975s] -- Installing: /home/ziad/base/mia-final-competition/install/srv_pkg/lib/python3.12/site-packages/srv_pkg/_srv_pkg_s.ep.rosidl_typesupport_c.c
[4.975s] -- Installing: /home/ziad/base/mia-final-competition/install/srv_pkg/lib/python3.12/site-packages/srv_pkg/srv_pkg_s__rosidl_typesupport_fastrtps_c.so
[4.975s] -- Installing: /home/ziad/base/mia-final-competition/install/srv_pkg/lib/python3.12/site-packages/srv_pkg/srv_pkg_s__rosidl_typesupport_introspection_c.so
[4.975s] -- Installing: /home/ziad/base/mia-final-competition/install/srv_pkg/lib/python3.12/site-packages/srv_pkg/srv
[4.975s] -- Installing: /home/ziad/base/mia-final-competition/install/srv_pkg/lib/python3.12/site-packages/srv_pkg/srv/__init__.py
[4.975s] -- Installing: /home/ziad/base/mia-final-competition/install/srv_pkg/lib/python3.12/site-packages/srv_pkg/srv/_send_img_s.c
[4.975s] -- Installing: /home/ziad/base/mia-final-competition/install/srv_pkg/lib/python3.12/site-packages/srv_pkg/srv/_send_img.py
[4.975s] -- Installing: /home/ziad/base/mia-final-competition/install/srv_pkg/lib/python3.12/site-packages/srv_pkg/srv_pkg_s__rosidl_typesupport_c.so
[4.975s] -- Installing: /home/ziad/base/mia-final-competition/install/srv_pkg/lib/python3.12/site-packages/srv_pkg/_srv_pkg_s.ep.rosidl_typesupport_introspection_c.c
[5.019s] Listing '/home/ziad/base/mia-final-competition/install/srv_pkg/lib/python3.12/site-packages/srv_pkg'...
[5.019s] Compiling '/home/ziad/base/mia-final-competition/install/srv_pkg/lib/python3.12/site-packages/srv_pkg/__init__.py'...
[5.019s] Listing '/home/ziad/base/mia-final-competition/install/srv_pkg/lib/python3.12/site-packages/srv_pkg/srv'...
[5.019s] Compiling '/home/ziad/base/mia-final-competition/install/srv_pkg/lib/python3.12/site-packages/srv_pkg/srv/__init__.py'...
[5.019s] Compiling '/home/ziad/base/mia-final-competition/install/srv_pkg/lib/python3.12/site-packages/srv_pkg/srv/_send_img.py'...
[5.022s] -- Installing: /home/ziad/base/mia-final-competition/install/srv_pkg/lib/python3.12/site-packages/srv_pkg/srv_pkg_s__rosidl_typesupport_fastrtps_c.so
[5.022s] -- Set non-toolchain portion of runtime path of "/home/ziad/base/mia-final-competition/install/srv_pkg/lib/python3.12/site-packages/srv_pkg/srv_pkg_s__rosidl_typesupport_fastrtps_c.so" to ""
[5.022s] -- Installing: /home/ziad/base/mia-final-competition/install/srv_pkg/lib/python3.12/site-packages/srv_pkg/srv_pkg_s__rosidl_typesupport_introspection_c.so
[5.022s] -- Set non-toolchain portion of runtime path of "/home/ziad/base/mia-final-competition/install/srv_pkg/lib/python3.12/site-packages/srv_pkg/srv_pkg_s__rosidl_typesupport_introspection_c.so" to ""
[5.022s] -- Installing: /home/ziad/base/mia-final-competition/install/srv_pkg/lib/python3.12/site-packages/srv_pkg/srv_pkg_s__rosidl_typesupport_c.so
[5.022s] -- Set non-toolchain portion of runtime path of "/home/ziad/base/mia-final-competition/install/srv_pkg/lib/python3.12/site-packages/srv_pkg/srv_pkg_s__rosidl_typesupport_c.so" to ""
[5.022s] -- Installing: /home/ziad/base/mia-final-competition/install/srv_pkg/lib/libsrv_pkg__rosidl_generator_py.so
[5.022s] -- Set non-toolchain portion of runtime path of "/home/ziad/base/mia-final-competition/install/srv_pkg/lib/libsrv_pkg__rosidl_generator_py.so" to ""
[5.022s] -- Installing: /home/ziad/base/mia-final-competition/install/srv_pkg/share/srv_pkg/rust
[5.022s] -- Installing: /home/ziad/base/mia-final-competition/install/srv_pkg/share/srv_pkg/rust/src
[5.022s] -- Installing: /home/ziad/base/mia-final-competition/install/srv_pkg/share/srv_pkg/rust/src/lib.rs
[5.022s] -- Installing: /home/ziad/base/mia-final-competition/install/srv_pkg/share/srv_pkg/rust/src/srv.rs
[5.022s] -- Installing: /home/ziad/base/mia-final-competition/install/srv_pkg/share/srv_pkg/rust/src/srv
[5.023s] -- Installing: /home/ziad/base/mia-final-competition/install/srv_pkg/share/srv_pkg/rust/src/srv/rmw.rs
[5.023s] -- Installing: /home/ziad/base/mia-final-competition/install/srv_pkg/share/srv_pkg/rust/build.rs
[5.023s] -- Installing: /home/ziad/base/mia-final-competition/install/srv_pkg/share/srv_pkg/rust/Cargo.toml
[5.023s] -- Installing: /home/ziad/base/mia-final-competition/install/srv_pkg/share/srv_pkg/srv/SendImg.idl
[5.023s] -- Installing: /home/ziad/base/mia-final-competition/install/srv_pkg/share/srv_pkg/srv/SendImg.srv
[5.023s] -- Installing: /home/ziad/base/mia-final-competition/install/srv_pkg/share/ament_index/resource_index/package_run_dependencies/srv_pkg
[5.023s] -- Installing: /home/ziad/base/mia-final-competition/install/srv_pkg/share/ament_index/resource_index/parent_prefix_path/srv_pkg
[5.023s] -- Installing: /home/ziad/base/mia-final-competition/install/srv_pkg/share/srv_pkg/environment/ament_prefix_path.sh
[5.023s] -- Installing: /home/ziad/base/mia-final-competition/install/srv_pkg/share/srv_pkg/environment/ament_prefix_path.dsv
[5.023s] -- Installing: /home/ziad/base/mia-final-competition/install/srv_pkg/share/srv_pkg/environment/path.sh
[5.023s] -- Installing: /home/ziad/base/mia-final-competition/install/srv_pkg/share/srv_pkg/environment/path.dsv
[5.023s] -- Installing: /home/ziad/base/mia-final-competition/install/srv_pkg/share/srv_pkg/local_setup.bash
[5.023s] -- Installing: /home/ziad/base/mia-final-competition/install/srv_pkg/share/srv_pkg/local_setup.sh
[5.023s] -- Installing: /home/ziad/base/mia-final-competition/install/srv_pkg/share/srv_pkg/local_setup.zsh
[5.023s] -- Installing: /home/ziad/base/mia-final-competition/install/srv_pkg/share/srv_pkg/local_setup.dsv
[5.023s] -- Installing: /home/ziad/base/mia-final-competition/install/srv_pkg/share/srv_pkg/package.dsv
[5.023s] -- Installing: /home/ziad/base/mia-final-competition/install/srv_pkg/share/ament_index/resource_index/packages/srv_pkg
[5.023s] -- Installing: /home/ziad/base/mia-final-competition/install/srv_pkg/share/srv_pkg/cmake/export_srv_pkg__rosidl_generator_cExport.cmake
[5.023s] -- Installing: /home/ziad/base/mia-final-competition/install/srv_pkg/share/srv_pkg/cmake/export_srv_pkg__rosidl_generator_cExport-noconfig.cmake
[5.023s] -- Installing: /home/ziad/base/mia-final-competition/install/srv_pkg/share/srv_pkg/cmake/export_srv_pkg__rosidl_typesupport_fastrtps_cExport.cmake
[5.023s] -- Installing: /home/ziad/base/mia-final-competition/install/srv_pkg/share/srv_pkg/cmake/export_srv_pkg__rosidl_typesupport_fastrtps_cExport-noconfig.cmake
[5.023s] -- Installing: /home/ziad/base/mia-final-competition/install/srv_pkg/share/srv_pkg/cmake/srv_pkg__rosidl_typesupport_introspection_cExport.cmake
[5.023s] -- Installing: /home/ziad/base/mia-final-competition/install/srv_pkg/share/srv_pkg/cmake/srv_pkg__rosidl_typesupport_introspection_cExport-noconfig.cmake
[5.023s] -- Installing: /home/ziad/base/mia-final-competition/install/srv_pkg/share/srv_pkg/cmake/srv_pkg__rosidl_typesupport_cExport.cmake
[5.023s] -- Installing: /home/ziad/base/mia-final-competition/install/srv_pkg/share/srv_pkg/cmake/srv_pkg__rosidl_typesupport_cExport-noconfig.cmake
[5.023s] -- Installing: /home/ziad/base/mia-final-competition/install/srv_pkg/share/srv_pkg/cmake/export_srv_pkg__rosidl_generator_cppExport.cmake
[5.023s] -- Installing: /home/ziad/base/mia-final-competition/install/srv_pkg/share/srv_pkg/cmake/export_srv_pkg__rosidl_typesupport_fastrtps_cppExport.cmake
[5.023s] -- Installing: /home/ziad/base/mia-final-competition/install/srv_pkg/share/srv_pkg/cmake/export_srv_pkg__rosidl_typesupport_fastrtps_cppExport-noconfig.cmake
[5.023s] -- Installing: /home/ziad/base/mia-final-competition/install/srv_pkg/share/srv_pkg/cmake/srv_pkg__rosidl_typesupport_introspection_cppExport.cmake
[5.023s] -- Installing: /home/ziad/base/mia-final-competition/install/srv_pkg/share/srv_pkg/cmake/srv_pkg__rosidl_typesupport_introspection_cppExport-noconfig.cmake
[5.023s] -- Installing: /home/ziad/base/mia-final-competition/install/srv_pkg/share/srv_pkg/cmake/srv_pkg__rosidl_typesupport_cppExport.cmake
[5.023s] -- Installing: /home/ziad/base/mia-final-competition/install/srv_pkg/share/srv_pkg/cmake/srv_pkg__rosidl_typesupport_cppExport-noconfig.cmake
[5.023s] -- Installing: /home/ziad/base/mia-final-competition/install/srv_pkg/share/srv_pkg/cmake/export_srv_pkg__rosidl_generator_pyExport.cmake
[5.024s] -- Installing: /home/ziad/base/mia-final-competition/install/srv_pkg/share/srv_pkg/cmake/export_srv_pkg__rosidl_generator_pyExport-noconfig.cmake
[5.024s] -- Installing: /home/ziad/base/mia-final-competition/install/srv_pkg/share/srv_pkg/cmake/rosidl_cmake-extras.cmake
[5.024s] -- Installing: /home/ziad/base/mia-final-competition/install/srv_pkg/share/srv_pkg/cmake/ament_cmake_export_dependencies-extras.cmake
[5.024s] -- Installing: /home/ziad/base/mia-final-competition/install/srv_pkg/share/srv_pkg/cmake/ament_cmake_export_include_directories-extras.cmake
[5.024s] -- Installing: /home/ziad/base/mia-final-competition/install/srv_pkg/share/srv_pkg/cmake/ament_cmake_export_libraries-extras.cmake
[5.024s] -- Installing: /home/ziad/base/mia-final-competition/install/srv_pkg/share/srv_pkg/cmake/ament_cmake_export_targets-extras.cmake
[5.024s] -- Installing: /home/ziad/base/mia-final-competition/install/srv_pkg/share/srv_pkg/cmake/rosidl_cmake_export_typesupport_targets-extras.cmake
[5.024s] -- Installing: /home/ziad/base/mia-final-competition/install/srv_pkg/share/srv_pkg/cmake/rosidl_cmake_export_typesupport_libraries-extras.cmake
[5.024s] -- Installing: /home/ziad/base/mia-final-competition/install/srv_pkg/share/srv_pkg/cmake/rosidl_cmake_aggregate_target-extras.cmake
[5.024s] -- Installing: /home/ziad/base/mia-final-competition/install/srv_pkg/share/srv_pkg/cmake/srv_pkgConfig.cmake
[5.024s] -- Installing: /home/ziad/base/mia-final-competition/install/srv_pkg/share/srv_pkg/cmake/srv_pkgConfig-version.cmake
[5.024s] -- Installing: /home/ziad/base/mia-final-competition/install/srv_pkg/share/srv_pkg/package.xml
[5.025s] Invoked command in '/home/ziad/base/mia-final-competition/build/srv_pkg' returned '0': CMAKE_PREFIX_PATH=${CMAKE_PREFIX_PATH}:/opt/ros/jazzy DEBUGINFOD_URLS=https://debuginfod.ubuntu.com /usr/bin/cmake --install /home/ziad/base/mia-final-competition/build/srv_pkg
