[0.749s] Invoking command in '/home/ziad/base/mia-final-competition/robot_navigator': DEBUGINFOD_URLS=https://debuginfod.ubuntu.com PYTHONPATH=/home/ziad/base/mia-final-competition/build/robot_navigator/prefix_override:/usr/lib/python3/dist-packages/colcon_core/task/python/colcon_distutils_commands:/home/ziad/base/mia-final-competition/install/robot_navigator/lib/python3.12/site-packages:${PYTHONPATH} /usr/bin/python3 -W ignore:setup.py install is deprecated -W ignore:easy_install command is deprecated setup.py egg_info --egg-base ../build/robot_navigator build --build-base /home/ziad/base/mia-final-competition/build/robot_navigator/build install --record /home/ziad/base/mia-final-competition/build/robot_navigator/install.log --install-scripts $base/lib/robot_navigator --single-version-externally-managed install_data
[0.883s] running egg_info
[0.883s] creating ../build/robot_navigator/robot_navigator.egg-info
[0.892s] writing ../build/robot_navigator/robot_navigator.egg-info/PKG-INFO
[0.892s] writing dependency_links to ../build/robot_navigator/robot_navigator.egg-info/dependency_links.txt
[0.892s] writing entry points to ../build/robot_navigator/robot_navigator.egg-info/entry_points.txt
[0.892s] writing requirements to ../build/robot_navigator/robot_navigator.egg-info/requires.txt
[0.892s] writing top-level names to ../build/robot_navigator/robot_navigator.egg-info/top_level.txt
[0.892s] writing manifest file '../build/robot_navigator/robot_navigator.egg-info/SOURCES.txt'
[0.911s] reading manifest file '../build/robot_navigator/robot_navigator.egg-info/SOURCES.txt'
[0.911s] writing manifest file '../build/robot_navigator/robot_navigator.egg-info/SOURCES.txt'
[0.911s] running build
[0.912s] running build_py
[0.912s] creating /home/ziad/base/mia-final-competition/build/robot_navigator/build
[0.912s] creating /home/ziad/base/mia-final-competition/build/robot_navigator/build/lib
[0.912s] creating /home/ziad/base/mia-final-competition/build/robot_navigator/build/lib/robot_navigator
[0.912s] copying robot_navigator/movement_node.py -> /home/ziad/base/mia-final-competition/build/robot_navigator/build/lib/robot_navigator
[0.912s] copying robot_navigator/autonomous_search_node.py -> /home/ziad/base/mia-final-competition/build/robot_navigator/build/lib/robot_navigator
[0.912s] copying robot_navigator/yolo_camera.py -> /home/ziad/base/mia-final-competition/build/robot_navigator/build/lib/robot_navigator
[0.912s] copying robot_navigator/__init__.py -> /home/ziad/base/mia-final-competition/build/robot_navigator/build/lib/robot_navigator
[0.912s] copying robot_navigator/auto.py -> /home/ziad/base/mia-final-competition/build/robot_navigator/build/lib/robot_navigator
[0.912s] running install
[0.915s] running install_lib
[0.925s] creating /home/ziad/base/mia-final-competition/install/robot_navigator/lib/python3.12/site-packages/robot_navigator
[0.925s] copying /home/ziad/base/mia-final-competition/build/robot_navigator/build/lib/robot_navigator/movement_node.py -> /home/ziad/base/mia-final-competition/install/robot_navigator/lib/python3.12/site-packages/robot_navigator
[0.925s] copying /home/ziad/base/mia-final-competition/build/robot_navigator/build/lib/robot_navigator/autonomous_search_node.py -> /home/ziad/base/mia-final-competition/install/robot_navigator/lib/python3.12/site-packages/robot_navigator
[0.925s] copying /home/ziad/base/mia-final-competition/build/robot_navigator/build/lib/robot_navigator/yolo_camera.py -> /home/ziad/base/mia-final-competition/install/robot_navigator/lib/python3.12/site-packages/robot_navigator
[0.925s] copying /home/ziad/base/mia-final-competition/build/robot_navigator/build/lib/robot_navigator/__init__.py -> /home/ziad/base/mia-final-competition/install/robot_navigator/lib/python3.12/site-packages/robot_navigator
[0.925s] copying /home/ziad/base/mia-final-competition/build/robot_navigator/build/lib/robot_navigator/auto.py -> /home/ziad/base/mia-final-competition/install/robot_navigator/lib/python3.12/site-packages/robot_navigator
[0.925s] byte-compiling /home/ziad/base/mia-final-competition/install/robot_navigator/lib/python3.12/site-packages/robot_navigator/movement_node.py to movement_node.cpython-312.pyc
[0.926s] byte-compiling /home/ziad/base/mia-final-competition/install/robot_navigator/lib/python3.12/site-packages/robot_navigator/autonomous_search_node.py to autonomous_search_node.cpython-312.pyc
[0.926s] byte-compiling /home/ziad/base/mia-final-competition/install/robot_navigator/lib/python3.12/site-packages/robot_navigator/yolo_camera.py to yolo_camera.cpython-312.pyc
[0.926s] byte-compiling /home/ziad/base/mia-final-competition/install/robot_navigator/lib/python3.12/site-packages/robot_navigator/__init__.py to __init__.cpython-312.pyc
[0.927s] byte-compiling /home/ziad/base/mia-final-competition/install/robot_navigator/lib/python3.12/site-packages/robot_navigator/auto.py to auto.cpython-312.pyc
[0.927s] running install_data
[0.927s] creating /home/ziad/base/mia-final-competition/install/robot_navigator/share/ament_index
[0.927s] creating /home/ziad/base/mia-final-competition/install/robot_navigator/share/ament_index/resource_index
[0.927s] creating /home/ziad/base/mia-final-competition/install/robot_navigator/share/ament_index/resource_index/packages
[0.927s] copying resource/robot_navigator -> /home/ziad/base/mia-final-competition/install/robot_navigator/share/ament_index/resource_index/packages
[0.927s] copying package.xml -> /home/ziad/base/mia-final-competition/install/robot_navigator/share/robot_navigator
[0.927s] creating /home/ziad/base/mia-final-competition/install/robot_navigator/share/robot_navigator/launch
[0.927s] copying launch/go_bot.launch.py -> /home/ziad/base/mia-final-competition/install/robot_navigator/share/robot_navigator/launch
[0.927s] creating /home/ziad/base/mia-final-competition/install/robot_navigator/share/robot_navigator/yolo_model
[0.927s] copying yolo_model/best.pt -> /home/ziad/base/mia-final-competition/install/robot_navigator/share/robot_navigator/yolo_model
[0.939s] running install_egg_info
[0.949s] Copying ../build/robot_navigator/robot_navigator.egg-info to /home/ziad/base/mia-final-competition/install/robot_navigator/lib/python3.12/site-packages/robot_navigator-0.0.0-py3.12.egg-info
[0.950s] running install_scripts
[1.014s] Installing autonomous_search_node script to /home/ziad/base/mia-final-competition/install/robot_navigator/lib/robot_navigator
[1.014s] Installing movement_node script to /home/ziad/base/mia-final-competition/install/robot_navigator/lib/robot_navigator
[1.014s] Installing yolo_camera script to /home/ziad/base/mia-final-competition/install/robot_navigator/lib/robot_navigator
[1.014s] writing list of installed files to '/home/ziad/base/mia-final-competition/build/robot_navigator/install.log'
[1.028s] Invoked command in '/home/ziad/base/mia-final-competition/robot_navigator' returned '0': DEBUGINFOD_URLS=https://debuginfod.ubuntu.com PYTHONPATH=/home/ziad/base/mia-final-competition/build/robot_navigator/prefix_override:/usr/lib/python3/dist-packages/colcon_core/task/python/colcon_distutils_commands:/home/ziad/base/mia-final-competition/install/robot_navigator/lib/python3.12/site-packages:${PYTHONPATH} /usr/bin/python3 -W ignore:setup.py install is deprecated -W ignore:easy_install command is deprecated setup.py egg_info --egg-base ../build/robot_navigator build --build-base /home/ziad/base/mia-final-competition/build/robot_navigator/build install --record /home/ziad/base/mia-final-competition/build/robot_navigator/install.log --install-scripts $base/lib/robot_navigator --single-version-externally-managed install_data
