running egg_info
creating ../build/competetion_bringup/competetion_bringup.egg-info
writing ../build/competetion_bringup/competetion_bringup.egg-info/PKG-INFO
writing dependency_links to ../build/competetion_bringup/competetion_bringup.egg-info/dependency_links.txt
writing requirements to ../build/competetion_bringup/competetion_bringup.egg-info/requires.txt
writing top-level names to ../build/competetion_bringup/competetion_bringup.egg-info/top_level.txt
writing manifest file '../build/competetion_bringup/competetion_bringup.egg-info/SOURCES.txt'
reading manifest file '../build/competetion_bringup/competetion_bringup.egg-info/SOURCES.txt'
writing manifest file '../build/competetion_bringup/competetion_bringup.egg-info/SOURCES.txt'
running build
running build_py
creating /home/ziad/base/mia-final-competition/build/competetion_bringup/build
creating /home/ziad/base/mia-final-competition/build/competetion_bringup/build/lib
creating /home/ziad/base/mia-final-competition/build/competetion_bringup/build/lib/competetion_bringup
copying competetion_bringup/__init__.py -> /home/ziad/base/mia-final-competition/build/competetion_bringup/build/lib/competetion_bringup
running install
running install_lib
creating /home/ziad/base/mia-final-competition/install/competetion_bringup/lib/python3.12/site-packages/competetion_bringup
copying /home/ziad/base/mia-final-competition/build/competetion_bringup/build/lib/competetion_bringup/__init__.py -> /home/ziad/base/mia-final-competition/install/competetion_bringup/lib/python3.12/site-packages/competetion_bringup
byte-compiling /home/ziad/base/mia-final-competition/install/competetion_bringup/lib/python3.12/site-packages/competetion_bringup/__init__.py to __init__.cpython-312.pyc
running install_data
creating /home/ziad/base/mia-final-competition/install/competetion_bringup/share/ament_index
creating /home/ziad/base/mia-final-competition/install/competetion_bringup/share/ament_index/resource_index
creating /home/ziad/base/mia-final-competition/install/competetion_bringup/share/ament_index/resource_index/packages
copying resource/competetion_bringup -> /home/ziad/base/mia-final-competition/install/competetion_bringup/share/ament_index/resource_index/packages
copying package.xml -> /home/ziad/base/mia-final-competition/install/competetion_bringup/share/competetion_bringup
creating /home/ziad/base/mia-final-competition/install/competetion_bringup/share/competetion_bringup/launch
copying launch/bringup.launch.py -> /home/ziad/base/mia-final-competition/install/competetion_bringup/share/competetion_bringup/launch
running install_egg_info
Copying ../build/competetion_bringup/competetion_bringup.egg-info to /home/ziad/base/mia-final-competition/install/competetion_bringup/lib/python3.12/site-packages/competetion_bringup-0.0.0-py3.12.egg-info
running install_scripts
writing list of installed files to '/home/ziad/base/mia-final-competition/build/competetion_bringup/install.log'
