[0.712s] Invoking command in '/home/ziad/base/mia-final-competition/competetion_bringup': DEBUGINFOD_URLS=https://debuginfod.ubuntu.com PYTHONPATH=/home/ziad/base/mia-final-competition/build/competetion_bringup/prefix_override:/usr/lib/python3/dist-packages/colcon_core/task/python/colcon_distutils_commands:/home/ziad/base/mia-final-competition/install/competetion_bringup/lib/python3.12/site-packages:${PYTHONPATH} /usr/bin/python3 -W ignore:setup.py install is deprecated -W ignore:easy_install command is deprecated setup.py egg_info --egg-base ../build/competetion_bringup build --build-base /home/ziad/base/mia-final-competition/build/competetion_bringup/build install --record /home/ziad/base/mia-final-competition/build/competetion_bringup/install.log --install-scripts $base/lib/competetion_bringup --single-version-externally-managed install_data
[0.847s] running egg_info
[0.847s] creating ../build/competetion_bringup/competetion_bringup.egg-info
[0.856s] writing ../build/competetion_bringup/competetion_bringup.egg-info/PKG-INFO
[0.856s] writing dependency_links to ../build/competetion_bringup/competetion_bringup.egg-info/dependency_links.txt
[0.856s] writing requirements to ../build/competetion_bringup/competetion_bringup.egg-info/requires.txt
[0.856s] writing top-level names to ../build/competetion_bringup/competetion_bringup.egg-info/top_level.txt
[0.856s] writing manifest file '../build/competetion_bringup/competetion_bringup.egg-info/SOURCES.txt'
[0.874s] reading manifest file '../build/competetion_bringup/competetion_bringup.egg-info/SOURCES.txt'
[0.874s] writing manifest file '../build/competetion_bringup/competetion_bringup.egg-info/SOURCES.txt'
[0.874s] running build
[0.874s] running build_py
[0.875s] creating /home/ziad/base/mia-final-competition/build/competetion_bringup/build
[0.875s] creating /home/ziad/base/mia-final-competition/build/competetion_bringup/build/lib
[0.875s] creating /home/ziad/base/mia-final-competition/build/competetion_bringup/build/lib/competetion_bringup
[0.875s] copying competetion_bringup/__init__.py -> /home/ziad/base/mia-final-competition/build/competetion_bringup/build/lib/competetion_bringup
[0.875s] running install
[0.878s] running install_lib
[0.887s] creating /home/ziad/base/mia-final-competition/install/competetion_bringup/lib/python3.12/site-packages/competetion_bringup
[0.887s] copying /home/ziad/base/mia-final-competition/build/competetion_bringup/build/lib/competetion_bringup/__init__.py -> /home/ziad/base/mia-final-competition/install/competetion_bringup/lib/python3.12/site-packages/competetion_bringup
[0.887s] byte-compiling /home/ziad/base/mia-final-competition/install/competetion_bringup/lib/python3.12/site-packages/competetion_bringup/__init__.py to __init__.cpython-312.pyc
[0.887s] running install_data
[0.887s] creating /home/ziad/base/mia-final-competition/install/competetion_bringup/share/ament_index
[0.887s] creating /home/ziad/base/mia-final-competition/install/competetion_bringup/share/ament_index/resource_index
[0.887s] creating /home/ziad/base/mia-final-competition/install/competetion_bringup/share/ament_index/resource_index/packages
[0.888s] copying resource/competetion_bringup -> /home/ziad/base/mia-final-competition/install/competetion_bringup/share/ament_index/resource_index/packages
[0.888s] copying package.xml -> /home/ziad/base/mia-final-competition/install/competetion_bringup/share/competetion_bringup
[0.888s] creating /home/ziad/base/mia-final-competition/install/competetion_bringup/share/competetion_bringup/launch
[0.888s] copying launch/bringup.launch.py -> /home/ziad/base/mia-final-competition/install/competetion_bringup/share/competetion_bringup/launch
[0.888s] running install_egg_info
[0.898s] Copying ../build/competetion_bringup/competetion_bringup.egg-info to /home/ziad/base/mia-final-competition/install/competetion_bringup/lib/python3.12/site-packages/competetion_bringup-0.0.0-py3.12.egg-info
[0.898s] running install_scripts
[0.964s] writing list of installed files to '/home/ziad/base/mia-final-competition/build/competetion_bringup/install.log'
[0.978s] Invoked command in '/home/ziad/base/mia-final-competition/competetion_bringup' returned '0': DEBUGINFOD_URLS=https://debuginfod.ubuntu.com PYTHONPATH=/home/ziad/base/mia-final-competition/build/competetion_bringup/prefix_override:/usr/lib/python3/dist-packages/colcon_core/task/python/colcon_distutils_commands:/home/ziad/base/mia-final-competition/install/competetion_bringup/lib/python3.12/site-packages:${PYTHONPATH} /usr/bin/python3 -W ignore:setup.py install is deprecated -W ignore:easy_install command is deprecated setup.py egg_info --egg-base ../build/competetion_bringup build --build-base /home/ziad/base/mia-final-competition/build/competetion_bringup/build install --record /home/ziad/base/mia-final-competition/build/competetion_bringup/install.log --install-scripts $base/lib/competetion_bringup --single-version-externally-managed install_data
