/home/ziad/base/mia-final-competition/install/robot_navigator/lib/python3.12/site-packages/robot_navigator/movement_node.py
/home/ziad/base/mia-final-competition/install/robot_navigator/lib/python3.12/site-packages/robot_navigator/autonomous_search_node.py
/home/ziad/base/mia-final-competition/install/robot_navigator/lib/python3.12/site-packages/robot_navigator/yolo_camera.py
/home/ziad/base/mia-final-competition/install/robot_navigator/lib/python3.12/site-packages/robot_navigator/__init__.py
/home/ziad/base/mia-final-competition/install/robot_navigator/lib/python3.12/site-packages/robot_navigator/auto.py
/home/ziad/base/mia-final-competition/install/robot_navigator/lib/python3.12/site-packages/robot_navigator/__pycache__/movement_node.cpython-312.pyc
/home/ziad/base/mia-final-competition/install/robot_navigator/lib/python3.12/site-packages/robot_navigator/__pycache__/autonomous_search_node.cpython-312.pyc
/home/ziad/base/mia-final-competition/install/robot_navigator/lib/python3.12/site-packages/robot_navigator/__pycache__/yolo_camera.cpython-312.pyc
/home/ziad/base/mia-final-competition/install/robot_navigator/lib/python3.12/site-packages/robot_navigator/__pycache__/__init__.cpython-312.pyc
/home/ziad/base/mia-final-competition/install/robot_navigator/lib/python3.12/site-packages/robot_navigator/__pycache__/auto.cpython-312.pyc
/home/ziad/base/mia-final-competition/install/robot_navigator/share/ament_index/resource_index/packages/robot_navigator
/home/ziad/base/mia-final-competition/install/robot_navigator/share/robot_navigator/package.xml
/home/ziad/base/mia-final-competition/install/robot_navigator/share/robot_navigator/launch/go_bot.launch.py
/home/ziad/base/mia-final-competition/install/robot_navigator/share/robot_navigator/yolo_model/best.pt
/home/ziad/base/mia-final-competition/install/robot_navigator/lib/python3.12/site-packages/robot_navigator-0.0.0-py3.12.egg-info/zip-safe
/home/ziad/base/mia-final-competition/install/robot_navigator/lib/python3.12/site-packages/robot_navigator-0.0.0-py3.12.egg-info/dependency_links.txt
/home/ziad/base/mia-final-competition/install/robot_navigator/lib/python3.12/site-packages/robot_navigator-0.0.0-py3.12.egg-info/entry_points.txt
/home/ziad/base/mia-final-competition/install/robot_navigator/lib/python3.12/site-packages/robot_navigator-0.0.0-py3.12.egg-info/SOURCES.txt
/home/ziad/base/mia-final-competition/install/robot_navigator/lib/python3.12/site-packages/robot_navigator-0.0.0-py3.12.egg-info/requires.txt
/home/ziad/base/mia-final-competition/install/robot_navigator/lib/python3.12/site-packages/robot_navigator-0.0.0-py3.12.egg-info/top_level.txt
/home/ziad/base/mia-final-competition/install/robot_navigator/lib/python3.12/site-packages/robot_navigator-0.0.0-py3.12.egg-info/PKG-INFO
/home/ziad/base/mia-final-competition/install/robot_navigator/lib/robot_navigator/autonomous_search_node
/home/ziad/base/mia-final-competition/install/robot_navigator/lib/robot_navigator/movement_node
/home/ziad/base/mia-final-competition/install/robot_navigator/lib/robot_navigator/yolo_camera
