/home/ziad/base/mia-final-competition/install/camera_drivers/lib/python3.12/site-packages/camera_drivers/cameraclass.py
/home/ziad/base/mia-final-competition/install/camera_drivers/lib/python3.12/site-packages/camera_drivers/cameradriver.py
/home/ziad/base/mia-final-competition/install/camera_drivers/lib/python3.12/site-packages/camera_drivers/__init__.py
/home/ziad/base/mia-final-competition/install/camera_drivers/lib/python3.12/site-packages/camera_drivers/camera_index_tester.py
/home/ziad/base/mia-final-competition/install/camera_drivers/lib/python3.12/site-packages/camera_drivers/examples/mono/mono_server.py
/home/ziad/base/mia-final-competition/install/camera_drivers/lib/python3.12/site-packages/camera_drivers/examples/mono/mono_publisher.py
/home/ziad/base/mia-final-competition/install/camera_drivers/lib/python3.12/site-packages/camera_drivers/examples/mono/mono_client.py
/home/ziad/base/mia-final-competition/install/camera_drivers/lib/python3.12/site-packages/camera_drivers/examples/mono/__init__.py
/home/ziad/base/mia-final-competition/install/camera_drivers/lib/python3.12/site-packages/camera_drivers/examples/mono/mono_getter.py
/home/ziad/base/mia-final-competition/install/camera_drivers/lib/python3.12/site-packages/camera_drivers/examples/mono/mono_subscriber.py
/home/ziad/base/mia-final-competition/install/camera_drivers/lib/python3.12/site-packages/camera_drivers/examples/stereo/__init__.py
/home/ziad/base/mia-final-competition/install/camera_drivers/lib/python3.12/site-packages/camera_drivers/examples/stereo/stereo_server.py
/home/ziad/base/mia-final-competition/install/camera_drivers/lib/python3.12/site-packages/camera_drivers/examples/stereo/stereo_client.py
/home/ziad/base/mia-final-competition/install/camera_drivers/lib/python3.12/site-packages/camera_drivers/examples/stereo/stereo_publisher.py
/home/ziad/base/mia-final-competition/install/camera_drivers/lib/python3.12/site-packages/camera_drivers/examples/stereo/stereo_subscriber.py
/home/ziad/base/mia-final-competition/install/camera_drivers/lib/python3.12/site-packages/camera_drivers/examples/stereo/stereo_getter.py
/home/ziad/base/mia-final-competition/install/camera_drivers/lib/python3.12/site-packages/camera_drivers/examples/kinect_v1/kinect_v1_subscriber2.py
/home/ziad/base/mia-final-competition/install/camera_drivers/lib/python3.12/site-packages/camera_drivers/examples/kinect_v1/__init__.py
/home/ziad/base/mia-final-competition/install/camera_drivers/lib/python3.12/site-packages/camera_drivers/examples/kinect_v1/kinect_v1_subscriber.py
/home/ziad/base/mia-final-competition/install/camera_drivers/lib/python3.12/site-packages/camera_drivers/examples/kinect_v2/kinect_v2_subscriber2.py
/home/ziad/base/mia-final-competition/install/camera_drivers/lib/python3.12/site-packages/camera_drivers/examples/kinect_v2/kinect_v2_subscriber.py
/home/ziad/base/mia-final-competition/install/camera_drivers/lib/python3.12/site-packages/camera_drivers/python_stereo_camera_calibrate/calib.py
/home/ziad/base/mia-final-competition/install/camera_drivers/lib/python3.12/site-packages/camera_drivers/__pycache__/cameraclass.cpython-312.pyc
/home/ziad/base/mia-final-competition/install/camera_drivers/lib/python3.12/site-packages/camera_drivers/__pycache__/cameradriver.cpython-312.pyc
/home/ziad/base/mia-final-competition/install/camera_drivers/lib/python3.12/site-packages/camera_drivers/__pycache__/__init__.cpython-312.pyc
/home/ziad/base/mia-final-competition/install/camera_drivers/lib/python3.12/site-packages/camera_drivers/__pycache__/camera_index_tester.cpython-312.pyc
/home/ziad/base/mia-final-competition/install/camera_drivers/lib/python3.12/site-packages/camera_drivers/examples/mono/__pycache__/mono_server.cpython-312.pyc
/home/ziad/base/mia-final-competition/install/camera_drivers/lib/python3.12/site-packages/camera_drivers/examples/mono/__pycache__/mono_publisher.cpython-312.pyc
/home/ziad/base/mia-final-competition/install/camera_drivers/lib/python3.12/site-packages/camera_drivers/examples/mono/__pycache__/mono_client.cpython-312.pyc
/home/ziad/base/mia-final-competition/install/camera_drivers/lib/python3.12/site-packages/camera_drivers/examples/mono/__pycache__/__init__.cpython-312.pyc
/home/ziad/base/mia-final-competition/install/camera_drivers/lib/python3.12/site-packages/camera_drivers/examples/mono/__pycache__/mono_getter.cpython-312.pyc
/home/ziad/base/mia-final-competition/install/camera_drivers/lib/python3.12/site-packages/camera_drivers/examples/mono/__pycache__/mono_subscriber.cpython-312.pyc
/home/ziad/base/mia-final-competition/install/camera_drivers/lib/python3.12/site-packages/camera_drivers/examples/stereo/__pycache__/__init__.cpython-312.pyc
/home/ziad/base/mia-final-competition/install/camera_drivers/lib/python3.12/site-packages/camera_drivers/examples/stereo/__pycache__/stereo_server.cpython-312.pyc
/home/ziad/base/mia-final-competition/install/camera_drivers/lib/python3.12/site-packages/camera_drivers/examples/stereo/__pycache__/stereo_client.cpython-312.pyc
/home/ziad/base/mia-final-competition/install/camera_drivers/lib/python3.12/site-packages/camera_drivers/examples/stereo/__pycache__/stereo_publisher.cpython-312.pyc
/home/ziad/base/mia-final-competition/install/camera_drivers/lib/python3.12/site-packages/camera_drivers/examples/stereo/__pycache__/stereo_subscriber.cpython-312.pyc
/home/ziad/base/mia-final-competition/install/camera_drivers/lib/python3.12/site-packages/camera_drivers/examples/stereo/__pycache__/stereo_getter.cpython-312.pyc
/home/ziad/base/mia-final-competition/install/camera_drivers/lib/python3.12/site-packages/camera_drivers/examples/kinect_v1/__pycache__/kinect_v1_subscriber2.cpython-312.pyc
/home/ziad/base/mia-final-competition/install/camera_drivers/lib/python3.12/site-packages/camera_drivers/examples/kinect_v1/__pycache__/__init__.cpython-312.pyc
/home/ziad/base/mia-final-competition/install/camera_drivers/lib/python3.12/site-packages/camera_drivers/examples/kinect_v1/__pycache__/kinect_v1_subscriber.cpython-312.pyc
/home/ziad/base/mia-final-competition/install/camera_drivers/lib/python3.12/site-packages/camera_drivers/examples/kinect_v2/__pycache__/kinect_v2_subscriber2.cpython-312.pyc
/home/ziad/base/mia-final-competition/install/camera_drivers/lib/python3.12/site-packages/camera_drivers/examples/kinect_v2/__pycache__/kinect_v2_subscriber.cpython-312.pyc
/home/ziad/base/mia-final-competition/install/camera_drivers/lib/python3.12/site-packages/camera_drivers/python_stereo_camera_calibrate/__pycache__/calib.cpython-312.pyc
/home/ziad/base/mia-final-competition/install/camera_drivers/share/ament_index/resource_index/packages/camera_drivers
/home/ziad/base/mia-final-competition/install/camera_drivers/share/camera_drivers/package.xml
/home/ziad/base/mia-final-competition/install/camera_drivers/lib/python3.12/site-packages/camera_drivers-0.0.0-py3.12.egg-info/zip-safe
/home/ziad/base/mia-final-competition/install/camera_drivers/lib/python3.12/site-packages/camera_drivers-0.0.0-py3.12.egg-info/dependency_links.txt
/home/ziad/base/mia-final-competition/install/camera_drivers/lib/python3.12/site-packages/camera_drivers-0.0.0-py3.12.egg-info/entry_points.txt
/home/ziad/base/mia-final-competition/install/camera_drivers/lib/python3.12/site-packages/camera_drivers-0.0.0-py3.12.egg-info/SOURCES.txt
/home/ziad/base/mia-final-competition/install/camera_drivers/lib/python3.12/site-packages/camera_drivers-0.0.0-py3.12.egg-info/requires.txt
/home/ziad/base/mia-final-competition/install/camera_drivers/lib/python3.12/site-packages/camera_drivers-0.0.0-py3.12.egg-info/top_level.txt
/home/ziad/base/mia-final-competition/install/camera_drivers/lib/python3.12/site-packages/camera_drivers-0.0.0-py3.12.egg-info/PKG-INFO
/home/ziad/base/mia-final-competition/install/camera_drivers/lib/camera_drivers/index_tester
/home/ziad/base/mia-final-competition/install/camera_drivers/lib/camera_drivers/kinect_v1_subscriber
/home/ziad/base/mia-final-competition/install/camera_drivers/lib/camera_drivers/kinect_v1_subscriber2
/home/ziad/base/mia-final-competition/install/camera_drivers/lib/camera_drivers/kinect_v2_subscriber
/home/ziad/base/mia-final-competition/install/camera_drivers/lib/camera_drivers/kinect_v2_subscriber2
/home/ziad/base/mia-final-competition/install/camera_drivers/lib/camera_drivers/mono_client
/home/ziad/base/mia-final-competition/install/camera_drivers/lib/camera_drivers/mono_getter
/home/ziad/base/mia-final-competition/install/camera_drivers/lib/camera_drivers/mono_publisher
/home/ziad/base/mia-final-competition/install/camera_drivers/lib/camera_drivers/mono_server
/home/ziad/base/mia-final-competition/install/camera_drivers/lib/camera_drivers/mono_subscriber
/home/ziad/base/mia-final-competition/install/camera_drivers/lib/camera_drivers/stereo_client
/home/ziad/base/mia-final-competition/install/camera_drivers/lib/camera_drivers/stereo_getter
/home/ziad/base/mia-final-competition/install/camera_drivers/lib/camera_drivers/stereo_publisher
/home/ziad/base/mia-final-competition/install/camera_drivers/lib/camera_drivers/stereo_server
/home/ziad/base/mia-final-competition/install/camera_drivers/lib/camera_drivers/stereo_subscriber
